2026-07-13 09:25:39.931 +05:30 [INF] Executed DbCommand (45ms) [Parameters=[@cutoff='?' (DbType = DateTime2)], CommandType='"Text"', CommandTimeout='30']
DELETE FROM [n]
FROM [Notifications] AS [n]
WHERE [n].[CreatedAt] < @cutoff
2026-07-13 09:55:15.946 +05:30 [INF] User profile is available. Using 'C:\Users\310466\AppData\Local\ASP.NET\DataProtection-Keys' as key repository and Windows DPAPI to encrypt keys at rest.
2026-07-13 09:55:23.053 +05:30 [INF] Executed DbCommand (102ms) [Parameters=[], CommandType='"Text"', CommandTimeout='30']
SELECT 1
2026-07-13 09:55:23.332 +05:30 [INF] Executed DbCommand (218ms) [Parameters=[], CommandType='"Text"', CommandTimeout='30']

IF EXISTS
    (SELECT *
     FROM [sys].[objects] o
     WHERE [o].[type] = 'U'
     AND [o].[is_ms_shipped] = 0
     AND [o].[object_id] NOT IN (SELECT [ep].[major_id]
        FROM [sys].[extended_properties] AS [ep]
        WHERE [ep].[minor_id] = 0
            AND [ep].[class] = 1
            AND [ep].[name] = N'microsoft_database_tools_support'
    )
)
SELECT 1 ELSE SELECT 0
2026-07-13 09:55:24.791 +05:30 [INF] Executed DbCommand (86ms) [Parameters=[@normalizedName='?' (Size = 256)], CommandType='"Text"', CommandTimeout='30']
SELECT TOP(1) [a].[Id], [a].[ConcurrencyStamp], [a].[Name], [a].[NormalizedName]
FROM [AspNetRoles] AS [a]
WHERE [a].[NormalizedName] = @normalizedName
2026-07-13 09:55:25.074 +05:30 [INF] Executed DbCommand (2ms) [Parameters=[@normalizedName='?' (Size = 256)], CommandType='"Text"', CommandTimeout='30']
SELECT TOP(1) [a].[Id], [a].[ConcurrencyStamp], [a].[Name], [a].[NormalizedName]
FROM [AspNetRoles] AS [a]
WHERE [a].[NormalizedName] = @normalizedName
2026-07-13 09:55:25.088 +05:30 [INF] Executed DbCommand (2ms) [Parameters=[@normalizedName='?' (Size = 256)], CommandType='"Text"', CommandTimeout='30']
SELECT TOP(1) [a].[Id], [a].[ConcurrencyStamp], [a].[Name], [a].[NormalizedName]
FROM [AspNetRoles] AS [a]
WHERE [a].[NormalizedName] = @normalizedName
2026-07-13 09:55:25.167 +05:30 [INF] Executed DbCommand (15ms) [Parameters=[@normalizedEmail='?' (Size = 256)], CommandType='"Text"', CommandTimeout='30']
SELECT TOP(2) [a].[Id], [a].[AccessFailedCount], [a].[ConcurrencyStamp], [a].[Email], [a].[EmailConfirmed], [a].[LockoutEnabled], [a].[LockoutEnd], [a].[NormalizedEmail], [a].[NormalizedUserName], [a].[PasswordHash], [a].[PhoneNumber], [a].[PhoneNumberConfirmed], [a].[SecurityStamp], [a].[TwoFactorEnabled], [a].[UserName]
FROM [AspNetUsers] AS [a]
WHERE [a].[NormalizedEmail] = @normalizedEmail
2026-07-13 09:55:25.459 +05:30 [INF] Executed DbCommand (3ms) [Parameters=[@normalizedEmail='?' (Size = 256)], CommandType='"Text"', CommandTimeout='30']
SELECT TOP(2) [a].[Id], [a].[AccessFailedCount], [a].[ConcurrencyStamp], [a].[Email], [a].[EmailConfirmed], [a].[LockoutEnabled], [a].[LockoutEnd], [a].[NormalizedEmail], [a].[NormalizedUserName], [a].[PasswordHash], [a].[PhoneNumber], [a].[PhoneNumberConfirmed], [a].[SecurityStamp], [a].[TwoFactorEnabled], [a].[UserName]
FROM [AspNetUsers] AS [a]
WHERE [a].[NormalizedEmail] = @normalizedEmail
2026-07-13 09:55:25.474 +05:30 [INF] Executed DbCommand (1ms) [Parameters=[@normalizedEmail='?' (Size = 256)], CommandType='"Text"', CommandTimeout='30']
SELECT TOP(2) [a].[Id], [a].[AccessFailedCount], [a].[ConcurrencyStamp], [a].[Email], [a].[EmailConfirmed], [a].[LockoutEnabled], [a].[LockoutEnd], [a].[NormalizedEmail], [a].[NormalizedUserName], [a].[PasswordHash], [a].[PhoneNumber], [a].[PhoneNumberConfirmed], [a].[SecurityStamp], [a].[TwoFactorEnabled], [a].[UserName]
FROM [AspNetUsers] AS [a]
WHERE [a].[NormalizedEmail] = @normalizedEmail
2026-07-13 09:55:25.666 +05:30 [INF] Executed DbCommand (10ms) [Parameters=[], CommandType='"Text"', CommandTimeout='30']
SELECT CASE
    WHEN EXISTS (
        SELECT 1
        FROM [Appointments] AS [a]) THEN CAST(1 AS bit)
    ELSE CAST(0 AS bit)
END
2026-07-13 09:55:26.596 +05:30 [INF] Configured endpoint AppointmentBooked, Consumer: HealthCare.Api.Consumers.AppointmentBookedConsumer
2026-07-13 09:55:26.806 +05:30 [INF] NotificationCleanupService started.
2026-07-13 09:55:27.602 +05:30 [INF] Embedded Garnet server started on port 3278
2026-07-13 09:55:27.909 +05:30 [INF] Now listening on: https://localhost:7223
2026-07-13 09:55:27.912 +05:30 [INF] Now listening on: http://localhost:5090
2026-07-13 09:55:27.976 +05:30 [INF] Application started. Press Ctrl+C to shut down.
2026-07-13 09:55:27.980 +05:30 [INF] Hosting environment: Development
2026-07-13 09:55:27.982 +05:30 [INF] Content root path: C:\Users\310466\Desktop\HealthCare\HealthCare.Api
2026-07-13 09:55:27.994 +05:30 [INF] Bus started: "rabbitmq://localhost/"
2026-07-13 09:56:21.471 +05:30 [INF] Request starting HTTP/2 OPTIONS https://localhost:7223/api/auth/login - null null
2026-07-13 09:56:21.660 +05:30 [INF] CORS policy execution successful.
2026-07-13 09:56:21.694 +05:30 [INF] HTTP OPTIONS /api/auth/login responded 204 in 158.5260 ms
2026-07-13 09:56:21.714 +05:30 [INF] Request finished HTTP/2 OPTIONS https://localhost:7223/api/auth/login - 204 null null 252.1736ms
2026-07-13 09:56:21.732 +05:30 [INF] Request starting HTTP/2 POST https://localhost:7223/api/auth/login - application/json 54
2026-07-13 09:56:21.774 +05:30 [INF] CORS policy execution successful.
2026-07-13 09:56:21.836 +05:30 [INF] Executing endpoint 'HealthCare.Api.Controllers.AuthController.Login (HealthCare.Api)'
2026-07-13 09:56:21.932 +05:30 [INF] Route matched with {action = "Login", controller = "Auth"}. Executing controller action with signature System.Threading.Tasks.Task`1[Microsoft.AspNetCore.Mvc.IActionResult] Login(HealthCare.Shared.DTOs.Auth.LoginDto) on controller HealthCare.Api.Controllers.AuthController (HealthCare.Api).
2026-07-13 09:56:22.347 +05:30 [WRN] You do not have a valid license key for the Lucky Penny software AutoMapper. This is allowed for development and testing scenarios. If you are running in production you are required to have a licensed version. Please visit https://luckypennysoftware.com to obtain a valid license.
2026-07-13 09:56:22.811 +05:30 [INF] Executed DbCommand (2ms) [Parameters=[@normalizedEmail='?' (Size = 256)], CommandType='"Text"', CommandTimeout='30']
SELECT TOP(2) [a].[Id], [a].[AccessFailedCount], [a].[ConcurrencyStamp], [a].[Email], [a].[EmailConfirmed], [a].[LockoutEnabled], [a].[LockoutEnd], [a].[NormalizedEmail], [a].[NormalizedUserName], [a].[PasswordHash], [a].[PhoneNumber], [a].[PhoneNumberConfirmed], [a].[SecurityStamp], [a].[TwoFactorEnabled], [a].[UserName]
FROM [AspNetUsers] AS [a]
WHERE [a].[NormalizedEmail] = @normalizedEmail
2026-07-13 09:56:23.517 +05:30 [INF] Executed DbCommand (15ms) [Parameters=[@userId='?' (Size = 450)], CommandType='"Text"', CommandTimeout='30']
SELECT [a0].[Name]
FROM [AspNetUserRoles] AS [a]
INNER JOIN [AspNetRoles] AS [a0] ON [a].[RoleId] = [a0].[Id]
WHERE [a].[UserId] = @userId
2026-07-13 09:56:23.586 +05:30 [INF] Executed DbCommand (15ms) [Parameters=[@userId='?' (Size = 450)], CommandType='"Text"', CommandTimeout='30']
SELECT TOP(1) [p].[PatientId], [p].[CreatedDate], [p].[DateOfBirth], [p].[FullName], [p].[Gender], [p].[InsuranceId], [p].[IsActive], [p].[PhoneNumber], [p].[UserId]
FROM [Patients] AS [p]
WHERE [p].[UserId] = @userId
2026-07-13 09:56:23.837 +05:30 [INF] Executed DbCommand (3ms) [Parameters=[@userId='?' (Size = 450)], CommandType='"Text"', CommandTimeout='30']
SELECT [a0].[Name]
FROM [AspNetUserRoles] AS [a]
INNER JOIN [AspNetRoles] AS [a0] ON [a].[RoleId] = [a0].[Id]
WHERE [a].[UserId] = @userId
2026-07-13 09:56:24.020 +05:30 [INF] Executing OkObjectResult, writing value of type 'HealthCare.Shared.ApiResponse`1[[HealthCare.Shared.DTOs.Auth.AuthResponseDto, HealthCare.Shared, Version=1.0.0.0, Culture=neutral, PublicKeyToken=null]]'.
2026-07-13 09:56:24.097 +05:30 [INF] Executed action HealthCare.Api.Controllers.AuthController.Login (HealthCare.Api) in 2139.2633ms
2026-07-13 09:56:24.104 +05:30 [INF] Executed endpoint 'HealthCare.Api.Controllers.AuthController.Login (HealthCare.Api)'
2026-07-13 09:56:24.121 +05:30 [INF] HTTP POST /api/auth/login responded 200 in 2360.3439 ms
2026-07-13 09:56:24.156 +05:30 [INF] Request finished HTTP/2 POST https://localhost:7223/api/auth/login - 200 null application/json; charset=utf-8 2423.2089ms
2026-07-13 09:56:24.223 +05:30 [INF] Request starting HTTP/2 OPTIONS https://localhost:7223/api/appointments/patient/upcoming - null null
2026-07-13 09:56:24.225 +05:30 [INF] Request starting HTTP/2 OPTIONS https://localhost:7223/api/records/my-records - null null
2026-07-13 09:56:24.243 +05:30 [INF] CORS policy execution successful.
2026-07-13 09:56:24.256 +05:30 [INF] CORS policy execution successful.
2026-07-13 09:56:24.260 +05:30 [INF] HTTP OPTIONS /api/appointments/patient/upcoming responded 204 in 17.8014 ms
2026-07-13 09:56:24.264 +05:30 [INF] HTTP OPTIONS /api/records/my-records responded 204 in 7.5383 ms
2026-07-13 09:56:24.276 +05:30 [INF] Request finished HTTP/2 OPTIONS https://localhost:7223/api/appointments/patient/upcoming - 204 null null 52.5055ms
2026-07-13 09:56:24.279 +05:30 [INF] Request starting HTTP/2 GET https://localhost:7223/api/appointments/patient/upcoming - null null
2026-07-13 09:56:24.284 +05:30 [INF] Request finished HTTP/2 OPTIONS https://localhost:7223/api/records/my-records - 204 null null 58.7615ms
2026-07-13 09:56:24.292 +05:30 [INF] Request starting HTTP/2 GET https://localhost:7223/api/records/my-records - null null
2026-07-13 09:56:24.322 +05:30 [INF] CORS policy execution successful.
2026-07-13 09:56:24.342 +05:30 [INF] CORS policy execution successful.
2026-07-13 09:56:24.631 +05:30 [INF] Executing endpoint 'HealthCare.Api.Controllers.HealthRecordController.GetHealthRecordByPatient (HealthCare.Api)'
2026-07-13 09:56:24.631 +05:30 [INF] Executing endpoint 'HealthCare.Api.Controllers.AppointmentController.GetAppointmentByPatient (HealthCare.Api)'
2026-07-13 09:56:24.665 +05:30 [INF] Route matched with {action = "GetHealthRecordByPatient", controller = "HealthRecord"}. Executing controller action with signature System.Threading.Tasks.Task`1[Microsoft.AspNetCore.Mvc.IActionResult] GetHealthRecordByPatient() on controller HealthCare.Api.Controllers.HealthRecordController (HealthCare.Api).
2026-07-13 09:56:24.667 +05:30 [INF] Route matched with {action = "GetAppointmentByPatient", controller = "Appointment"}. Executing controller action with signature System.Threading.Tasks.Task`1[Microsoft.AspNetCore.Mvc.IActionResult] GetAppointmentByPatient() on controller HealthCare.Api.Controllers.AppointmentController (HealthCare.Api).
2026-07-13 09:56:24.869 +05:30 [INF] Executed DbCommand (33ms) [Parameters=[@id='?' (DbType = Int32)], CommandType='"Text"', CommandTimeout='30']
SELECT [h].[RecordId], [p].[FullName] AS [PatientName], [d].[FullName] AS [DoctorName], [h].[VisitDate], [h].[Diagnosis], [h].[Prescription], [h].[Notes]
FROM [HealthRecords] AS [h]
INNER JOIN [Patients] AS [p] ON [h].[PatientId] = [p].[PatientId]
INNER JOIN [Doctors] AS [d] ON [h].[DoctorId] = [d].[DoctorId]
WHERE [h].[PatientId] = @id
ORDER BY [h].[VisitDate] DESC
2026-07-13 09:56:24.886 +05:30 [INF] Executing OkObjectResult, writing value of type 'HealthCare.Shared.ApiResponse`1[[System.Collections.Generic.List`1[[HealthCare.Shared.DTOs.HealthRecord.HealthRecordListDto, HealthCare.Shared, Version=1.0.0.0, Culture=neutral, PublicKeyToken=null]], System.Private.CoreLib, Version=10.0.0.0, Culture=neutral, PublicKeyToken=7cec85d7bea7798e]]'.
2026-07-13 09:56:24.926 +05:30 [INF] Executed action HealthCare.Api.Controllers.HealthRecordController.GetHealthRecordByPatient (HealthCare.Api) in 251.881ms
2026-07-13 09:56:24.936 +05:30 [INF] Executed endpoint 'HealthCare.Api.Controllers.HealthRecordController.GetHealthRecordByPatient (HealthCare.Api)'
2026-07-13 09:56:24.941 +05:30 [INF] HTTP GET /api/records/my-records responded 200 in 602.7880 ms
2026-07-13 09:56:24.951 +05:30 [INF] Request finished HTTP/2 GET https://localhost:7223/api/records/my-records - 200 null application/json; charset=utf-8 659.0469ms
2026-07-13 09:56:25.626 +05:30 [INF] Executed DbCommand (20ms) [Parameters=[@id='?' (DbType = Int32)], CommandType='"Text"', CommandTimeout='30']
SELECT [a].[AppointmentId], [a].[PatientId], [p].[FullName] AS [PatientName], [d].[FullName] AS [DoctorName], [a].[ScheduledDate], [a].[TimeSlot], [a].[Status]
FROM [Appointments] AS [a]
INNER JOIN [Patients] AS [p] ON [a].[PatientId] = [p].[PatientId]
INNER JOIN [Doctors] AS [d] ON [a].[DoctorId] = [d].[DoctorId]
WHERE [a].[PatientId] = @id AND [a].[ScheduledDate] >= CAST(CONVERT(date, GETDATE()) AS date)
2026-07-13 09:56:25.640 +05:30 [INF] Executing OkObjectResult, writing value of type 'HealthCare.Shared.ApiResponse`1[[System.Collections.Generic.List`1[[HealthCare.Shared.DTOs.Appointment.AppointmentListDto, HealthCare.Shared, Version=1.0.0.0, Culture=neutral, PublicKeyToken=null]], System.Private.CoreLib, Version=10.0.0.0, Culture=neutral, PublicKeyToken=7cec85d7bea7798e]]'.
2026-07-13 09:56:25.661 +05:30 [INF] Executed action HealthCare.Api.Controllers.AppointmentController.GetAppointmentByPatient (HealthCare.Api) in 977.8868ms
2026-07-13 09:56:25.671 +05:30 [INF] Executed endpoint 'HealthCare.Api.Controllers.AppointmentController.GetAppointmentByPatient (HealthCare.Api)'
2026-07-13 09:56:25.677 +05:30 [INF] HTTP GET /api/appointments/patient/upcoming responded 200 in 1366.2899 ms
2026-07-13 09:56:25.687 +05:30 [INF] Request finished HTTP/2 GET https://localhost:7223/api/appointments/patient/upcoming - 200 null application/json; charset=utf-8 1406.7213ms
2026-07-13 09:56:36.505 +05:30 [INF] Request starting HTTP/2 OPTIONS https://localhost:7223/api/doctors/available?specialisation=Cardiology&date=2026-07-24 - null null
2026-07-13 09:56:36.519 +05:30 [INF] CORS policy execution successful.
2026-07-13 09:56:36.521 +05:30 [INF] HTTP OPTIONS /api/doctors/available responded 204 in 2.9815 ms
2026-07-13 09:56:36.547 +05:30 [INF] Request finished HTTP/2 OPTIONS https://localhost:7223/api/doctors/available?specialisation=Cardiology&date=2026-07-24 - 204 null null 41.8383ms
2026-07-13 09:56:36.552 +05:30 [INF] Request starting HTTP/2 GET https://localhost:7223/api/doctors/available?specialisation=Cardiology&date=2026-07-24 - null null
2026-07-13 09:56:36.568 +05:30 [INF] CORS policy execution successful.
2026-07-13 09:56:36.590 +05:30 [INF] Executing endpoint 'HealthCare.Api.Controllers.DoctorController.GetAvailableDoctors (HealthCare.Api)'
2026-07-13 09:56:36.621 +05:30 [INF] Route matched with {action = "GetAvailableDoctors", controller = "Doctor"}. Executing controller action with signature System.Threading.Tasks.Task`1[Microsoft.AspNetCore.Mvc.IActionResult] GetAvailableDoctors(System.String, System.DateOnly) on controller HealthCare.Api.Controllers.DoctorController (HealthCare.Api).
2026-07-13 09:56:37.725 +05:30 [INF] Executed DbCommand (53ms) [Parameters=[@specialisation='?' (Size = 50), @date='?' (DbType = Date)], CommandType='"Text"', CommandTimeout='30']
SELECT [d].[DoctorId], [d].[FullName], [d].[Specialisation], [d].[YearsOfExperience], [d].[ConsultationFee], [d].[IsActive]
FROM [Doctors] AS [d]
WHERE [d].[Specialisation] = @specialisation AND [d].[IsActive] = CAST(1 AS bit) AND NOT EXISTS (
    SELECT 1
    FROM [DoctorLeaves] AS [d0]
    WHERE [d].[DoctorId] = [d0].[DoctorId] AND [d0].[LeaveDate] = @date) AND EXISTS (
    SELECT 1
    FROM (
        SELECT [a].[TimeSlot]
        FROM [AvailableSlots] AS [a]
        WHERE [d].[DoctorId] = [a].[DoctorId]
        EXCEPT
        SELECT [a0].[TimeSlot]
        FROM [Appointments] AS [a0]
        WHERE [d].[DoctorId] = [a0].[DoctorId] AND [a0].[ScheduledDate] = @date AND [a0].[Status] <> N'Cancelled'
    ) AS [e])
2026-07-13 09:56:37.924 +05:30 [INF] Executing OkObjectResult, writing value of type 'HealthCare.Shared.ApiResponse`1[[System.Collections.Generic.List`1[[HealthCare.Shared.DTOs.Doctor.DoctorListDto, HealthCare.Shared, Version=1.0.0.0, Culture=neutral, PublicKeyToken=null]], System.Private.CoreLib, Version=10.0.0.0, Culture=neutral, PublicKeyToken=7cec85d7bea7798e]]'.
2026-07-13 09:56:37.937 +05:30 [INF] Executed action HealthCare.Api.Controllers.DoctorController.GetAvailableDoctors (HealthCare.Api) in 1308.1953ms
2026-07-13 09:56:37.942 +05:30 [INF] Executed endpoint 'HealthCare.Api.Controllers.DoctorController.GetAvailableDoctors (HealthCare.Api)'
2026-07-13 09:56:37.946 +05:30 [INF] HTTP GET /api/doctors/available responded 200 in 1381.0850 ms
2026-07-13 09:56:37.954 +05:30 [INF] Request finished HTTP/2 GET https://localhost:7223/api/doctors/available?specialisation=Cardiology&date=2026-07-24 - 200 null application/json; charset=utf-8 1402.7768ms
2026-07-13 09:56:48.329 +05:30 [INF] Request starting HTTP/2 OPTIONS https://localhost:7223/api/doctors/available?specialisation=Cardiology&date=2026-07-24 - null null
2026-07-13 09:56:48.345 +05:30 [INF] CORS policy execution successful.
2026-07-13 09:56:48.350 +05:30 [INF] HTTP OPTIONS /api/doctors/available responded 204 in 5.1892 ms
2026-07-13 09:56:48.361 +05:30 [INF] Request finished HTTP/2 OPTIONS https://localhost:7223/api/doctors/available?specialisation=Cardiology&date=2026-07-24 - 204 null null 31.7525ms
2026-07-13 09:56:48.367 +05:30 [INF] Request starting HTTP/2 GET https://localhost:7223/api/doctors/available?specialisation=Cardiology&date=2026-07-24 - null null
2026-07-13 09:56:48.391 +05:30 [INF] CORS policy execution successful.
2026-07-13 09:56:48.397 +05:30 [INF] Executing endpoint 'HealthCare.Api.Controllers.DoctorController.GetAvailableDoctors (HealthCare.Api)'
2026-07-13 09:56:48.403 +05:30 [INF] Route matched with {action = "GetAvailableDoctors", controller = "Doctor"}. Executing controller action with signature System.Threading.Tasks.Task`1[Microsoft.AspNetCore.Mvc.IActionResult] GetAvailableDoctors(System.String, System.DateOnly) on controller HealthCare.Api.Controllers.DoctorController (HealthCare.Api).
2026-07-13 09:56:48.447 +05:30 [INF] Executing OkObjectResult, writing value of type 'HealthCare.Shared.ApiResponse`1[[System.Collections.Generic.List`1[[HealthCare.Shared.DTOs.Doctor.DoctorListDto, HealthCare.Shared, Version=1.0.0.0, Culture=neutral, PublicKeyToken=null]], System.Private.CoreLib, Version=10.0.0.0, Culture=neutral, PublicKeyToken=7cec85d7bea7798e]]'.
2026-07-13 09:56:48.455 +05:30 [INF] Executed action HealthCare.Api.Controllers.DoctorController.GetAvailableDoctors (HealthCare.Api) in 44.891ms
2026-07-13 09:56:48.459 +05:30 [INF] Executed endpoint 'HealthCare.Api.Controllers.DoctorController.GetAvailableDoctors (HealthCare.Api)'
2026-07-13 09:56:48.463 +05:30 [INF] HTTP GET /api/doctors/available responded 200 in 72.3643 ms
2026-07-13 09:56:48.470 +05:30 [INF] Request finished HTTP/2 GET https://localhost:7223/api/doctors/available?specialisation=Cardiology&date=2026-07-24 - 200 null application/json; charset=utf-8 103.4991ms
2026-07-13 09:57:17.328 +05:30 [INF] Request starting HTTP/2 OPTIONS https://localhost:7223/api/appointments/available-slots?doctorId=3&date=2026-07-24 - null null
2026-07-13 09:57:17.354 +05:30 [INF] CORS policy execution successful.
2026-07-13 09:57:17.359 +05:30 [INF] HTTP OPTIONS /api/appointments/available-slots responded 204 in 4.4788 ms
2026-07-13 09:57:17.371 +05:30 [INF] Request finished HTTP/2 OPTIONS https://localhost:7223/api/appointments/available-slots?doctorId=3&date=2026-07-24 - 204 null null 42.158ms
2026-07-13 09:57:17.375 +05:30 [INF] Request starting HTTP/2 GET https://localhost:7223/api/appointments/available-slots?doctorId=3&date=2026-07-24 - null null
2026-07-13 09:57:17.400 +05:30 [INF] CORS policy execution successful.
2026-07-13 09:57:17.405 +05:30 [INF] Executing endpoint 'HealthCare.Api.Controllers.AppointmentController.GetAvailableSlots (HealthCare.Api)'
2026-07-13 09:57:17.433 +05:30 [INF] Route matched with {action = "GetAvailableSlots", controller = "Appointment"}. Executing controller action with signature System.Threading.Tasks.Task`1[Microsoft.AspNetCore.Mvc.IActionResult] GetAvailableSlots(System.DateOnly, Int32) on controller HealthCare.Api.Controllers.AppointmentController (HealthCare.Api).
2026-07-13 09:57:17.492 +05:30 [INF] Executed DbCommand (8ms) [Parameters=[@doctorId='?' (DbType = Int32)], CommandType='"Text"', CommandTimeout='30']
SELECT [a].[TimeSlot]
FROM [AvailableSlots] AS [a]
WHERE [a].[DoctorId] = @doctorId
2026-07-13 09:57:17.528 +05:30 [INF] Executed DbCommand (11ms) [Parameters=[@date='?' (DbType = Date), @doctorId='?' (DbType = Int32)], CommandType='"Text"', CommandTimeout='30']
SELECT [a].[TimeSlot]
FROM [Appointments] AS [a]
WHERE [a].[ScheduledDate] = @date AND [a].[DoctorId] = @doctorId AND [a].[Status] <> N'Cancelled'
2026-07-13 09:57:17.540 +05:30 [INF] Executing OkObjectResult, writing value of type 'HealthCare.Shared.ApiResponse`1[[System.Collections.Generic.List`1[[System.String, System.Private.CoreLib, Version=10.0.0.0, Culture=neutral, PublicKeyToken=7cec85d7bea7798e]], System.Private.CoreLib, Version=10.0.0.0, Culture=neutral, PublicKeyToken=7cec85d7bea7798e]]'.
2026-07-13 09:57:17.553 +05:30 [INF] Executed action HealthCare.Api.Controllers.AppointmentController.GetAvailableSlots (HealthCare.Api) in 107.9744ms
2026-07-13 09:57:17.560 +05:30 [INF] Executed endpoint 'HealthCare.Api.Controllers.AppointmentController.GetAvailableSlots (HealthCare.Api)'
2026-07-13 09:57:17.566 +05:30 [INF] HTTP GET /api/appointments/available-slots responded 200 in 167.0166 ms
2026-07-13 09:57:17.577 +05:30 [INF] Request finished HTTP/2 GET https://localhost:7223/api/appointments/available-slots?doctorId=3&date=2026-07-24 - 200 null application/json; charset=utf-8 202.1449ms
2026-07-13 10:00:11.058 +05:30 [INF] Request starting HTTP/2 OPTIONS https://localhost:7223/api/appointments/book - null null
2026-07-13 10:00:11.076 +05:30 [INF] CORS policy execution successful.
2026-07-13 10:00:11.078 +05:30 [INF] HTTP OPTIONS /api/appointments/book responded 204 in 2.2598 ms
2026-07-13 10:00:11.087 +05:30 [INF] Request finished HTTP/2 OPTIONS https://localhost:7223/api/appointments/book - 204 null null 28.4503ms
2026-07-13 10:00:11.095 +05:30 [INF] Request starting HTTP/2 POST https://localhost:7223/api/appointments/book - application/json 62
2026-07-13 10:00:11.111 +05:30 [INF] CORS policy execution successful.
2026-07-13 10:00:11.116 +05:30 [INF] Executing endpoint 'HealthCare.Api.Controllers.AppointmentController.BookAppointment (HealthCare.Api)'
2026-07-13 10:00:11.143 +05:30 [INF] Route matched with {action = "BookAppointment", controller = "Appointment"}. Executing controller action with signature System.Threading.Tasks.Task`1[Microsoft.AspNetCore.Mvc.IActionResult] BookAppointment(HealthCare.Shared.DTOs.Appointment.CreateAppointmentDto) on controller HealthCare.Api.Controllers.AppointmentController (HealthCare.Api).
2026-07-13 10:00:11.303 +05:30 [INF] Executed DbCommand (19ms) [Parameters=[@date='?' (DbType = Date), @doctorId='?' (DbType = Int32), @timeSlot='?' (Size = 20)], CommandType='"Text"', CommandTimeout='30']
SELECT CASE
    WHEN EXISTS (
        SELECT 1
        FROM [Appointments] AS [a]
        WHERE [a].[ScheduledDate] = @date AND [a].[DoctorId] = @doctorId AND [a].[TimeSlot] = @timeSlot AND [a].[Status] <> N'Cancelled') THEN CAST(1 AS bit)
    ELSE CAST(0 AS bit)
END
2026-07-13 10:00:11.944 +05:30 [INF] Executed DbCommand (17ms) [Parameters=[@p0='?' (Size = 500), @p1='?' (DbType = DateTimeOffset), @p2='?' (DbType = Int32), @p3='?' (DbType = Int32), @p4='?' (DbType = Date), @p5='?' (Size = 20), @p6='?' (Size = 20)], CommandType='"Text"', CommandTimeout='30']
SET IMPLICIT_TRANSACTIONS OFF;
SET NOCOUNT ON;
INSERT INTO [Appointments] ([CancellationReason], [CreatedDate], [DoctorId], [PatientId], [ScheduledDate], [Status], [TimeSlot])
OUTPUT INSERTED.[AppointmentId]
VALUES (@p0, @p1, @p2, @p3, @p4, @p5, @p6);
2026-07-13 10:00:12.134 +05:30 [INF] Executed DbCommand (5ms) [Parameters=[@p='?' (DbType = Int32)], CommandType='"Text"', CommandTimeout='30']
SELECT TOP(1) [p].[PatientId], [p].[CreatedDate], [p].[DateOfBirth], [p].[FullName], [p].[Gender], [p].[InsuranceId], [p].[IsActive], [p].[PhoneNumber], [p].[UserId]
FROM [Patients] AS [p]
WHERE [p].[PatientId] = @p
2026-07-13 10:00:12.770 +05:30 [INF] Appointment 44 booked by Patient 3 with Doctor 3 on "2026-07-24" at 10:00
2026-07-13 10:00:12.808 +05:30 [INF] Executing OkObjectResult, writing value of type 'HealthCare.Shared.ApiResponse'.
2026-07-13 10:00:12.825 +05:30 [INF] Executed action HealthCare.Api.Controllers.AppointmentController.BookAppointment (HealthCare.Api) in 1673.007ms
2026-07-13 10:00:12.846 +05:30 [INF] Executed endpoint 'HealthCare.Api.Controllers.AppointmentController.BookAppointment (HealthCare.Api)'
2026-07-13 10:00:12.851 +05:30 [INF] HTTP POST /api/appointments/book responded 200 in 1740.9515 ms
2026-07-13 10:00:12.857 +05:30 [INF] Processing AppointmentBooked: 44 for Doctor 3
2026-07-13 10:00:12.860 +05:30 [INF] Request finished HTTP/2 POST https://localhost:7223/api/appointments/book - 200 null application/json; charset=utf-8 1764.5093ms
2026-07-13 10:00:12.987 +05:30 [INF] Executed DbCommand (37ms) [Parameters=[@p0='?' (DbType = DateTime2), @p1='?' (DbType = Boolean), @p2='?' (Size = 500), @p3='?' (Size = 4000)], CommandType='"Text"', CommandTimeout='30']
SET IMPLICIT_TRANSACTIONS OFF;
SET NOCOUNT ON;
INSERT INTO [Notifications] ([CreatedAt], [IsRead], [Message], [UserId])
OUTPUT INSERTED.[NotificationId]
VALUES (@p0, @p1, @p2, @p3);
2026-07-13 10:00:13.314 +05:30 [INF] Notification created for Appointment 44
2026-07-13 10:11:39.451 +05:30 [INF] Request starting HTTP/2 OPTIONS https://localhost:7223/api/auth/login - null null
2026-07-13 10:11:39.455 +05:30 [INF] CORS policy execution successful.
2026-07-13 10:11:39.457 +05:30 [INF] HTTP OPTIONS /api/auth/login responded 204 in 2.1184 ms
2026-07-13 10:11:39.459 +05:30 [INF] Request finished HTTP/2 OPTIONS https://localhost:7223/api/auth/login - 204 null null 7.7363ms
2026-07-13 10:11:39.461 +05:30 [INF] Request starting HTTP/2 POST https://localhost:7223/api/auth/login - application/json 54
2026-07-13 10:11:39.465 +05:30 [INF] CORS policy execution successful.
2026-07-13 10:11:39.466 +05:30 [INF] Executing endpoint 'HealthCare.Api.Controllers.AuthController.Login (HealthCare.Api)'
2026-07-13 10:11:39.468 +05:30 [INF] Route matched with {action = "Login", controller = "Auth"}. Executing controller action with signature System.Threading.Tasks.Task`1[Microsoft.AspNetCore.Mvc.IActionResult] Login(HealthCare.Shared.DTOs.Auth.LoginDto) on controller HealthCare.Api.Controllers.AuthController (HealthCare.Api).
2026-07-13 10:11:39.743 +05:30 [INF] Executed DbCommand (13ms) [Parameters=[@normalizedEmail='?' (Size = 256)], CommandType='"Text"', CommandTimeout='30']
SELECT TOP(2) [a].[Id], [a].[AccessFailedCount], [a].[ConcurrencyStamp], [a].[Email], [a].[EmailConfirmed], [a].[LockoutEnabled], [a].[LockoutEnd], [a].[NormalizedEmail], [a].[NormalizedUserName], [a].[PasswordHash], [a].[PhoneNumber], [a].[PhoneNumberConfirmed], [a].[SecurityStamp], [a].[TwoFactorEnabled], [a].[UserName]
FROM [AspNetUsers] AS [a]
WHERE [a].[NormalizedEmail] = @normalizedEmail
2026-07-13 10:11:39.839 +05:30 [INF] Executed DbCommand (5ms) [Parameters=[@userId='?' (Size = 450)], CommandType='"Text"', CommandTimeout='30']
SELECT [a0].[Name]
FROM [AspNetUserRoles] AS [a]
INNER JOIN [AspNetRoles] AS [a0] ON [a].[RoleId] = [a0].[Id]
WHERE [a].[UserId] = @userId
2026-07-13 10:11:39.849 +05:30 [INF] Executed DbCommand (6ms) [Parameters=[@userId='?' (Size = 450)], CommandType='"Text"', CommandTimeout='30']
SELECT TOP(1) [p].[PatientId], [p].[CreatedDate], [p].[DateOfBirth], [p].[FullName], [p].[Gender], [p].[InsuranceId], [p].[IsActive], [p].[PhoneNumber], [p].[UserId]
FROM [Patients] AS [p]
WHERE [p].[UserId] = @userId
2026-07-13 10:11:39.852 +05:30 [INF] Executed DbCommand (0ms) [Parameters=[@userId='?' (Size = 450)], CommandType='"Text"', CommandTimeout='30']
SELECT [a0].[Name]
FROM [AspNetUserRoles] AS [a]
INNER JOIN [AspNetRoles] AS [a0] ON [a].[RoleId] = [a0].[Id]
WHERE [a].[UserId] = @userId
2026-07-13 10:11:39.855 +05:30 [INF] Executing OkObjectResult, writing value of type 'HealthCare.Shared.ApiResponse`1[[HealthCare.Shared.DTOs.Auth.AuthResponseDto, HealthCare.Shared, Version=1.0.0.0, Culture=neutral, PublicKeyToken=null]]'.
2026-07-13 10:11:39.857 +05:30 [INF] Executed action HealthCare.Api.Controllers.AuthController.Login (HealthCare.Api) in 387.5839ms
2026-07-13 10:11:39.858 +05:30 [INF] Executed endpoint 'HealthCare.Api.Controllers.AuthController.Login (HealthCare.Api)'
2026-07-13 10:11:39.859 +05:30 [INF] HTTP POST /api/auth/login responded 200 in 394.5280 ms
2026-07-13 10:11:39.862 +05:30 [INF] Request finished HTTP/2 POST https://localhost:7223/api/auth/login - 200 null application/json; charset=utf-8 400.9689ms
2026-07-13 10:11:39.891 +05:30 [INF] Request starting HTTP/2 OPTIONS https://localhost:7223/api/appointments/patient/upcoming - null null
2026-07-13 10:11:39.891 +05:30 [INF] Request starting HTTP/2 OPTIONS https://localhost:7223/api/records/my-records - null null
2026-07-13 10:11:39.895 +05:30 [INF] CORS policy execution successful.
2026-07-13 10:11:39.898 +05:30 [INF] CORS policy execution successful.
2026-07-13 10:11:39.899 +05:30 [INF] HTTP OPTIONS /api/appointments/patient/upcoming responded 204 in 3.3309 ms
2026-07-13 10:11:39.900 +05:30 [INF] HTTP OPTIONS /api/records/my-records responded 204 in 1.7852 ms
2026-07-13 10:11:39.902 +05:30 [INF] Request finished HTTP/2 OPTIONS https://localhost:7223/api/appointments/patient/upcoming - 204 null null 11.0113ms
2026-07-13 10:11:39.905 +05:30 [INF] Request finished HTTP/2 OPTIONS https://localhost:7223/api/records/my-records - 204 null null 13.2193ms
2026-07-13 10:11:39.906 +05:30 [INF] Request starting HTTP/2 GET https://localhost:7223/api/appointments/patient/upcoming - null null
2026-07-13 10:11:39.907 +05:30 [INF] Request starting HTTP/2 GET https://localhost:7223/api/records/my-records - null null
2026-07-13 10:11:39.914 +05:30 [INF] CORS policy execution successful.
2026-07-13 10:11:39.917 +05:30 [INF] CORS policy execution successful.
2026-07-13 10:11:39.918 +05:30 [INF] Executing endpoint 'HealthCare.Api.Controllers.AppointmentController.GetAppointmentByPatient (HealthCare.Api)'
2026-07-13 10:11:39.919 +05:30 [INF] Executing endpoint 'HealthCare.Api.Controllers.HealthRecordController.GetHealthRecordByPatient (HealthCare.Api)'
2026-07-13 10:11:39.920 +05:30 [INF] Route matched with {action = "GetAppointmentByPatient", controller = "Appointment"}. Executing controller action with signature System.Threading.Tasks.Task`1[Microsoft.AspNetCore.Mvc.IActionResult] GetAppointmentByPatient() on controller HealthCare.Api.Controllers.AppointmentController (HealthCare.Api).
2026-07-13 10:11:39.921 +05:30 [INF] Route matched with {action = "GetHealthRecordByPatient", controller = "HealthRecord"}. Executing controller action with signature System.Threading.Tasks.Task`1[Microsoft.AspNetCore.Mvc.IActionResult] GetHealthRecordByPatient() on controller HealthCare.Api.Controllers.HealthRecordController (HealthCare.Api).
2026-07-13 10:11:39.933 +05:30 [INF] Executed DbCommand (7ms) [Parameters=[@id='?' (DbType = Int32)], CommandType='"Text"', CommandTimeout='30']
SELECT [a].[AppointmentId], [a].[PatientId], [p].[FullName] AS [PatientName], [d].[FullName] AS [DoctorName], [a].[ScheduledDate], [a].[TimeSlot], [a].[Status]
FROM [Appointments] AS [a]
INNER JOIN [Patients] AS [p] ON [a].[PatientId] = [p].[PatientId]
INNER JOIN [Doctors] AS [d] ON [a].[DoctorId] = [d].[DoctorId]
WHERE [a].[PatientId] = @id AND [a].[ScheduledDate] >= CAST(CONVERT(date, GETDATE()) AS date)
2026-07-13 10:11:39.935 +05:30 [INF] Executing OkObjectResult, writing value of type 'HealthCare.Shared.ApiResponse`1[[System.Collections.Generic.List`1[[HealthCare.Shared.DTOs.Appointment.AppointmentListDto, HealthCare.Shared, Version=1.0.0.0, Culture=neutral, PublicKeyToken=null]], System.Private.CoreLib, Version=10.0.0.0, Culture=neutral, PublicKeyToken=7cec85d7bea7798e]]'.
2026-07-13 10:11:39.937 +05:30 [INF] Executed action HealthCare.Api.Controllers.AppointmentController.GetAppointmentByPatient (HealthCare.Api) in 14.2298ms
2026-07-13 10:11:39.939 +05:30 [INF] Executed endpoint 'HealthCare.Api.Controllers.AppointmentController.GetAppointmentByPatient (HealthCare.Api)'
2026-07-13 10:11:39.940 +05:30 [INF] HTTP GET /api/appointments/patient/upcoming responded 200 in 26.5780 ms
2026-07-13 10:11:39.943 +05:30 [INF] Request finished HTTP/2 GET https://localhost:7223/api/appointments/patient/upcoming - 200 null application/json; charset=utf-8 37.1105ms
2026-07-13 10:11:40.151 +05:30 [INF] Executed DbCommand (10ms) [Parameters=[@id='?' (DbType = Int32)], CommandType='"Text"', CommandTimeout='30']
SELECT [h].[RecordId], [p].[FullName] AS [PatientName], [d].[FullName] AS [DoctorName], [h].[VisitDate], [h].[Diagnosis], [h].[Prescription], [h].[Notes]
FROM [HealthRecords] AS [h]
INNER JOIN [Patients] AS [p] ON [h].[PatientId] = [p].[PatientId]
INNER JOIN [Doctors] AS [d] ON [h].[DoctorId] = [d].[DoctorId]
WHERE [h].[PatientId] = @id
ORDER BY [h].[VisitDate] DESC
2026-07-13 10:11:40.155 +05:30 [INF] Executing OkObjectResult, writing value of type 'HealthCare.Shared.ApiResponse`1[[System.Collections.Generic.List`1[[HealthCare.Shared.DTOs.HealthRecord.HealthRecordListDto, HealthCare.Shared, Version=1.0.0.0, Culture=neutral, PublicKeyToken=null]], System.Private.CoreLib, Version=10.0.0.0, Culture=neutral, PublicKeyToken=7cec85d7bea7798e]]'.
2026-07-13 10:11:40.158 +05:30 [INF] Executed action HealthCare.Api.Controllers.HealthRecordController.GetHealthRecordByPatient (HealthCare.Api) in 232.7832ms
2026-07-13 10:11:40.160 +05:30 [INF] Executed endpoint 'HealthCare.Api.Controllers.HealthRecordController.GetHealthRecordByPatient (HealthCare.Api)'
2026-07-13 10:11:40.161 +05:30 [INF] HTTP GET /api/records/my-records responded 200 in 244.4033 ms
2026-07-13 10:11:40.163 +05:30 [INF] Request finished HTTP/2 GET https://localhost:7223/api/records/my-records - 200 null application/json; charset=utf-8 255.7051ms
2026-07-13 10:11:46.349 +05:30 [INF] Request starting HTTP/2 OPTIONS https://localhost:7223/api/doctors/available?specialisation=Cardiology&date=2026-07-24 - null null
2026-07-13 10:11:46.354 +05:30 [INF] CORS policy execution successful.
2026-07-13 10:11:46.355 +05:30 [INF] HTTP OPTIONS /api/doctors/available responded 204 in 0.9921 ms
2026-07-13 10:11:46.357 +05:30 [INF] Request finished HTTP/2 OPTIONS https://localhost:7223/api/doctors/available?specialisation=Cardiology&date=2026-07-24 - 204 null null 8.0292ms
2026-07-13 10:11:46.359 +05:30 [INF] Request starting HTTP/2 GET https://localhost:7223/api/doctors/available?specialisation=Cardiology&date=2026-07-24 - null null
2026-07-13 10:11:46.363 +05:30 [INF] CORS policy execution successful.
2026-07-13 10:11:46.365 +05:30 [INF] Executing endpoint 'HealthCare.Api.Controllers.DoctorController.GetAvailableDoctors (HealthCare.Api)'
2026-07-13 10:11:46.366 +05:30 [INF] Route matched with {action = "GetAvailableDoctors", controller = "Doctor"}. Executing controller action with signature System.Threading.Tasks.Task`1[Microsoft.AspNetCore.Mvc.IActionResult] GetAvailableDoctors(System.String, System.DateOnly) on controller HealthCare.Api.Controllers.DoctorController (HealthCare.Api).
2026-07-13 10:11:46.386 +05:30 [INF] Executed DbCommand (14ms) [Parameters=[@specialisation='?' (Size = 50), @date='?' (DbType = Date)], CommandType='"Text"', CommandTimeout='30']
SELECT [d].[DoctorId], [d].[FullName], [d].[Specialisation], [d].[YearsOfExperience], [d].[ConsultationFee], [d].[IsActive]
FROM [Doctors] AS [d]
WHERE [d].[Specialisation] = @specialisation AND [d].[IsActive] = CAST(1 AS bit) AND NOT EXISTS (
    SELECT 1
    FROM [DoctorLeaves] AS [d0]
    WHERE [d].[DoctorId] = [d0].[DoctorId] AND [d0].[LeaveDate] = @date) AND EXISTS (
    SELECT 1
    FROM (
        SELECT [a].[TimeSlot]
        FROM [AvailableSlots] AS [a]
        WHERE [d].[DoctorId] = [a].[DoctorId]
        EXCEPT
        SELECT [a0].[TimeSlot]
        FROM [Appointments] AS [a0]
        WHERE [d].[DoctorId] = [a0].[DoctorId] AND [a0].[ScheduledDate] = @date AND [a0].[Status] <> N'Cancelled'
    ) AS [e])
2026-07-13 10:11:46.391 +05:30 [INF] Executing OkObjectResult, writing value of type 'HealthCare.Shared.ApiResponse`1[[System.Collections.Generic.List`1[[HealthCare.Shared.DTOs.Doctor.DoctorListDto, HealthCare.Shared, Version=1.0.0.0, Culture=neutral, PublicKeyToken=null]], System.Private.CoreLib, Version=10.0.0.0, Culture=neutral, PublicKeyToken=7cec85d7bea7798e]]'.
2026-07-13 10:11:46.393 +05:30 [INF] Executed action HealthCare.Api.Controllers.DoctorController.GetAvailableDoctors (HealthCare.Api) in 24.4241ms
2026-07-13 10:11:46.394 +05:30 [INF] Executed endpoint 'HealthCare.Api.Controllers.DoctorController.GetAvailableDoctors (HealthCare.Api)'
2026-07-13 10:11:46.396 +05:30 [INF] HTTP GET /api/doctors/available responded 200 in 32.2765 ms
2026-07-13 10:11:46.398 +05:30 [INF] Request finished HTTP/2 GET https://localhost:7223/api/doctors/available?specialisation=Cardiology&date=2026-07-24 - 200 null application/json; charset=utf-8 38.2535ms
2026-07-13 10:11:48.158 +05:30 [INF] Request starting HTTP/2 GET https://localhost:7223/api/doctors/available?specialisation=Cardiology&date=2026-07-24 - null null
2026-07-13 10:11:48.162 +05:30 [INF] CORS policy execution successful.
2026-07-13 10:11:48.163 +05:30 [INF] Executing endpoint 'HealthCare.Api.Controllers.DoctorController.GetAvailableDoctors (HealthCare.Api)'
2026-07-13 10:11:48.164 +05:30 [INF] Route matched with {action = "GetAvailableDoctors", controller = "Doctor"}. Executing controller action with signature System.Threading.Tasks.Task`1[Microsoft.AspNetCore.Mvc.IActionResult] GetAvailableDoctors(System.String, System.DateOnly) on controller HealthCare.Api.Controllers.DoctorController (HealthCare.Api).
2026-07-13 10:11:48.169 +05:30 [INF] Executing OkObjectResult, writing value of type 'HealthCare.Shared.ApiResponse`1[[System.Collections.Generic.List`1[[HealthCare.Shared.DTOs.Doctor.DoctorListDto, HealthCare.Shared, Version=1.0.0.0, Culture=neutral, PublicKeyToken=null]], System.Private.CoreLib, Version=10.0.0.0, Culture=neutral, PublicKeyToken=7cec85d7bea7798e]]'.
2026-07-13 10:11:48.170 +05:30 [INF] Executed action HealthCare.Api.Controllers.DoctorController.GetAvailableDoctors (HealthCare.Api) in 4.0324ms
2026-07-13 10:11:48.172 +05:30 [INF] Executed endpoint 'HealthCare.Api.Controllers.DoctorController.GetAvailableDoctors (HealthCare.Api)'
2026-07-13 10:11:48.173 +05:30 [INF] HTTP GET /api/doctors/available responded 200 in 11.9079 ms
2026-07-13 10:11:48.176 +05:30 [INF] Request finished HTTP/2 GET https://localhost:7223/api/doctors/available?specialisation=Cardiology&date=2026-07-24 - 200 null application/json; charset=utf-8 17.4142ms
2026-07-13 10:11:48.429 +05:30 [INF] Request starting HTTP/2 GET https://localhost:7223/api/doctors/available?specialisation=Cardiology&date=2026-07-24 - null null
2026-07-13 10:11:48.434 +05:30 [INF] CORS policy execution successful.
2026-07-13 10:11:48.436 +05:30 [INF] Executing endpoint 'HealthCare.Api.Controllers.DoctorController.GetAvailableDoctors (HealthCare.Api)'
2026-07-13 10:11:48.438 +05:30 [INF] Route matched with {action = "GetAvailableDoctors", controller = "Doctor"}. Executing controller action with signature System.Threading.Tasks.Task`1[Microsoft.AspNetCore.Mvc.IActionResult] GetAvailableDoctors(System.String, System.DateOnly) on controller HealthCare.Api.Controllers.DoctorController (HealthCare.Api).
2026-07-13 10:11:48.442 +05:30 [INF] Executing OkObjectResult, writing value of type 'HealthCare.Shared.ApiResponse`1[[System.Collections.Generic.List`1[[HealthCare.Shared.DTOs.Doctor.DoctorListDto, HealthCare.Shared, Version=1.0.0.0, Culture=neutral, PublicKeyToken=null]], System.Private.CoreLib, Version=10.0.0.0, Culture=neutral, PublicKeyToken=7cec85d7bea7798e]]'.
2026-07-13 10:11:48.444 +05:30 [INF] Executed action HealthCare.Api.Controllers.DoctorController.GetAvailableDoctors (HealthCare.Api) in 3.7395ms
2026-07-13 10:11:48.445 +05:30 [INF] Executed endpoint 'HealthCare.Api.Controllers.DoctorController.GetAvailableDoctors (HealthCare.Api)'
2026-07-13 10:11:48.447 +05:30 [INF] HTTP GET /api/doctors/available responded 200 in 12.8952 ms
2026-07-13 10:11:48.449 +05:30 [INF] Request finished HTTP/2 GET https://localhost:7223/api/doctors/available?specialisation=Cardiology&date=2026-07-24 - 200 null application/json; charset=utf-8 19.5857ms
