2026-07-17 17:00:03.962 +05:30 [INF] User profile is available. Using 'C:\Users\310466\AppData\Local\ASP.NET\DataProtection-Keys' as key repository and Windows DPAPI to encrypt keys at rest.
2026-07-17 17:00:08.776 +05:30 [INF] Executed DbCommand (55ms) [Parameters=[], CommandType='"Text"', CommandTimeout='30']
SELECT 1
2026-07-17 17:00:08.914 +05:30 [INF] Executed DbCommand (111ms) [Parameters=[], CommandType='"Text"', CommandTimeout='30']

IF EXISTS
    (SELECT *
     FROM [sys].[objects] o
     WHERE [o].[type] = 'U'
     AND [o].[is_ms_shipped] = 0
     AND [o].[object_id] NOT IN (SELECT [ep].[major_id]
        FROM [sys].[extended_properties] AS [ep]
        WHERE [ep].[minor_id] = 0
            AND [ep].[class] = 1
            AND [ep].[name] = N'microsoft_database_tools_support'
    )
)
SELECT 1 ELSE SELECT 0
2026-07-17 17:00:09.435 +05:30 [INF] Executed DbCommand (36ms) [Parameters=[@normalizedName='?' (Size = 256)], CommandType='"Text"', CommandTimeout='30']
SELECT TOP(1) [a].[Id], [a].[ConcurrencyStamp], [a].[Name], [a].[NormalizedName]
FROM [AspNetRoles] AS [a]
WHERE [a].[NormalizedName] = @normalizedName
2026-07-17 17:00:09.522 +05:30 [INF] Executed DbCommand (3ms) [Parameters=[@normalizedName='?' (Size = 256)], CommandType='"Text"', CommandTimeout='30']
SELECT TOP(1) [a].[Id], [a].[ConcurrencyStamp], [a].[Name], [a].[NormalizedName]
FROM [AspNetRoles] AS [a]
WHERE [a].[NormalizedName] = @normalizedName
2026-07-17 17:00:09.527 +05:30 [INF] Executed DbCommand (1ms) [Parameters=[@normalizedName='?' (Size = 256)], CommandType='"Text"', CommandTimeout='30']
SELECT TOP(1) [a].[Id], [a].[ConcurrencyStamp], [a].[Name], [a].[NormalizedName]
FROM [AspNetRoles] AS [a]
WHERE [a].[NormalizedName] = @normalizedName
2026-07-17 17:00:09.554 +05:30 [INF] Executed DbCommand (4ms) [Parameters=[@normalizedEmail='?' (Size = 256)], CommandType='"Text"', CommandTimeout='30']
SELECT TOP(2) [a].[Id], [a].[AccessFailedCount], [a].[ConcurrencyStamp], [a].[Email], [a].[EmailConfirmed], [a].[LockoutEnabled], [a].[LockoutEnd], [a].[NormalizedEmail], [a].[NormalizedUserName], [a].[PasswordHash], [a].[PhoneNumber], [a].[PhoneNumberConfirmed], [a].[SecurityStamp], [a].[TwoFactorEnabled], [a].[UserName]
FROM [AspNetUsers] AS [a]
WHERE [a].[NormalizedEmail] = @normalizedEmail
2026-07-17 17:00:09.627 +05:30 [INF] Executed DbCommand (6ms) [Parameters=[@normalizedEmail='?' (Size = 256)], CommandType='"Text"', CommandTimeout='30']
SELECT TOP(2) [a].[Id], [a].[AccessFailedCount], [a].[ConcurrencyStamp], [a].[Email], [a].[EmailConfirmed], [a].[LockoutEnabled], [a].[LockoutEnd], [a].[NormalizedEmail], [a].[NormalizedUserName], [a].[PasswordHash], [a].[PhoneNumber], [a].[PhoneNumberConfirmed], [a].[SecurityStamp], [a].[TwoFactorEnabled], [a].[UserName]
FROM [AspNetUsers] AS [a]
WHERE [a].[NormalizedEmail] = @normalizedEmail
2026-07-17 17:00:09.638 +05:30 [INF] Executed DbCommand (5ms) [Parameters=[@normalizedEmail='?' (Size = 256)], CommandType='"Text"', CommandTimeout='30']
SELECT TOP(2) [a].[Id], [a].[AccessFailedCount], [a].[ConcurrencyStamp], [a].[Email], [a].[EmailConfirmed], [a].[LockoutEnabled], [a].[LockoutEnd], [a].[NormalizedEmail], [a].[NormalizedUserName], [a].[PasswordHash], [a].[PhoneNumber], [a].[PhoneNumberConfirmed], [a].[SecurityStamp], [a].[TwoFactorEnabled], [a].[UserName]
FROM [AspNetUsers] AS [a]
WHERE [a].[NormalizedEmail] = @normalizedEmail
2026-07-17 17:00:09.716 +05:30 [INF] Executed DbCommand (5ms) [Parameters=[], CommandType='"Text"', CommandTimeout='30']
SELECT CASE
    WHEN EXISTS (
        SELECT 1
        FROM [Appointments] AS [a]) THEN CAST(1 AS bit)
    ELSE CAST(0 AS bit)
END
2026-07-17 17:00:10.306 +05:30 [INF] Configured endpoint AppointmentBooked, Consumer: HealthCare.Api.Consumers.AppointmentBookedConsumer
2026-07-17 17:00:10.496 +05:30 [INF] NotificationCleanupService started.
2026-07-17 17:00:11.168 +05:30 [INF] Embedded Garnet server started on port 3278
2026-07-17 17:00:11.453 +05:30 [INF] Now listening on: https://localhost:7223
2026-07-17 17:00:11.457 +05:30 [INF] Now listening on: http://localhost:5090
2026-07-17 17:00:11.501 +05:30 [INF] Application started. Press Ctrl+C to shut down.
2026-07-17 17:00:11.503 +05:30 [INF] Hosting environment: Development
2026-07-17 17:00:11.505 +05:30 [INF] Content root path: C:\Users\310466\Desktop\HealthCare\HealthCare.Api
2026-07-17 17:00:11.908 +05:30 [INF] Bus started: "rabbitmq://localhost/"
2026-07-17 17:04:07.040 +05:30 [INF] Request starting HTTP/2 OPTIONS https://localhost:7223/api/auth/login - null null
2026-07-17 17:04:07.101 +05:30 [INF] CORS policy execution successful.
2026-07-17 17:04:07.107 +05:30 [INF] HTTP OPTIONS /api/auth/login responded 204 in 42.6028 ms
2026-07-17 17:04:07.112 +05:30 [INF] Request finished HTTP/2 OPTIONS https://localhost:7223/api/auth/login - 204 null null 75.1591ms
2026-07-17 17:04:07.118 +05:30 [INF] Request starting HTTP/2 POST https://localhost:7223/api/auth/login - application/json 54
2026-07-17 17:04:07.127 +05:30 [INF] CORS policy execution successful.
2026-07-17 17:04:07.144 +05:30 [INF] Executing endpoint 'HealthCare.Api.Controllers.AuthController.Login (HealthCare.Api)'
2026-07-17 17:04:07.169 +05:30 [INF] Route matched with {action = "Login", controller = "Auth"}. Executing controller action with signature System.Threading.Tasks.Task`1[Microsoft.AspNetCore.Mvc.IActionResult] Login(HealthCare.Shared.DTOs.Auth.LoginDto) on controller HealthCare.Api.Controllers.AuthController (HealthCare.Api).
2026-07-17 17:04:07.281 +05:30 [WRN] You do not have a valid license key for the Lucky Penny software AutoMapper. This is allowed for development and testing scenarios. If you are running in production you are required to have a licensed version. Please visit https://luckypennysoftware.com to obtain a valid license.
2026-07-17 17:04:07.441 +05:30 [INF] Executed DbCommand (8ms) [Parameters=[@normalizedEmail='?' (Size = 256)], CommandType='"Text"', CommandTimeout='30']
SELECT TOP(2) [a].[Id], [a].[AccessFailedCount], [a].[ConcurrencyStamp], [a].[Email], [a].[EmailConfirmed], [a].[LockoutEnabled], [a].[LockoutEnd], [a].[NormalizedEmail], [a].[NormalizedUserName], [a].[PasswordHash], [a].[PhoneNumber], [a].[PhoneNumberConfirmed], [a].[SecurityStamp], [a].[TwoFactorEnabled], [a].[UserName]
FROM [AspNetUsers] AS [a]
WHERE [a].[NormalizedEmail] = @normalizedEmail
2026-07-17 17:04:07.634 +05:30 [INF] Executed DbCommand (20ms) [Parameters=[@userId='?' (Size = 450)], CommandType='"Text"', CommandTimeout='30']
SELECT [a0].[Name]
FROM [AspNetUserRoles] AS [a]
INNER JOIN [AspNetRoles] AS [a0] ON [a].[RoleId] = [a0].[Id]
WHERE [a].[UserId] = @userId
2026-07-17 17:04:07.673 +05:30 [INF] Executed DbCommand (13ms) [Parameters=[@userId='?' (Size = 450)], CommandType='"Text"', CommandTimeout='30']
SELECT TOP(1) [p].[PatientId], [p].[CreatedDate], [p].[DateOfBirth], [p].[FullName], [p].[Gender], [p].[InsuranceId], [p].[IsActive], [p].[PhoneNumber], [p].[UserId]
FROM [Patients] AS [p]
WHERE [p].[UserId] = @userId
2026-07-17 17:04:07.773 +05:30 [INF] Executed DbCommand (1ms) [Parameters=[@userId='?' (Size = 450)], CommandType='"Text"', CommandTimeout='30']
SELECT [a0].[Name]
FROM [AspNetUserRoles] AS [a]
INNER JOIN [AspNetRoles] AS [a0] ON [a].[RoleId] = [a0].[Id]
WHERE [a].[UserId] = @userId
2026-07-17 17:04:07.844 +05:30 [INF] Executing OkObjectResult, writing value of type 'HealthCare.Shared.ApiResponse`1[[HealthCare.Shared.DTOs.Auth.AuthResponseDto, HealthCare.Shared, Version=1.0.0.0, Culture=neutral, PublicKeyToken=null]]'.
2026-07-17 17:04:07.875 +05:30 [INF] Executed action HealthCare.Api.Controllers.AuthController.Login (HealthCare.Api) in 693.136ms
2026-07-17 17:04:07.879 +05:30 [INF] Executed endpoint 'HealthCare.Api.Controllers.AuthController.Login (HealthCare.Api)'
2026-07-17 17:04:07.881 +05:30 [INF] HTTP POST /api/auth/login responded 200 in 756.4405 ms
2026-07-17 17:04:07.889 +05:30 [INF] Request finished HTTP/2 POST https://localhost:7223/api/auth/login - 200 null application/json; charset=utf-8 770.4529ms
2026-07-17 17:04:07.924 +05:30 [INF] Request starting HTTP/2 OPTIONS https://localhost:7223/api/records/my-records - null null
2026-07-17 17:04:07.924 +05:30 [INF] Request starting HTTP/2 OPTIONS https://localhost:7223/api/appointments/patient/upcoming - null null
2026-07-17 17:04:07.927 +05:30 [INF] CORS policy execution successful.
2026-07-17 17:04:07.929 +05:30 [INF] CORS policy execution successful.
2026-07-17 17:04:07.930 +05:30 [INF] HTTP OPTIONS /api/records/my-records responded 204 in 3.0054 ms
2026-07-17 17:04:07.931 +05:30 [INF] HTTP OPTIONS /api/appointments/patient/upcoming responded 204 in 1.9440 ms
2026-07-17 17:04:07.932 +05:30 [INF] Request finished HTTP/2 OPTIONS https://localhost:7223/api/records/my-records - 204 null null 7.957ms
2026-07-17 17:04:07.934 +05:30 [INF] Request finished HTTP/2 OPTIONS https://localhost:7223/api/appointments/patient/upcoming - 204 null null 9.751ms
2026-07-17 17:04:07.935 +05:30 [INF] Request starting HTTP/2 GET https://localhost:7223/api/records/my-records - null null
2026-07-17 17:04:07.936 +05:30 [INF] Request starting HTTP/2 GET https://localhost:7223/api/appointments/patient/upcoming - null null
2026-07-17 17:04:07.944 +05:30 [INF] CORS policy execution successful.
2026-07-17 17:04:07.945 +05:30 [INF] CORS policy execution successful.
2026-07-17 17:04:08.019 +05:30 [INF] Executing endpoint 'HealthCare.Api.Controllers.HealthRecordController.GetHealthRecordByPatient (HealthCare.Api)'
2026-07-17 17:04:08.019 +05:30 [INF] Executing endpoint 'HealthCare.Api.Controllers.AppointmentController.GetAppointmentByPatient (HealthCare.Api)'
2026-07-17 17:04:08.028 +05:30 [INF] Route matched with {action = "GetAppointmentByPatient", controller = "Appointment"}. Executing controller action with signature System.Threading.Tasks.Task`1[Microsoft.AspNetCore.Mvc.IActionResult] GetAppointmentByPatient() on controller HealthCare.Api.Controllers.AppointmentController (HealthCare.Api).
2026-07-17 17:04:08.028 +05:30 [INF] Route matched with {action = "GetHealthRecordByPatient", controller = "HealthRecord"}. Executing controller action with signature System.Threading.Tasks.Task`1[Microsoft.AspNetCore.Mvc.IActionResult] GetHealthRecordByPatient() on controller HealthCare.Api.Controllers.HealthRecordController (HealthCare.Api).
2026-07-17 17:04:08.105 +05:30 [INF] Executed DbCommand (19ms) [Parameters=[@id='?' (DbType = Int32)], CommandType='"Text"', CommandTimeout='30']
SELECT [h].[RecordId], [p].[FullName] AS [PatientName], [d].[FullName] AS [DoctorName], [h].[VisitDate], [h].[Diagnosis], [h].[Prescription], [h].[Notes]
FROM [HealthRecords] AS [h]
INNER JOIN [Patients] AS [p] ON [h].[PatientId] = [p].[PatientId]
INNER JOIN [Doctors] AS [d] ON [h].[DoctorId] = [d].[DoctorId]
WHERE [h].[PatientId] = @id
ORDER BY [h].[VisitDate] DESC
2026-07-17 17:04:08.109 +05:30 [INF] Executing OkObjectResult, writing value of type 'HealthCare.Shared.ApiResponse`1[[System.Collections.Generic.List`1[[HealthCare.Shared.DTOs.HealthRecord.HealthRecordListDto, HealthCare.Shared, Version=1.0.0.0, Culture=neutral, PublicKeyToken=null]], System.Private.CoreLib, Version=10.0.0.0, Culture=neutral, PublicKeyToken=7cec85d7bea7798e]]'.
2026-07-17 17:04:08.119 +05:30 [INF] Executed action HealthCare.Api.Controllers.HealthRecordController.GetHealthRecordByPatient (HealthCare.Api) in 86.575ms
2026-07-17 17:04:08.120 +05:30 [INF] Executed endpoint 'HealthCare.Api.Controllers.HealthRecordController.GetHealthRecordByPatient (HealthCare.Api)'
2026-07-17 17:04:08.121 +05:30 [INF] HTTP GET /api/records/my-records responded 200 in 179.7102 ms
2026-07-17 17:04:08.123 +05:30 [INF] Request finished HTTP/2 GET https://localhost:7223/api/records/my-records - 200 null application/json; charset=utf-8 188.2603ms
2026-07-17 17:04:08.287 +05:30 [INF] Executed DbCommand (12ms) [Parameters=[@id='?' (DbType = Int32)], CommandType='"Text"', CommandTimeout='30']
SELECT [a].[AppointmentId], [a].[PatientId], [p].[FullName] AS [PatientName], [d].[FullName] AS [DoctorName], [a].[ScheduledDate], [a].[TimeSlot], [a].[Status]
FROM [Appointments] AS [a]
INNER JOIN [Patients] AS [p] ON [a].[PatientId] = [p].[PatientId]
INNER JOIN [Doctors] AS [d] ON [a].[DoctorId] = [d].[DoctorId]
WHERE [a].[PatientId] = @id AND [a].[ScheduledDate] >= CAST(CONVERT(date, GETDATE()) AS date)
2026-07-17 17:04:08.293 +05:30 [INF] Executing OkObjectResult, writing value of type 'HealthCare.Shared.ApiResponse`1[[System.Collections.Generic.List`1[[HealthCare.Shared.DTOs.Appointment.AppointmentListDto, HealthCare.Shared, Version=1.0.0.0, Culture=neutral, PublicKeyToken=null]], System.Private.CoreLib, Version=10.0.0.0, Culture=neutral, PublicKeyToken=7cec85d7bea7798e]]'.
2026-07-17 17:04:08.297 +05:30 [INF] Executed action HealthCare.Api.Controllers.AppointmentController.GetAppointmentByPatient (HealthCare.Api) in 267.0569ms
2026-07-17 17:04:08.299 +05:30 [INF] Executed endpoint 'HealthCare.Api.Controllers.AppointmentController.GetAppointmentByPatient (HealthCare.Api)'
2026-07-17 17:04:08.300 +05:30 [INF] HTTP GET /api/appointments/patient/upcoming responded 200 in 356.8414 ms
2026-07-17 17:04:08.302 +05:30 [INF] Request finished HTTP/2 GET https://localhost:7223/api/appointments/patient/upcoming - 200 null application/json; charset=utf-8 365.3926ms
2026-07-17 17:04:15.489 +05:30 [INF] Request starting HTTP/2 OPTIONS https://localhost:7223/api/doctors/available?specialisation=Cardiology&date=2026-07-30 - null null
2026-07-17 17:04:15.492 +05:30 [INF] CORS policy execution successful.
2026-07-17 17:04:15.493 +05:30 [INF] HTTP OPTIONS /api/doctors/available responded 204 in 0.9978 ms
2026-07-17 17:04:15.496 +05:30 [INF] Request finished HTTP/2 OPTIONS https://localhost:7223/api/doctors/available?specialisation=Cardiology&date=2026-07-30 - 204 null null 6.7714ms
2026-07-17 17:04:15.500 +05:30 [INF] Request starting HTTP/2 GET https://localhost:7223/api/doctors/available?specialisation=Cardiology&date=2026-07-30 - null null
2026-07-17 17:04:15.504 +05:30 [INF] CORS policy execution successful.
2026-07-17 17:04:15.509 +05:30 [INF] Executing endpoint 'HealthCare.Api.Controllers.DoctorController.GetAvailableDoctors (HealthCare.Api)'
2026-07-17 17:04:15.518 +05:30 [INF] Route matched with {action = "GetAvailableDoctors", controller = "Doctor"}. Executing controller action with signature System.Threading.Tasks.Task`1[Microsoft.AspNetCore.Mvc.IActionResult] GetAvailableDoctors(System.String, System.DateOnly) on controller HealthCare.Api.Controllers.DoctorController (HealthCare.Api).
2026-07-17 17:04:15.849 +05:30 [INF] Cache miss for available_doctors:Cardiology:2026-07-30:v0. Querying database.
2026-07-17 17:04:15.964 +05:30 [INF] Executed DbCommand (47ms) [Parameters=[@specialisation='?' (Size = 50), @date='?' (DbType = Date)], CommandType='"Text"', CommandTimeout='30']
SELECT [d].[DoctorId], [d].[FullName], [d].[Specialisation], [d].[YearsOfExperience], [d].[ConsultationFee], [d].[IsActive]
FROM [Doctors] AS [d]
WHERE [d].[Specialisation] = @specialisation AND [d].[IsActive] = CAST(1 AS bit) AND NOT EXISTS (
    SELECT 1
    FROM [DoctorLeaves] AS [d0]
    WHERE [d].[DoctorId] = [d0].[DoctorId] AND [d0].[LeaveDate] = @date) AND EXISTS (
    SELECT 1
    FROM (
        SELECT [a].[TimeSlot]
        FROM [AvailableSlots] AS [a]
        WHERE [d].[DoctorId] = [a].[DoctorId]
        EXCEPT
        SELECT [a0].[TimeSlot]
        FROM [Appointments] AS [a0]
        WHERE [d].[DoctorId] = [a0].[DoctorId] AND [a0].[ScheduledDate] = @date AND [a0].[Status] <> N'Cancelled'
    ) AS [e])
2026-07-17 17:04:16.028 +05:30 [INF] Executing OkObjectResult, writing value of type 'HealthCare.Shared.ApiResponse`1[[System.Collections.Generic.List`1[[HealthCare.Shared.DTOs.Doctor.DoctorListDto, HealthCare.Shared, Version=1.0.0.0, Culture=neutral, PublicKeyToken=null]], System.Private.CoreLib, Version=10.0.0.0, Culture=neutral, PublicKeyToken=7cec85d7bea7798e]]'.
2026-07-17 17:04:16.032 +05:30 [INF] Executed action HealthCare.Api.Controllers.DoctorController.GetAvailableDoctors (HealthCare.Api) in 511.5149ms
2026-07-17 17:04:16.033 +05:30 [INF] Executed endpoint 'HealthCare.Api.Controllers.DoctorController.GetAvailableDoctors (HealthCare.Api)'
2026-07-17 17:04:16.035 +05:30 [INF] HTTP GET /api/doctors/available responded 200 in 531.1430 ms
2026-07-17 17:04:16.037 +05:30 [INF] Request finished HTTP/2 GET https://localhost:7223/api/doctors/available?specialisation=Cardiology&date=2026-07-30 - 200 null application/json; charset=utf-8 536.4003ms
2026-07-17 17:04:16.656 +05:30 [INF] Request starting HTTP/2 OPTIONS https://localhost:7223/api/appointments/available-slots?doctorId=3&date=2026-07-30 - null null
2026-07-17 17:04:16.659 +05:30 [INF] CORS policy execution successful.
2026-07-17 17:04:16.660 +05:30 [INF] HTTP OPTIONS /api/appointments/available-slots responded 204 in 1.5692 ms
2026-07-17 17:04:16.662 +05:30 [INF] Request finished HTTP/2 OPTIONS https://localhost:7223/api/appointments/available-slots?doctorId=3&date=2026-07-30 - 204 null null 5.4466ms
2026-07-17 17:04:16.666 +05:30 [INF] Request starting HTTP/2 GET https://localhost:7223/api/appointments/available-slots?doctorId=3&date=2026-07-30 - null null
2026-07-17 17:04:16.669 +05:30 [INF] CORS policy execution successful.
2026-07-17 17:04:16.670 +05:30 [INF] Executing endpoint 'HealthCare.Api.Controllers.AppointmentController.GetAvailableSlots (HealthCare.Api)'
2026-07-17 17:04:16.678 +05:30 [INF] Route matched with {action = "GetAvailableSlots", controller = "Appointment"}. Executing controller action with signature System.Threading.Tasks.Task`1[Microsoft.AspNetCore.Mvc.IActionResult] GetAvailableSlots(System.DateOnly, Int32) on controller HealthCare.Api.Controllers.AppointmentController (HealthCare.Api).
2026-07-17 17:04:16.693 +05:30 [INF] Executed DbCommand (2ms) [Parameters=[@doctorId='?' (DbType = Int32)], CommandType='"Text"', CommandTimeout='30']
SELECT [a].[TimeSlot]
FROM [AvailableSlots] AS [a]
WHERE [a].[DoctorId] = @doctorId
2026-07-17 17:04:16.703 +05:30 [INF] Executed DbCommand (3ms) [Parameters=[@date='?' (DbType = Date), @doctorId='?' (DbType = Int32)], CommandType='"Text"', CommandTimeout='30']
SELECT [a].[TimeSlot]
FROM [Appointments] AS [a]
WHERE [a].[ScheduledDate] = @date AND [a].[DoctorId] = @doctorId AND [a].[Status] <> N'Cancelled'
2026-07-17 17:04:16.705 +05:30 [INF] Executing OkObjectResult, writing value of type 'HealthCare.Shared.ApiResponse`1[[System.Collections.Generic.List`1[[System.String, System.Private.CoreLib, Version=10.0.0.0, Culture=neutral, PublicKeyToken=7cec85d7bea7798e]], System.Private.CoreLib, Version=10.0.0.0, Culture=neutral, PublicKeyToken=7cec85d7bea7798e]]'.
2026-07-17 17:04:16.708 +05:30 [INF] Executed action HealthCare.Api.Controllers.AppointmentController.GetAvailableSlots (HealthCare.Api) in 27.7582ms
2026-07-17 17:04:16.709 +05:30 [INF] Executed endpoint 'HealthCare.Api.Controllers.AppointmentController.GetAvailableSlots (HealthCare.Api)'
2026-07-17 17:04:16.710 +05:30 [INF] HTTP GET /api/appointments/available-slots responded 200 in 40.7547 ms
2026-07-17 17:04:16.711 +05:30 [INF] Request finished HTTP/2 GET https://localhost:7223/api/appointments/available-slots?doctorId=3&date=2026-07-30 - 200 null application/json; charset=utf-8 44.6294ms
2026-07-17 17:04:18.340 +05:30 [INF] Request starting HTTP/2 OPTIONS https://localhost:7223/api/appointments/book - null null
2026-07-17 17:04:18.347 +05:30 [INF] CORS policy execution successful.
2026-07-17 17:04:18.348 +05:30 [INF] HTTP OPTIONS /api/appointments/book responded 204 in 1.2390 ms
2026-07-17 17:04:18.350 +05:30 [INF] Request finished HTTP/2 OPTIONS https://localhost:7223/api/appointments/book - 204 null null 10.279ms
2026-07-17 17:04:18.352 +05:30 [INF] Request starting HTTP/2 POST https://localhost:7223/api/appointments/book - application/json 62
2026-07-17 17:04:18.356 +05:30 [INF] CORS policy execution successful.
2026-07-17 17:04:18.358 +05:30 [INF] Executing endpoint 'HealthCare.Api.Controllers.AppointmentController.BookAppointment (HealthCare.Api)'
2026-07-17 17:04:18.363 +05:30 [INF] Route matched with {action = "BookAppointment", controller = "Appointment"}. Executing controller action with signature System.Threading.Tasks.Task`1[Microsoft.AspNetCore.Mvc.IActionResult] BookAppointment(HealthCare.Shared.DTOs.Appointment.CreateAppointmentDto) on controller HealthCare.Api.Controllers.AppointmentController (HealthCare.Api).
2026-07-17 17:04:18.388 +05:30 [INF] Executed DbCommand (4ms) [Parameters=[@date='?' (DbType = Date), @doctorId='?' (DbType = Int32), @timeSlot='?' (Size = 20)], CommandType='"Text"', CommandTimeout='30']
SELECT CASE
    WHEN EXISTS (
        SELECT 1
        FROM [Appointments] AS [a]
        WHERE [a].[ScheduledDate] = @date AND [a].[DoctorId] = @doctorId AND [a].[TimeSlot] = @timeSlot AND [a].[Status] <> N'Cancelled') THEN CAST(1 AS bit)
    ELSE CAST(0 AS bit)
END
2026-07-17 17:04:18.552 +05:30 [INF] Executed DbCommand (24ms) [Parameters=[@p0='?' (Size = 500), @p1='?' (DbType = DateTimeOffset), @p2='?' (DbType = Int32), @p3='?' (DbType = Int32), @p4='?' (DbType = Date), @p5='?' (Size = 20), @p6='?' (Size = 20)], CommandType='"Text"', CommandTimeout='30']
SET IMPLICIT_TRANSACTIONS OFF;
SET NOCOUNT ON;
INSERT INTO [Appointments] ([CancellationReason], [CreatedDate], [DoctorId], [PatientId], [ScheduledDate], [Status], [TimeSlot])
OUTPUT INSERTED.[AppointmentId]
VALUES (@p0, @p1, @p2, @p3, @p4, @p5, @p6);
2026-07-17 17:04:18.601 +05:30 [INF] Executed DbCommand (3ms) [Parameters=[@p='?' (DbType = Int32)], CommandType='"Text"', CommandTimeout='30']
SELECT TOP(1) [p].[PatientId], [p].[CreatedDate], [p].[DateOfBirth], [p].[FullName], [p].[Gender], [p].[InsuranceId], [p].[IsActive], [p].[PhoneNumber], [p].[UserId]
FROM [Patients] AS [p]
WHERE [p].[PatientId] = @p
2026-07-17 17:04:18.785 +05:30 [INF] Appointment 49 booked by Patient 3 with Doctor 3 on "2026-07-30" at 10:00
2026-07-17 17:04:18.788 +05:30 [INF] Executing OkObjectResult, writing value of type 'HealthCare.Shared.ApiResponse'.
2026-07-17 17:04:18.791 +05:30 [INF] Executed action HealthCare.Api.Controllers.AppointmentController.BookAppointment (HealthCare.Api) in 425.904ms
2026-07-17 17:04:18.793 +05:30 [INF] Executed endpoint 'HealthCare.Api.Controllers.AppointmentController.BookAppointment (HealthCare.Api)'
2026-07-17 17:04:18.795 +05:30 [INF] HTTP POST /api/appointments/book responded 200 in 438.6246 ms
2026-07-17 17:04:18.797 +05:30 [INF] Request finished HTTP/2 POST https://localhost:7223/api/appointments/book - 200 null application/json; charset=utf-8 445.4236ms
2026-07-17 17:04:18.849 +05:30 [INF] Processing AppointmentBooked: 49 for Doctor 3
2026-07-17 17:04:18.900 +05:30 [INF] Executed DbCommand (12ms) [Parameters=[@p0='?' (DbType = DateTime2), @p1='?' (DbType = Boolean), @p2='?' (Size = 500), @p3='?' (Size = 4000)], CommandType='"Text"', CommandTimeout='30']
SET IMPLICIT_TRANSACTIONS OFF;
SET NOCOUNT ON;
INSERT INTO [Notifications] ([CreatedAt], [IsRead], [Message], [UserId])
OUTPUT INSERTED.[NotificationId]
VALUES (@p0, @p1, @p2, @p3);
2026-07-17 17:04:18.908 +05:30 [INF] Notification created for Appointment 49
2026-07-17 17:04:20.056 +05:30 [INF] Request starting HTTP/2 OPTIONS https://localhost:7223/api/appointments/patient/upcoming - null null
2026-07-17 17:04:20.062 +05:30 [INF] CORS policy execution successful.
2026-07-17 17:04:20.063 +05:30 [INF] HTTP OPTIONS /api/appointments/patient/upcoming responded 204 in 1.6178 ms
2026-07-17 17:04:20.065 +05:30 [INF] Request finished HTTP/2 OPTIONS https://localhost:7223/api/appointments/patient/upcoming - 204 null null 9.8872ms
2026-07-17 17:04:20.067 +05:30 [INF] Request starting HTTP/2 GET https://localhost:7223/api/appointments/patient/upcoming - null null
2026-07-17 17:04:20.073 +05:30 [INF] CORS policy execution successful.
2026-07-17 17:04:20.075 +05:30 [INF] Executing endpoint 'HealthCare.Api.Controllers.AppointmentController.GetAppointmentByPatient (HealthCare.Api)'
2026-07-17 17:04:20.077 +05:30 [INF] Route matched with {action = "GetAppointmentByPatient", controller = "Appointment"}. Executing controller action with signature System.Threading.Tasks.Task`1[Microsoft.AspNetCore.Mvc.IActionResult] GetAppointmentByPatient() on controller HealthCare.Api.Controllers.AppointmentController (HealthCare.Api).
2026-07-17 17:04:20.083 +05:30 [INF] Executed DbCommand (1ms) [Parameters=[@id='?' (DbType = Int32)], CommandType='"Text"', CommandTimeout='30']
SELECT [a].[AppointmentId], [a].[PatientId], [p].[FullName] AS [PatientName], [d].[FullName] AS [DoctorName], [a].[ScheduledDate], [a].[TimeSlot], [a].[Status]
FROM [Appointments] AS [a]
INNER JOIN [Patients] AS [p] ON [a].[PatientId] = [p].[PatientId]
INNER JOIN [Doctors] AS [d] ON [a].[DoctorId] = [d].[DoctorId]
WHERE [a].[PatientId] = @id AND [a].[ScheduledDate] >= CAST(CONVERT(date, GETDATE()) AS date)
2026-07-17 17:04:20.085 +05:30 [INF] Executing OkObjectResult, writing value of type 'HealthCare.Shared.ApiResponse`1[[System.Collections.Generic.List`1[[HealthCare.Shared.DTOs.Appointment.AppointmentListDto, HealthCare.Shared, Version=1.0.0.0, Culture=neutral, PublicKeyToken=null]], System.Private.CoreLib, Version=10.0.0.0, Culture=neutral, PublicKeyToken=7cec85d7bea7798e]]'.
2026-07-17 17:04:20.087 +05:30 [INF] Executed action HealthCare.Api.Controllers.AppointmentController.GetAppointmentByPatient (HealthCare.Api) in 7.2228ms
2026-07-17 17:04:20.089 +05:30 [INF] Executed endpoint 'HealthCare.Api.Controllers.AppointmentController.GetAppointmentByPatient (HealthCare.Api)'
2026-07-17 17:04:20.089 +05:30 [INF] HTTP GET /api/appointments/patient/upcoming responded 200 in 16.9440 ms
2026-07-17 17:04:20.091 +05:30 [INF] Request finished HTTP/2 GET https://localhost:7223/api/appointments/patient/upcoming - 200 null application/json; charset=utf-8 24.0638ms
2026-07-17 17:04:20.524 +05:30 [INF] Request starting HTTP/2 OPTIONS https://localhost:7223/api/records/my-records - null null
2026-07-17 17:04:20.527 +05:30 [INF] CORS policy execution successful.
2026-07-17 17:04:20.528 +05:30 [INF] HTTP OPTIONS /api/records/my-records responded 204 in 1.3330 ms
2026-07-17 17:04:20.530 +05:30 [INF] Request finished HTTP/2 OPTIONS https://localhost:7223/api/records/my-records - 204 null null 6.1863ms
2026-07-17 17:04:20.532 +05:30 [INF] Request starting HTTP/2 GET https://localhost:7223/api/records/my-records - null null
2026-07-17 17:04:20.536 +05:30 [INF] CORS policy execution successful.
2026-07-17 17:04:20.537 +05:30 [INF] Executing endpoint 'HealthCare.Api.Controllers.HealthRecordController.GetHealthRecordByPatient (HealthCare.Api)'
2026-07-17 17:04:20.538 +05:30 [INF] Route matched with {action = "GetHealthRecordByPatient", controller = "HealthRecord"}. Executing controller action with signature System.Threading.Tasks.Task`1[Microsoft.AspNetCore.Mvc.IActionResult] GetHealthRecordByPatient() on controller HealthCare.Api.Controllers.HealthRecordController (HealthCare.Api).
2026-07-17 17:04:20.542 +05:30 [INF] Executed DbCommand (1ms) [Parameters=[@id='?' (DbType = Int32)], CommandType='"Text"', CommandTimeout='30']
SELECT [h].[RecordId], [p].[FullName] AS [PatientName], [d].[FullName] AS [DoctorName], [h].[VisitDate], [h].[Diagnosis], [h].[Prescription], [h].[Notes]
FROM [HealthRecords] AS [h]
INNER JOIN [Patients] AS [p] ON [h].[PatientId] = [p].[PatientId]
INNER JOIN [Doctors] AS [d] ON [h].[DoctorId] = [d].[DoctorId]
WHERE [h].[PatientId] = @id
ORDER BY [h].[VisitDate] DESC
2026-07-17 17:04:20.544 +05:30 [INF] Executing OkObjectResult, writing value of type 'HealthCare.Shared.ApiResponse`1[[System.Collections.Generic.List`1[[HealthCare.Shared.DTOs.HealthRecord.HealthRecordListDto, HealthCare.Shared, Version=1.0.0.0, Culture=neutral, PublicKeyToken=null]], System.Private.CoreLib, Version=10.0.0.0, Culture=neutral, PublicKeyToken=7cec85d7bea7798e]]'.
2026-07-17 17:04:20.546 +05:30 [INF] Executed action HealthCare.Api.Controllers.HealthRecordController.GetHealthRecordByPatient (HealthCare.Api) in 6.1873ms
2026-07-17 17:04:20.547 +05:30 [INF] Executed endpoint 'HealthCare.Api.Controllers.HealthRecordController.GetHealthRecordByPatient (HealthCare.Api)'
2026-07-17 17:04:20.548 +05:30 [INF] HTTP GET /api/records/my-records responded 200 in 12.7723 ms
2026-07-17 17:04:20.550 +05:30 [INF] Request finished HTTP/2 GET https://localhost:7223/api/records/my-records - 200 null application/json; charset=utf-8 17.9379ms
2026-07-17 17:04:21.042 +05:30 [INF] Request starting HTTP/2 OPTIONS https://localhost:7223/api/patients/profile - null null
2026-07-17 17:04:21.045 +05:30 [INF] CORS policy execution successful.
2026-07-17 17:04:21.047 +05:30 [INF] HTTP OPTIONS /api/patients/profile responded 204 in 1.5502 ms
2026-07-17 17:04:21.049 +05:30 [INF] Request finished HTTP/2 OPTIONS https://localhost:7223/api/patients/profile - 204 null null 6.9457ms
2026-07-17 17:04:21.051 +05:30 [INF] Request starting HTTP/2 GET https://localhost:7223/api/patients/profile - null null
2026-07-17 17:04:21.054 +05:30 [INF] CORS policy execution successful.
2026-07-17 17:04:21.055 +05:30 [INF] Executing endpoint 'HealthCare.Api.Controllers.PatientController.GetMyProfile (HealthCare.Api)'
2026-07-17 17:04:21.066 +05:30 [INF] Route matched with {action = "GetMyProfile", controller = "Patient"}. Executing controller action with signature System.Threading.Tasks.Task`1[Microsoft.AspNetCore.Mvc.IActionResult] GetMyProfile() on controller HealthCare.Api.Controllers.PatientController (HealthCare.Api).
2026-07-17 17:04:21.120 +05:30 [INF] Executed DbCommand (5ms) [Parameters=[@id='?' (DbType = Int32)], CommandType='"Text"', CommandTimeout='30']
SELECT TOP(1) [p].[PatientId], [p].[CreatedDate], [p].[DateOfBirth], [p].[FullName], [p].[Gender], [p].[InsuranceId], [p].[IsActive], [p].[PhoneNumber], [p].[UserId], [a].[Id], [a].[AccessFailedCount], [a].[ConcurrencyStamp], [a].[Email], [a].[EmailConfirmed], [a].[LockoutEnabled], [a].[LockoutEnd], [a].[NormalizedEmail], [a].[NormalizedUserName], [a].[PasswordHash], [a].[PhoneNumber], [a].[PhoneNumberConfirmed], [a].[SecurityStamp], [a].[TwoFactorEnabled], [a].[UserName]
FROM [Patients] AS [p]
LEFT JOIN [AspNetUsers] AS [a] ON [p].[UserId] = [a].[Id]
WHERE [p].[PatientId] = @id
2026-07-17 17:04:21.129 +05:30 [INF] Executing OkObjectResult, writing value of type 'HealthCare.Shared.ApiResponse`1[[HealthCare.Shared.DTOs.Patient.PatientListDto, HealthCare.Shared, Version=1.0.0.0, Culture=neutral, PublicKeyToken=null]]'.
2026-07-17 17:04:21.139 +05:30 [INF] Executed action HealthCare.Api.Controllers.PatientController.GetMyProfile (HealthCare.Api) in 71.2913ms
2026-07-17 17:04:21.141 +05:30 [INF] Executed endpoint 'HealthCare.Api.Controllers.PatientController.GetMyProfile (HealthCare.Api)'
2026-07-17 17:04:21.142 +05:30 [INF] HTTP GET /api/patients/profile responded 200 in 87.9099 ms
2026-07-17 17:04:21.144 +05:30 [INF] Request finished HTTP/2 GET https://localhost:7223/api/patients/profile - 200 null application/json; charset=utf-8 93.0853ms
2026-07-17 17:04:52.270 +05:30 [INF] Request starting HTTP/2 OPTIONS https://localhost:7223/api/auth/register/patient - null null
2026-07-17 17:04:52.272 +05:30 [INF] CORS policy execution successful.
2026-07-17 17:04:52.273 +05:30 [INF] HTTP OPTIONS /api/auth/register/patient responded 204 in 1.1941 ms
2026-07-17 17:04:52.275 +05:30 [INF] Request finished HTTP/2 OPTIONS https://localhost:7223/api/auth/register/patient - 204 null null 5.5234ms
2026-07-17 17:04:52.276 +05:30 [INF] Request starting HTTP/2 POST https://localhost:7223/api/auth/register/patient - application/json 141
2026-07-17 17:04:52.281 +05:30 [INF] CORS policy execution successful.
2026-07-17 17:04:52.282 +05:30 [INF] Executing endpoint 'HealthCare.Api.Controllers.AuthController.RegisterPatient (HealthCare.Api)'
2026-07-17 17:04:52.288 +05:30 [INF] Route matched with {action = "RegisterPatient", controller = "Auth"}. Executing controller action with signature System.Threading.Tasks.Task`1[Microsoft.AspNetCore.Mvc.IActionResult] RegisterPatient(HealthCare.Shared.DTOs.Patient.CreatePatientDto) on controller HealthCare.Api.Controllers.AuthController (HealthCare.Api).
2026-07-17 17:04:52.305 +05:30 [INF] Executed DbCommand (1ms) [Parameters=[@normalizedEmail='?' (Size = 256)], CommandType='"Text"', CommandTimeout='30']
SELECT TOP(2) [a].[Id], [a].[AccessFailedCount], [a].[ConcurrencyStamp], [a].[Email], [a].[EmailConfirmed], [a].[LockoutEnabled], [a].[LockoutEnd], [a].[NormalizedEmail], [a].[NormalizedUserName], [a].[PasswordHash], [a].[PhoneNumber], [a].[PhoneNumberConfirmed], [a].[SecurityStamp], [a].[TwoFactorEnabled], [a].[UserName]
FROM [AspNetUsers] AS [a]
WHERE [a].[NormalizedEmail] = @normalizedEmail
2026-07-17 17:04:52.396 +05:30 [INF] Executed DbCommand (4ms) [Parameters=[@normalizedUserName='?' (Size = 256)], CommandType='"Text"', CommandTimeout='30']
SELECT TOP(1) [a].[Id], [a].[AccessFailedCount], [a].[ConcurrencyStamp], [a].[Email], [a].[EmailConfirmed], [a].[LockoutEnabled], [a].[LockoutEnd], [a].[NormalizedEmail], [a].[NormalizedUserName], [a].[PasswordHash], [a].[PhoneNumber], [a].[PhoneNumberConfirmed], [a].[SecurityStamp], [a].[TwoFactorEnabled], [a].[UserName]
FROM [AspNetUsers] AS [a]
WHERE [a].[NormalizedUserName] = @normalizedUserName
2026-07-17 17:04:52.405 +05:30 [INF] Executed DbCommand (1ms) [Parameters=[@normalizedEmail='?' (Size = 256)], CommandType='"Text"', CommandTimeout='30']
SELECT TOP(2) [a].[Id], [a].[AccessFailedCount], [a].[ConcurrencyStamp], [a].[Email], [a].[EmailConfirmed], [a].[LockoutEnabled], [a].[LockoutEnd], [a].[NormalizedEmail], [a].[NormalizedUserName], [a].[PasswordHash], [a].[PhoneNumber], [a].[PhoneNumberConfirmed], [a].[SecurityStamp], [a].[TwoFactorEnabled], [a].[UserName]
FROM [AspNetUsers] AS [a]
WHERE [a].[NormalizedEmail] = @normalizedEmail
2026-07-17 17:04:52.434 +05:30 [INF] Executed DbCommand (13ms) [Parameters=[@p0='?' (Size = 450), @p1='?' (DbType = Int32), @p2='?' (Size = 4000), @p3='?' (Size = 256), @p4='?' (DbType = Boolean), @p5='?' (DbType = Boolean), @p6='?' (DbType = DateTimeOffset), @p7='?' (Size = 256), @p8='?' (Size = 256), @p9='?' (Size = 4000), @p10='?' (Size = 4000), @p11='?' (DbType = Boolean), @p12='?' (Size = 4000), @p13='?' (DbType = Boolean), @p14='?' (Size = 256)], CommandType='"Text"', CommandTimeout='30']
SET IMPLICIT_TRANSACTIONS OFF;
SET NOCOUNT ON;
INSERT INTO [AspNetUsers] ([Id], [AccessFailedCount], [ConcurrencyStamp], [Email], [EmailConfirmed], [LockoutEnabled], [LockoutEnd], [NormalizedEmail], [NormalizedUserName], [PasswordHash], [PhoneNumber], [PhoneNumberConfirmed], [SecurityStamp], [TwoFactorEnabled], [UserName])
VALUES (@p0, @p1, @p2, @p3, @p4, @p5, @p6, @p7, @p8, @p9, @p10, @p11, @p12, @p13, @p14);
2026-07-17 17:04:52.449 +05:30 [INF] Executed DbCommand (3ms) [Parameters=[@normalizedRoleName='?' (Size = 256)], CommandType='"Text"', CommandTimeout='30']
SELECT TOP(2) [a].[Id], [a].[ConcurrencyStamp], [a].[Name], [a].[NormalizedName]
FROM [AspNetRoles] AS [a]
WHERE [a].[NormalizedName] = @normalizedRoleName
2026-07-17 17:04:52.460 +05:30 [INF] Executed DbCommand (2ms) [Parameters=[@p='?' (Size = 450), @p1='?' (Size = 450)], CommandType='"Text"', CommandTimeout='30']
SELECT TOP(1) [a].[UserId], [a].[RoleId]
FROM [AspNetUserRoles] AS [a]
WHERE [a].[UserId] = @p AND [a].[RoleId] = @p1
2026-07-17 17:04:52.468 +05:30 [INF] Executed DbCommand (1ms) [Parameters=[@normalizedRoleName='?' (Size = 256)], CommandType='"Text"', CommandTimeout='30']
SELECT TOP(2) [a].[Id], [a].[ConcurrencyStamp], [a].[Name], [a].[NormalizedName]
FROM [AspNetRoles] AS [a]
WHERE [a].[NormalizedName] = @normalizedRoleName
2026-07-17 17:04:52.482 +05:30 [INF] Executed DbCommand (1ms) [Parameters=[@normalizedUserName='?' (Size = 256)], CommandType='"Text"', CommandTimeout='30']
SELECT TOP(1) [a].[Id], [a].[AccessFailedCount], [a].[ConcurrencyStamp], [a].[Email], [a].[EmailConfirmed], [a].[LockoutEnabled], [a].[LockoutEnd], [a].[NormalizedEmail], [a].[NormalizedUserName], [a].[PasswordHash], [a].[PhoneNumber], [a].[PhoneNumberConfirmed], [a].[SecurityStamp], [a].[TwoFactorEnabled], [a].[UserName]
FROM [AspNetUsers] AS [a]
WHERE [a].[NormalizedUserName] = @normalizedUserName
2026-07-17 17:04:52.485 +05:30 [INF] Executed DbCommand (0ms) [Parameters=[@normalizedEmail='?' (Size = 256)], CommandType='"Text"', CommandTimeout='30']
SELECT TOP(2) [a].[Id], [a].[AccessFailedCount], [a].[ConcurrencyStamp], [a].[Email], [a].[EmailConfirmed], [a].[LockoutEnabled], [a].[LockoutEnd], [a].[NormalizedEmail], [a].[NormalizedUserName], [a].[PasswordHash], [a].[PhoneNumber], [a].[PhoneNumberConfirmed], [a].[SecurityStamp], [a].[TwoFactorEnabled], [a].[UserName]
FROM [AspNetUsers] AS [a]
WHERE [a].[NormalizedEmail] = @normalizedEmail
2026-07-17 17:04:52.532 +05:30 [INF] Executed DbCommand (16ms) [Parameters=[@p0='?' (Size = 450), @p1='?' (Size = 450), @p16='?' (Size = 450), @p2='?' (DbType = Int32), @p3='?' (Size = 4000), @p17='?' (Size = 4000), @p4='?' (Size = 256), @p5='?' (DbType = Boolean), @p6='?' (DbType = Boolean), @p7='?' (DbType = DateTimeOffset), @p8='?' (Size = 256), @p9='?' (Size = 256), @p10='?' (Size = 4000), @p11='?' (Size = 4000), @p12='?' (DbType = Boolean), @p13='?' (Size = 4000), @p14='?' (DbType = Boolean), @p15='?' (Size = 256)], CommandType='"Text"', CommandTimeout='30']
SET NOCOUNT ON;
INSERT INTO [AspNetUserRoles] ([RoleId], [UserId])
VALUES (@p0, @p1);
UPDATE [AspNetUsers] SET [AccessFailedCount] = @p2, [ConcurrencyStamp] = @p3, [Email] = @p4, [EmailConfirmed] = @p5, [LockoutEnabled] = @p6, [LockoutEnd] = @p7, [NormalizedEmail] = @p8, [NormalizedUserName] = @p9, [PasswordHash] = @p10, [PhoneNumber] = @p11, [PhoneNumberConfirmed] = @p12, [SecurityStamp] = @p13, [TwoFactorEnabled] = @p14, [UserName] = @p15
OUTPUT 1
WHERE [Id] = @p16 AND [ConcurrencyStamp] = @p17;
2026-07-17 17:04:52.573 +05:30 [INF] Executed DbCommand (7ms) [Parameters=[@p0='?' (DbType = DateTimeOffset), @p1='?' (DbType = Date), @p2='?' (Size = 100), @p3='?' (Size = 10), @p4='?' (Size = 50), @p5='?' (DbType = Boolean), @p6='?' (Size = 20), @p7='?' (Size = 450)], CommandType='"Text"', CommandTimeout='30']
SET IMPLICIT_TRANSACTIONS OFF;
SET NOCOUNT ON;
INSERT INTO [Patients] ([CreatedDate], [DateOfBirth], [FullName], [Gender], [InsuranceId], [IsActive], [PhoneNumber], [UserId])
OUTPUT INSERTED.[PatientId]
VALUES (@p0, @p1, @p2, @p3, @p4, @p5, @p6, @p7);
2026-07-17 17:04:52.579 +05:30 [INF] Executing OkObjectResult, writing value of type 'HealthCare.Shared.ApiResponse'.
2026-07-17 17:04:52.581 +05:30 [INF] Executed action HealthCare.Api.Controllers.AuthController.RegisterPatient (HealthCare.Api) in 289.9229ms
2026-07-17 17:04:52.582 +05:30 [INF] Executed endpoint 'HealthCare.Api.Controllers.AuthController.RegisterPatient (HealthCare.Api)'
2026-07-17 17:04:52.584 +05:30 [INF] HTTP POST /api/auth/register/patient responded 200 in 303.1557 ms
2026-07-17 17:04:52.585 +05:30 [INF] Request finished HTTP/2 POST https://localhost:7223/api/auth/register/patient - 200 null application/json; charset=utf-8 308.5233ms
