2026-07-14 11:01:19.044 +05:30 [INF] Configured endpoint appointment.events.queue, Consumer: HealthCare.Api.Messaging.AppointmentBookedConsumer
2026-07-14 11:01:22.060 +05:30 [INF] Now listening on: https://localhost:7234
2026-07-14 11:01:22.120 +05:30 [INF] Now listening on: http://localhost:5225
2026-07-14 11:01:22.246 +05:30 [INF] Application started. Press Ctrl+C to shut down.
2026-07-14 11:01:22.262 +05:30 [INF] Hosting environment: Development
2026-07-14 11:01:22.267 +05:30 [INF] Bus started: "rabbitmq://localhost/"
2026-07-14 11:01:22.276 +05:30 [INF] Content root path: C:\Users\310508\source\repos\UST-Live-01\HealthCare\HealthCare.Api
2026-07-14 11:01:24.860 +05:30 [INF] HTTP OPTIONS /api/auth/login responded 204 in 294.4260 ms
2026-07-14 11:01:26.138 +05:30 [WRN] You do not have a valid license key for the Lucky Penny software AutoMapper. This is allowed for development and testing scenarios. If you are running in production you are required to have a licensed version. Please visit https://luckypennysoftware.com to obtain a valid license.
2026-07-14 11:01:27.428 +05:30 [INF] HTTP POST /api/auth/login responded 200 in 2305.0851 ms
2026-07-14 11:01:36.761 +05:30 [INF] HTTP OPTIONS /api/admin/doctors responded 204 in 2.5249 ms
2026-07-14 11:01:37.475 +05:30 [INF] HTTP GET /api/admin/doctors responded 200 in 690.6321 ms
2026-07-14 11:01:37.644 +05:30 [INF] HTTP OPTIONS /api/admin/doctors responded 204 in 0.1882 ms
2026-07-14 11:01:37.697 +05:30 [INF] HTTP GET /api/admin/doctors responded 200 in 42.4683 ms
2026-07-14 11:01:37.723 +05:30 [INF] HTTP OPTIONS /api/admin/patients responded 204 in 0.1507 ms
2026-07-14 11:01:37.769 +05:30 [WRN] The query uses a row limiting operator ('Skip'/'Take') without an 'OrderBy' operator. This may lead to unpredictable results. If the 'Distinct' operator is used after 'OrderBy', then make sure to use the 'OrderBy' operator after 'Distinct' as the ordering would otherwise get erased.
2026-07-14 11:01:37.771 +05:30 [WRN] The query uses a row limiting operator ('Skip'/'Take') without an 'OrderBy' operator. This may lead to unpredictable results. If the 'Distinct' operator is used after 'OrderBy', then make sure to use the 'OrderBy' operator after 'Distinct' as the ordering would otherwise get erased.
2026-07-14 11:01:37.811 +05:30 [INF] HTTP GET /api/admin/patients responded 200 in 72.9807 ms
2026-07-14 11:01:37.897 +05:30 [INF] HTTP OPTIONS /api/admin/appointments/dashboard-summary responded 204 in 0.1784 ms
2026-07-14 11:01:37.980 +05:30 [WRN] The query uses the 'First'/'FirstOrDefault' operator without 'OrderBy' and filter operators. This may lead to unpredictable results.
2026-07-14 11:01:38.022 +05:30 [INF] HTTP GET /api/admin/appointments/dashboard-summary responded 200 in 102.7375 ms
2026-07-14 11:01:40.903 +05:30 [INF] HTTP OPTIONS /api/admin/patients responded 204 in 0.2459 ms
2026-07-14 11:01:40.943 +05:30 [INF] HTTP GET /api/admin/patients responded 200 in 24.0108 ms
2026-07-14 11:01:41.550 +05:30 [INF] HTTP OPTIONS /api/admin/doctors responded 204 in 0.1795 ms
2026-07-14 11:01:41.604 +05:30 [INF] HTTP GET /api/admin/doctors responded 200 in 31.8755 ms
2026-07-14 11:01:42.636 +05:30 [INF] HTTP OPTIONS /api/admin/doctors responded 204 in 4.6750 ms
2026-07-14 11:01:42.693 +05:30 [INF] HTTP GET /api/admin/doctors responded 200 in 12.1416 ms
2026-07-14 11:01:42.736 +05:30 [INF] HTTP OPTIONS /api/admin/doctors responded 204 in 0.1796 ms
2026-07-14 11:01:42.769 +05:30 [INF] HTTP GET /api/admin/doctors responded 200 in 21.1087 ms
2026-07-14 11:01:42.783 +05:30 [INF] HTTP OPTIONS /api/admin/patients responded 204 in 0.2842 ms
2026-07-14 11:01:42.821 +05:30 [INF] HTTP GET /api/admin/patients responded 200 in 25.8247 ms
2026-07-14 11:01:42.867 +05:30 [INF] HTTP GET /api/admin/appointments/dashboard-summary responded 200 in 30.2466 ms
2026-07-14 11:06:22.378 +05:30 [INF] Usage Telemetry: {"id":"68100000-e56a-1944-2cb5-08dee16921d8","created":"2026-07-14T11:01:18.8825975\u002B05:30","host":{"framework_version":"10.0.8","mass_transit_version":"8.5.10.0","operating_system_version":"Microsoft Windows NT 10.0.26200.0","time_zone_info":"(UTC\u002B05:30) Chennai, Kolkata, Mumbai, New Delhi","commit_hash":"62ab339afa3bac2e9b3fe1769d0d35d7e44778e9"},"bus":[{"created":"2026-07-14T11:01:18.8892932\u002B05:30","configured":"2026-07-14T11:01:20.9320019\u002B05:30","started":"2026-07-14T11:01:22.2555645\u002B05:30","name":"IBus","endpoints":[{"name":"appointment.events.queue","type":"RabbitMQ","prefetch_count":16,"consumer_count":1,"message_count":1},{"name":"_bus_","type":"RabbitMQ","prefetch_count":16}]}]}
2026-07-14 11:14:50.790 +05:30 [INF] HTTP OPTIONS /api/admin/patients responded 204 in 3.5237 ms
2026-07-14 11:14:53.174 +05:30 [INF] HTTP GET /api/admin/patients responded 200 in 2369.4978 ms
2026-07-14 11:14:53.351 +05:30 [INF] HTTP OPTIONS /api/admin/doctors responded 204 in 0.2395 ms
2026-07-14 11:14:53.379 +05:30 [INF] HTTP GET /api/admin/doctors responded 200 in 18.2228 ms
2026-07-14 11:14:55.282 +05:30 [INF] HTTP OPTIONS /api/admin/appointments/report responded 204 in 0.1575 ms
2026-07-14 11:14:55.492 +05:30 [INF] HTTP GET /api/admin/appointments/report responded 200 in 200.7129 ms
2026-07-14 11:15:03.891 +05:30 [INF] HTTP OPTIONS /api/admin/appointments/report responded 204 in 0.2842 ms
2026-07-14 11:15:03.913 +05:30 [INF] HTTP GET /api/admin/appointments/report responded 200 in 9.9831 ms
2026-07-14 11:15:22.711 +05:30 [INF] HTTP OPTIONS /api/admin/appointments/report responded 204 in 0.2336 ms
2026-07-14 11:15:22.731 +05:30 [INF] HTTP GET /api/admin/appointments/report responded 200 in 8.2491 ms
2026-07-14 11:15:27.568 +05:30 [INF] HTTP OPTIONS /api/admin/doctors responded 204 in 0.4912 ms
2026-07-14 11:15:27.588 +05:30 [INF] HTTP GET /api/admin/doctors responded 200 in 9.5955 ms
2026-07-14 11:52:24.076 +05:30 [INF] HTTP OPTIONS /api/admin/doctors responded 204 in 7.3632 ms
2026-07-14 11:52:24.160 +05:30 [INF] HTTP GET /api/admin/doctors responded 401 in 58.4084 ms
2026-07-14 11:52:51.606 +05:30 [INF] HTTP OPTIONS /api/auth/login responded 204 in 0.4025 ms
2026-07-14 11:52:54.299 +05:30 [INF] HTTP POST /api/auth/login responded 200 in 2670.5742 ms
2026-07-14 11:52:56.747 +05:30 [INF] HTTP OPTIONS /api/admin/doctors responded 204 in 0.1106 ms
2026-07-14 11:52:56.780 +05:30 [INF] HTTP GET /api/admin/doctors responded 200 in 26.0244 ms
2026-07-14 11:52:56.825 +05:30 [INF] HTTP OPTIONS /api/admin/doctors responded 204 in 0.1099 ms
2026-07-14 11:52:56.855 +05:30 [INF] HTTP GET /api/admin/doctors responded 200 in 18.5276 ms
2026-07-14 11:52:56.869 +05:30 [INF] HTTP OPTIONS /api/admin/patients responded 204 in 0.2071 ms
2026-07-14 11:52:56.895 +05:30 [INF] HTTP GET /api/admin/patients responded 200 in 17.2945 ms
2026-07-14 11:52:56.921 +05:30 [INF] HTTP OPTIONS /api/admin/appointments/dashboard-summary responded 204 in 0.1711 ms
2026-07-14 11:52:56.956 +05:30 [INF] HTTP GET /api/admin/appointments/dashboard-summary responded 200 in 25.2972 ms
2026-07-14 11:53:12.221 +05:30 [INF] HTTP OPTIONS /api/admin/patients responded 204 in 0.2115 ms
2026-07-14 11:53:12.240 +05:30 [INF] HTTP GET /api/admin/patients responded 200 in 8.9909 ms
2026-07-14 11:53:23.232 +05:30 [INF] HTTP OPTIONS /api/admin/patients responded 204 in 0.1557 ms
2026-07-14 11:53:23.321 +05:30 [WRN] The query uses a row limiting operator ('Skip'/'Take') without an 'OrderBy' operator. This may lead to unpredictable results. If the 'Distinct' operator is used after 'OrderBy', then make sure to use the 'OrderBy' operator after 'Distinct' as the ordering would otherwise get erased.
2026-07-14 11:53:23.325 +05:30 [WRN] The query uses a row limiting operator ('Skip'/'Take') without an 'OrderBy' operator. This may lead to unpredictable results. If the 'Distinct' operator is used after 'OrderBy', then make sure to use the 'OrderBy' operator after 'Distinct' as the ordering would otherwise get erased.
2026-07-14 11:53:23.365 +05:30 [INF] HTTP GET /api/admin/patients responded 200 in 122.3435 ms
2026-07-14 11:53:27.939 +05:30 [INF] HTTP OPTIONS /api/admin/doctors responded 204 in 0.0850 ms
2026-07-14 11:53:27.962 +05:30 [INF] HTTP GET /api/admin/doctors responded 200 in 6.7802 ms
2026-07-14 11:53:46.808 +05:30 [INF] HTTP OPTIONS /api/admin/doctors responded 204 in 0.0856 ms
2026-07-14 11:53:46.851 +05:30 [INF] HTTP GET /api/admin/doctors responded 200 in 31.6695 ms
2026-07-14 11:53:47.039 +05:30 [INF] HTTP GET /api/admin/doctors responded 200 in 5.0796 ms
2026-07-14 11:53:50.848 +05:30 [INF] HTTP OPTIONS /api/admin/appointments/report responded 204 in 0.1566 ms
2026-07-14 11:53:50.899 +05:30 [INF] HTTP GET /api/admin/appointments/report responded 200 in 42.3095 ms
2026-07-14 14:20:19.803 +05:30 [INF] Configured endpoint appointment.events.queue, Consumer: HealthCare.Api.Messaging.AppointmentBookedConsumer
2026-07-14 14:20:22.135 +05:30 [INF] Now listening on: https://localhost:7234
2026-07-14 14:20:22.143 +05:30 [INF] Now listening on: http://localhost:5225
2026-07-14 14:20:22.215 +05:30 [INF] Bus started: "rabbitmq://localhost/"
2026-07-14 14:20:22.245 +05:30 [INF] Application started. Press Ctrl+C to shut down.
2026-07-14 14:20:22.250 +05:30 [INF] Hosting environment: Development
2026-07-14 14:20:22.254 +05:30 [INF] Content root path: C:\Users\310508\source\repos\UST-Live-01\HealthCare\HealthCare.Api
2026-07-14 14:20:47.001 +05:30 [INF] Configured endpoint appointment.events.queue, Consumer: HealthCare.Api.Messaging.AppointmentBookedConsumer
2026-07-14 14:20:49.189 +05:30 [INF] Bus started: "rabbitmq://localhost/"
2026-07-14 14:20:49.190 +05:30 [INF] Now listening on: https://localhost:7234
2026-07-14 14:20:49.205 +05:30 [INF] Now listening on: http://localhost:5225
2026-07-14 14:20:49.299 +05:30 [INF] Application started. Press Ctrl+C to shut down.
2026-07-14 14:20:49.302 +05:30 [INF] Hosting environment: Development
2026-07-14 14:20:49.307 +05:30 [INF] Content root path: C:\Users\310508\source\repos\UST-Live-01\HealthCare\HealthCare.Api
2026-07-14 14:21:30.645 +05:30 [INF] HTTP OPTIONS /api/auth/login responded 204 in 85.8316 ms
2026-07-14 14:21:31.150 +05:30 [WRN] You do not have a valid license key for the Lucky Penny software AutoMapper. This is allowed for development and testing scenarios. If you are running in production you are required to have a licensed version. Please visit https://luckypennysoftware.com to obtain a valid license.
2026-07-14 14:21:32.332 +05:30 [INF] HTTP POST /api/auth/login responded 200 in 1645.6425 ms
2026-07-14 14:21:32.764 +05:30 [INF] HTTP OPTIONS /api/doctors/dashboard-summary responded 204 in 1.1397 ms
2026-07-14 14:21:33.310 +05:30 [INF] HTTP GET /api/doctors/dashboard-summary responded 200 in 536.0080 ms
2026-07-14 14:21:41.198 +05:30 [INF] HTTP OPTIONS /api/doctors/profile responded 204 in 0.5844 ms
2026-07-14 14:21:41.362 +05:30 [INF] HTTP GET /api/doctors/profile responded 200 in 149.2268 ms
2026-07-14 14:25:49.289 +05:30 [INF] Usage Telemetry: {"id":"708b0000-e56a-1944-6e0c-08dee184ff51","created":"2026-07-14T14:20:46.8653629\u002B05:30","host":{"framework_version":"10.0.8","mass_transit_version":"8.5.10.0","operating_system_version":"Microsoft Windows NT 10.0.26200.0","time_zone_info":"(UTC\u002B05:30) Chennai, Kolkata, Mumbai, New Delhi","commit_hash":"62ab339afa3bac2e9b3fe1769d0d35d7e44778e9"},"bus":[{"created":"2026-07-14T14:20:46.8720960\u002B05:30","configured":"2026-07-14T14:20:48.4897784\u002B05:30","started":"2026-07-14T14:20:49.1797465\u002B05:30","name":"IBus","endpoints":[{"name":"appointment.events.queue","type":"RabbitMQ","prefetch_count":16,"consumer_count":1,"message_count":1},{"name":"_bus_","type":"RabbitMQ","prefetch_count":16}]}]}
2026-07-14 15:39:05.245 +05:30 [INF] Configured endpoint appointment.events.queue, Consumer: HealthCare.Api.Messaging.AppointmentBookedConsumer
2026-07-14 15:39:07.808 +05:30 [INF] Bus started: "rabbitmq://localhost/"
2026-07-14 15:39:07.828 +05:30 [INF] Now listening on: https://localhost:7234
2026-07-14 15:39:07.834 +05:30 [INF] Now listening on: http://localhost:5225
2026-07-14 15:39:07.944 +05:30 [INF] Application started. Press Ctrl+C to shut down.
2026-07-14 15:39:07.947 +05:30 [INF] Hosting environment: Development
2026-07-14 15:39:07.950 +05:30 [INF] Content root path: C:\Users\310508\source\repos\UST-Live-01\HealthCare\HealthCare.Api
2026-07-14 15:41:02.228 +05:30 [INF] Configured endpoint appointment.events.queue, Consumer: HealthCare.Api.Messaging.AppointmentBookedConsumer
2026-07-14 15:41:04.583 +05:30 [INF] Bus started: "rabbitmq://localhost/"
2026-07-14 15:41:04.702 +05:30 [INF] Now listening on: https://localhost:7234
2026-07-14 15:41:04.710 +05:30 [INF] Now listening on: http://localhost:5225
2026-07-14 15:41:04.808 +05:30 [INF] Application started. Press Ctrl+C to shut down.
2026-07-14 15:41:04.812 +05:30 [INF] Hosting environment: Development
2026-07-14 15:41:04.816 +05:30 [INF] Content root path: C:\Users\310508\source\repos\UST-Live-01\HealthCare\HealthCare.Api
2026-07-14 15:44:05.868 +05:30 [INF] HTTP OPTIONS /api/auth/login responded 204 in 201.2884 ms
2026-07-14 15:44:07.145 +05:30 [WRN] You do not have a valid license key for the Lucky Penny software AutoMapper. This is allowed for development and testing scenarios. If you are running in production you are required to have a licensed version. Please visit https://luckypennysoftware.com to obtain a valid license.
2026-07-14 15:44:08.699 +05:30 [INF] HTTP POST /api/auth/login responded 200 in 2620.0583 ms
2026-07-14 15:44:09.077 +05:30 [INF] HTTP OPTIONS /api/records/my-records responded 204 in 1.8792 ms
2026-07-14 15:44:09.077 +05:30 [INF] HTTP OPTIONS /api/appointments/patient/upcoming responded 204 in 2.0638 ms
2026-07-14 15:44:09.505 +05:30 [INF] HTTP GET /api/records/my-records responded 200 in 415.8419 ms
2026-07-14 15:44:10.058 +05:30 [INF] HTTP GET /api/appointments/patient/upcoming responded 200 in 963.0866 ms
2026-07-14 15:44:21.845 +05:30 [INF] HTTP OPTIONS /api/patients/profile responded 204 in 0.5655 ms
2026-07-14 15:44:22.006 +05:30 [INF] HTTP GET /api/patients/profile responded 200 in 146.2833 ms
2026-07-14 15:44:26.277 +05:30 [INF] HTTP OPTIONS /api/appointments/patient/upcoming responded 204 in 0.2930 ms
2026-07-14 15:44:26.307 +05:30 [INF] HTTP GET /api/appointments/patient/upcoming responded 200 in 16.5807 ms
2026-07-14 15:46:04.752 +05:30 [INF] Usage Telemetry: {"id":"d4890000-e56a-1944-d9d1-08dee1903569","created":"2026-07-14T15:41:02.0866318\u002B05:30","host":{"framework_version":"10.0.8","mass_transit_version":"8.5.10.0","operating_system_version":"Microsoft Windows NT 10.0.26200.0","time_zone_info":"(UTC\u002B05:30) Chennai, Kolkata, Mumbai, New Delhi","commit_hash":"62ab339afa3bac2e9b3fe1769d0d35d7e44778e9"},"bus":[{"created":"2026-07-14T15:41:02.0929761\u002B05:30","configured":"2026-07-14T15:41:03.8099355\u002B05:30","started":"2026-07-14T15:41:04.5775534\u002B05:30","name":"IBus","endpoints":[{"name":"appointment.events.queue","type":"RabbitMQ","prefetch_count":16,"consumer_count":1,"message_count":1},{"name":"_bus_","type":"RabbitMQ","prefetch_count":16}]}]}
2026-07-14 15:50:31.755 +05:30 [INF] HTTP OPTIONS /api/auth/login responded 204 in 0.2483 ms
2026-07-14 15:50:32.926 +05:30 [INF] HTTP POST /api/auth/login responded 200 in 1160.1185 ms
2026-07-14 15:50:33.277 +05:30 [INF] HTTP OPTIONS /api/doctors/dashboard-summary responded 204 in 0.2578 ms
2026-07-14 15:50:33.511 +05:30 [INF] HTTP GET /api/doctors/dashboard-summary responded 200 in 222.9810 ms
2026-07-14 15:50:56.489 +05:30 [INF] HTTP OPTIONS /api/doctors/leaves responded 204 in 0.2458 ms
2026-07-14 15:50:57.244 +05:30 [INF] HTTP POST /api/doctors/leaves responded 200 in 744.3548 ms
2026-07-14 23:42:14.027 +05:30 [INF] Configured endpoint appointment.events.queue, Consumer: HealthCare.Api.Messaging.AppointmentBookedConsumer
2026-07-14 23:42:15.636 +05:30 [INF] Now listening on: https://localhost:7234
2026-07-14 23:42:15.641 +05:30 [INF] Now listening on: http://localhost:5225
2026-07-14 23:42:15.731 +05:30 [INF] Application started. Press Ctrl+C to shut down.
2026-07-14 23:42:15.733 +05:30 [INF] Hosting environment: Development
2026-07-14 23:42:15.736 +05:30 [INF] Content root path: C:\Users\310508\source\repos\UST-Live-01\HealthCare\HealthCare.Api
2026-07-14 23:42:16.069 +05:30 [INF] Bus started: "rabbitmq://localhost/"
2026-07-14 23:42:22.521 +05:30 [INF] HTTP OPTIONS /api/auth/login responded 204 in 37.4912 ms
2026-07-14 23:42:22.771 +05:30 [WRN] You do not have a valid license key for the Lucky Penny software AutoMapper. This is allowed for development and testing scenarios. If you are running in production you are required to have a licensed version. Please visit https://luckypennysoftware.com to obtain a valid license.
2026-07-14 23:42:22.951 +05:30 [ERR] Exception occurred while processing POST /api/auth/login
System.UnauthorizedAccessException: Invalid email or password
   at HealthCare.Api.Services.Implementations.AuthService.LoginAsync(LoginDto dto) in C:\Users\310508\source\repos\UST-Live-01\HealthCare\HealthCare.Api\Services\Implementations\AuthService.cs:line 125
   at HealthCare.Api.Controllers.AuthController.Login(LoginDto dto) in C:\Users\310508\source\repos\UST-Live-01\HealthCare\HealthCare.Api\Controllers\AuthController.cs:line 43
   at Microsoft.AspNetCore.Mvc.Infrastructure.ActionMethodExecutor.TaskOfIActionResultExecutor.Execute(ActionContext actionContext, IActionResultTypeMapper mapper, ObjectMethodExecutor executor, Object controller, Object[] arguments)
   at Microsoft.AspNetCore.Mvc.Infrastructure.ControllerActionInvoker.<InvokeActionMethodAsync>g__Awaited|12_0(ControllerActionInvoker invoker, ValueTask`1 actionResultValueTask)
   at Microsoft.AspNetCore.Mvc.Infrastructure.ControllerActionInvoker.<InvokeNextActionFilterAsync>g__Awaited|10_0(ControllerActionInvoker invoker, Task lastTask, State next, Scope scope, Object state, Boolean isCompleted)
   at Microsoft.AspNetCore.Mvc.Infrastructure.ControllerActionInvoker.Rethrow(ActionExecutedContextSealed context)
   at Microsoft.AspNetCore.Mvc.Infrastructure.ControllerActionInvoker.Next(State& next, Scope& scope, Object& state, Boolean& isCompleted)
   at Microsoft.AspNetCore.Mvc.Infrastructure.ControllerActionInvoker.<InvokeInnerFilterAsync>g__Awaited|13_0(ControllerActionInvoker invoker, Task lastTask, State next, Scope scope, Object state, Boolean isCompleted)
   at Microsoft.AspNetCore.Mvc.Infrastructure.ResourceInvoker.<InvokeFilterPipelineAsync>g__Awaited|20_0(ResourceInvoker invoker, Task lastTask, State next, Scope scope, Object state, Boolean isCompleted)
   at Microsoft.AspNetCore.Mvc.Infrastructure.ResourceInvoker.<InvokeAsync>g__Awaited|17_0(ResourceInvoker invoker, Task task, IDisposable scope)
   at Microsoft.AspNetCore.Mvc.Infrastructure.ResourceInvoker.<InvokeAsync>g__Awaited|17_0(ResourceInvoker invoker, Task task, IDisposable scope)
   at Microsoft.AspNetCore.Authorization.AuthorizationMiddleware.Invoke(HttpContext context)
   at Microsoft.AspNetCore.Authentication.AuthenticationMiddleware.Invoke(HttpContext context)
   at Swashbuckle.AspNetCore.SwaggerUI.SwaggerUIMiddleware.Invoke(HttpContext httpContext)
   at Swashbuckle.AspNetCore.Swagger.SwaggerMiddleware.Invoke(HttpContext httpContext, ISwaggerProvider swaggerProvider)
   at Microsoft.AspNetCore.Diagnostics.ExceptionHandlerMiddlewareImpl.<Invoke>g__Awaited|10_0(ExceptionHandlerMiddlewareImpl middleware, HttpContext context, Task task)
2026-07-14 23:42:22.997 +05:30 [INF] HTTP POST /api/auth/login responded 401 in 455.5190 ms
2026-07-14 23:43:39.911 +05:30 [INF] Configured endpoint appointment.events.queue, Consumer: HealthCare.Api.Messaging.AppointmentBookedConsumer
2026-07-14 23:43:40.516 +05:30 [INF] Bus started: "rabbitmq://localhost/"
2026-07-14 23:43:40.530 +05:30 [INF] Now listening on: https://localhost:7234
2026-07-14 23:43:40.533 +05:30 [INF] Now listening on: http://localhost:5225
2026-07-14 23:43:40.617 +05:30 [INF] Application started. Press Ctrl+C to shut down.
2026-07-14 23:43:40.618 +05:30 [INF] Hosting environment: Development
2026-07-14 23:43:40.619 +05:30 [INF] Content root path: C:\Users\310508\source\repos\UST-Live-01\HealthCare\HealthCare.Api
2026-07-14 23:44:12.704 +05:30 [INF] Configured endpoint appointment.events.queue, Consumer: HealthCare.Api.Messaging.AppointmentBookedConsumer
2026-07-14 23:44:14.343 +05:30 [INF] Bus started: "rabbitmq://localhost/"
2026-07-14 23:44:14.377 +05:30 [INF] Now listening on: https://localhost:7234
2026-07-14 23:44:14.380 +05:30 [INF] Now listening on: http://localhost:5225
2026-07-14 23:44:14.457 +05:30 [INF] Application started. Press Ctrl+C to shut down.
2026-07-14 23:44:14.459 +05:30 [INF] Hosting environment: Development
2026-07-14 23:44:14.461 +05:30 [INF] Content root path: C:\Users\310508\source\repos\UST-Live-01\HealthCare\HealthCare.Api
2026-07-14 23:45:25.803 +05:30 [INF] HTTP OPTIONS /api/auth/login responded 204 in 42.8801 ms
2026-07-14 23:45:26.096 +05:30 [WRN] You do not have a valid license key for the Lucky Penny software AutoMapper. This is allowed for development and testing scenarios. If you are running in production you are required to have a licensed version. Please visit https://luckypennysoftware.com to obtain a valid license.
2026-07-14 23:45:26.846 +05:30 [INF] HTTP POST /api/auth/login responded 200 in 1006.1486 ms
2026-07-14 23:45:27.192 +05:30 [INF] HTTP OPTIONS /api/records/my-records responded 204 in 0.6474 ms
2026-07-14 23:45:27.192 +05:30 [INF] HTTP OPTIONS /api/appointments/patient/upcoming responded 204 in 0.7743 ms
2026-07-14 23:45:27.372 +05:30 [INF] HTTP GET /api/records/my-records responded 200 in 173.3164 ms
2026-07-14 23:45:27.562 +05:30 [INF] HTTP GET /api/appointments/patient/upcoming responded 200 in 362.7979 ms
2026-07-14 23:45:29.969 +05:30 [INF] HTTP OPTIONS /api/patients/profile responded 204 in 0.2788 ms
2026-07-14 23:45:30.026 +05:30 [INF] HTTP GET /api/patients/profile responded 200 in 50.7800 ms
2026-07-14 23:45:39.569 +05:30 [INF] HTTP OPTIONS /api/doctors/available responded 204 in 0.1740 ms
2026-07-14 23:45:40.118 +05:30 [INF] Cache MISS for key: doctors:available:general-medicine:2026-07-25
2026-07-14 23:45:40.323 +05:30 [INF] Cache SET for key: doctors:available:general-medicine:2026-07-25 with 5 minutes TTL
2026-07-14 23:45:40.327 +05:30 [INF] HTTP GET /api/doctors/available responded 200 in 751.9988 ms
2026-07-14 23:45:44.533 +05:30 [INF] HTTP OPTIONS /api/doctors/available responded 204 in 0.1303 ms
2026-07-14 23:45:44.549 +05:30 [INF] Cache MISS for key: doctors:available:orthopedic:2026-07-25
2026-07-14 23:45:44.559 +05:30 [INF] Cache SET for key: doctors:available:orthopedic:2026-07-25 with 5 minutes TTL
2026-07-14 23:45:44.561 +05:30 [INF] HTTP GET /api/doctors/available responded 200 in 23.1202 ms
2026-07-14 23:45:46.800 +05:30 [INF] HTTP OPTIONS /api/appointments/available-slots responded 204 in 0.1230 ms
2026-07-14 23:45:46.833 +05:30 [INF] HTTP GET /api/appointments/available-slots responded 200 in 28.2002 ms
2026-07-14 23:45:50.246 +05:30 [INF] HTTP OPTIONS /api/appointments/book responded 204 in 0.1582 ms
2026-07-14 23:45:50.645 +05:30 [INF] Appointment booked: AppointmentId 1024
2026-07-14 23:45:50.881 +05:30 [INF] AppointmentBookedEvent published. AppointmentId: 1024, DoctorId: 5
2026-07-14 23:45:50.885 +05:30 [INF] HTTP POST /api/appointments/book responded 200 in 633.1357 ms
2026-07-14 23:45:50.908 +05:30 [INF] Received AppointmentBookedEvent. AppointmentId=1024
2026-07-14 23:45:50.967 +05:30 [INF] Notification created for DoctorId 5 from AppointmentId 1024
2026-07-14 23:46:09.890 +05:30 [INF] HTTP OPTIONS /api/appointments/patient/upcoming responded 204 in 0.3934 ms
2026-07-14 23:46:09.912 +05:30 [INF] HTTP GET /api/appointments/patient/upcoming responded 200 in 11.7845 ms
2026-07-14 23:46:47.746 +05:30 [INF] HTTP OPTIONS /api/auth/login responded 204 in 0.3756 ms
2026-07-14 23:46:47.879 +05:30 [INF] HTTP POST /api/auth/login responded 200 in 126.5437 ms
2026-07-14 23:46:52.278 +05:30 [INF] HTTP OPTIONS /api/admin/doctors responded 204 in 0.1820 ms
2026-07-14 23:46:52.397 +05:30 [INF] HTTP GET /api/admin/doctors responded 200 in 112.3481 ms
2026-07-14 23:46:52.442 +05:30 [INF] HTTP OPTIONS /api/admin/doctors responded 204 in 0.1261 ms
2026-07-14 23:46:52.474 +05:30 [INF] HTTP GET /api/admin/doctors responded 200 in 24.4455 ms
2026-07-14 23:46:52.483 +05:30 [INF] HTTP OPTIONS /api/admin/patients responded 204 in 0.1295 ms
2026-07-14 23:46:52.512 +05:30 [WRN] The query uses a row limiting operator ('Skip'/'Take') without an 'OrderBy' operator. This may lead to unpredictable results. If the 'Distinct' operator is used after 'OrderBy', then make sure to use the 'OrderBy' operator after 'Distinct' as the ordering would otherwise get erased.
2026-07-14 23:46:52.514 +05:30 [WRN] The query uses a row limiting operator ('Skip'/'Take') without an 'OrderBy' operator. This may lead to unpredictable results. If the 'Distinct' operator is used after 'OrderBy', then make sure to use the 'OrderBy' operator after 'Distinct' as the ordering would otherwise get erased.
2026-07-14 23:46:52.541 +05:30 [INF] HTTP GET /api/admin/patients responded 200 in 51.6125 ms
2026-07-14 23:46:52.563 +05:30 [INF] HTTP OPTIONS /api/admin/appointments/dashboard-summary responded 204 in 0.1320 ms
2026-07-14 23:46:52.627 +05:30 [WRN] The query uses the 'First'/'FirstOrDefault' operator without 'OrderBy' and filter operators. This may lead to unpredictable results.
2026-07-14 23:46:52.654 +05:30 [INF] HTTP GET /api/admin/appointments/dashboard-summary responded 200 in 87.0792 ms
2026-07-14 23:46:54.550 +05:30 [INF] HTTP OPTIONS /api/admin/patients responded 204 in 0.1450 ms
2026-07-14 23:46:54.563 +05:30 [INF] HTTP GET /api/admin/patients responded 200 in 6.1629 ms
2026-07-14 23:46:58.688 +05:30 [INF] HTTP OPTIONS /api/admin/doctors responded 204 in 0.1610 ms
2026-07-14 23:46:58.700 +05:30 [INF] HTTP GET /api/admin/doctors responded 200 in 5.4416 ms
2026-07-14 23:47:00.435 +05:30 [INF] HTTP OPTIONS /api/admin/appointments/report responded 204 in 0.2211 ms
2026-07-14 23:47:00.508 +05:30 [INF] HTTP GET /api/admin/appointments/report responded 200 in 68.3411 ms
2026-07-14 23:47:09.922 +05:30 [INF] HTTP OPTIONS /api/admin/doctors responded 204 in 0.5605 ms
2026-07-14 23:47:09.944 +05:30 [INF] HTTP GET /api/admin/doctors responded 200 in 4.9532 ms
2026-07-14 23:47:11.522 +05:30 [INF] HTTP OPTIONS /api/admin/patients responded 204 in 0.0877 ms
2026-07-14 23:47:11.533 +05:30 [INF] HTTP GET /api/admin/patients responded 200 in 4.3690 ms
2026-07-14 23:47:12.520 +05:30 [INF] HTTP OPTIONS /api/admin/doctors responded 204 in 0.1192 ms
2026-07-14 23:47:12.528 +05:30 [INF] HTTP GET /api/admin/doctors responded 200 in 4.0625 ms
2026-07-14 23:47:12.535 +05:30 [INF] HTTP OPTIONS /api/admin/doctors responded 204 in 0.0583 ms
2026-07-14 23:47:12.542 +05:30 [INF] HTTP GET /api/admin/doctors responded 200 in 2.9895 ms
2026-07-14 23:47:12.548 +05:30 [INF] HTTP OPTIONS /api/admin/patients responded 204 in 0.0583 ms
2026-07-14 23:47:12.555 +05:30 [INF] HTTP GET /api/admin/patients responded 200 in 3.8184 ms
2026-07-14 23:47:12.560 +05:30 [INF] HTTP OPTIONS /api/admin/appointments/dashboard-summary responded 204 in 0.0893 ms
2026-07-14 23:47:12.566 +05:30 [INF] HTTP GET /api/admin/appointments/dashboard-summary responded 200 in 1.8754 ms
2026-07-14 23:47:26.798 +05:30 [INF] HTTP OPTIONS /api/admin/doctors responded 204 in 0.1138 ms
2026-07-14 23:47:26.814 +05:30 [INF] HTTP GET /api/admin/doctors responded 200 in 5.2711 ms
2026-07-14 23:49:14.396 +05:30 [INF] Usage Telemetry: {"id":"38610000-e56a-1944-5e5b-08dee1d3b51b","created":"2026-07-14T23:44:12.6009117\u002B05:30","host":{"framework_version":"10.0.8","mass_transit_version":"8.5.10.0","operating_system_version":"Microsoft Windows NT 10.0.26200.0","time_zone_info":"(UTC\u002B05:30) Chennai, Kolkata, Mumbai, New Delhi","commit_hash":"62ab339afa3bac2e9b3fe1769d0d35d7e44778e9"},"bus":[{"created":"2026-07-14T23:44:12.6047604\u002B05:30","configured":"2026-07-14T23:44:13.8241990\u002B05:30","started":"2026-07-14T23:44:14.3393058\u002B05:30","name":"IBus","endpoints":[{"name":"appointment.events.queue","type":"RabbitMQ","prefetch_count":16,"consumer_count":1,"message_count":1},{"name":"_bus_","type":"RabbitMQ","prefetch_count":16}]}]}
2026-07-14 23:54:37.082 +05:30 [INF] HTTP OPTIONS /api/auth/register/doctor responded 204 in 0.1755 ms
2026-07-14 23:54:37.825 +05:30 [INF] HTTP POST /api/auth/register/doctor responded 200 in 737.1872 ms
2026-07-14 23:54:37.840 +05:30 [INF] HTTP OPTIONS /api/admin/doctors responded 204 in 0.1104 ms
2026-07-14 23:54:37.854 +05:30 [INF] HTTP GET /api/admin/doctors responded 200 in 8.6487 ms
2026-07-14 23:56:04.010 +05:30 [INF] HTTP OPTIONS /api/auth/login responded 204 in 0.0922 ms
2026-07-14 23:56:04.129 +05:30 [INF] HTTP POST /api/auth/login responded 200 in 113.2639 ms
2026-07-14 23:56:04.468 +05:30 [INF] HTTP OPTIONS /api/appointments/patient/upcoming responded 204 in 0.0783 ms
2026-07-14 23:56:04.468 +05:30 [INF] HTTP OPTIONS /api/records/my-records responded 204 in 0.0783 ms
2026-07-14 23:56:04.489 +05:30 [INF] HTTP GET /api/appointments/patient/upcoming responded 200 in 17.0623 ms
2026-07-14 23:56:04.792 +05:30 [INF] HTTP GET /api/records/my-records responded 200 in 318.4373 ms
