2026-07-13 09:50:51.245 +05:30 [INF] User profile is available. Using 'C:\Users\310508\AppData\Local\ASP.NET\DataProtection-Keys' as key repository and Windows DPAPI to encrypt keys at rest.
2026-07-13 09:50:58.779 +05:30 [INF] Executed DbCommand (391ms) [Parameters=[@normalizedName='?' (Size = 256)], CommandType='"Text"', CommandTimeout='30']
SELECT TOP(1) [a].[Id], [a].[ConcurrencyStamp], [a].[Name], [a].[NormalizedName]
FROM [AspNetRoles] AS [a]
WHERE [a].[NormalizedName] = @normalizedName
2026-07-13 09:50:59.196 +05:30 [INF] Executed DbCommand (13ms) [Parameters=[@normalizedName='?' (Size = 256)], CommandType='"Text"', CommandTimeout='30']
SELECT TOP(1) [a].[Id], [a].[ConcurrencyStamp], [a].[Name], [a].[NormalizedName]
FROM [AspNetRoles] AS [a]
WHERE [a].[NormalizedName] = @normalizedName
2026-07-13 09:50:59.211 +05:30 [INF] Executed DbCommand (2ms) [Parameters=[@normalizedName='?' (Size = 256)], CommandType='"Text"', CommandTimeout='30']
SELECT TOP(1) [a].[Id], [a].[ConcurrencyStamp], [a].[Name], [a].[NormalizedName]
FROM [AspNetRoles] AS [a]
WHERE [a].[NormalizedName] = @normalizedName
2026-07-13 09:50:59.227 +05:30 [INF] Executed DbCommand (2ms) [Parameters=[@normalizedName='?' (Size = 256)], CommandType='"Text"', CommandTimeout='30']
SELECT TOP(1) [a].[Id], [a].[ConcurrencyStamp], [a].[Name], [a].[NormalizedName]
FROM [AspNetRoles] AS [a]
WHERE [a].[NormalizedName] = @normalizedName
2026-07-13 09:50:59.252 +05:30 [INF] Executed DbCommand (1ms) [Parameters=[@normalizedName='?' (Size = 256)], CommandType='"Text"', CommandTimeout='30']
SELECT TOP(1) [a].[Id], [a].[ConcurrencyStamp], [a].[Name], [a].[NormalizedName]
FROM [AspNetRoles] AS [a]
WHERE [a].[NormalizedName] = @normalizedName
2026-07-13 09:50:59.263 +05:30 [INF] Executed DbCommand (1ms) [Parameters=[@normalizedName='?' (Size = 256)], CommandType='"Text"', CommandTimeout='30']
SELECT TOP(1) [a].[Id], [a].[ConcurrencyStamp], [a].[Name], [a].[NormalizedName]
FROM [AspNetRoles] AS [a]
WHERE [a].[NormalizedName] = @normalizedName
2026-07-13 09:50:59.407 +05:30 [INF] Executed DbCommand (44ms) [Parameters=[@normalizedEmail='?' (Size = 256)], CommandType='"Text"', CommandTimeout='30']
SELECT TOP(2) [a].[Id], [a].[AccessFailedCount], [a].[ConcurrencyStamp], [a].[Discriminator], [a].[Email], [a].[EmailConfirmed], [a].[LockoutEnabled], [a].[LockoutEnd], [a].[NormalizedEmail], [a].[NormalizedUserName], [a].[PasswordHash], [a].[PhoneNumber], [a].[PhoneNumberConfirmed], [a].[SecurityStamp], [a].[TwoFactorEnabled], [a].[UserName]
FROM [AspNetUsers] AS [a]
WHERE [a].[Discriminator] = N'User' AND [a].[NormalizedEmail] = @normalizedEmail
2026-07-13 09:51:01.042 +05:30 [INF] Configured endpoint appointment.events.queue, Consumer: HealthCare.Api.Messaging.AppointmentBookedConsumer
2026-07-13 09:51:02.377 +05:30 [INF] Now listening on: https://localhost:7234
2026-07-13 09:51:02.382 +05:30 [INF] Now listening on: http://localhost:5225
2026-07-13 09:51:02.462 +05:30 [INF] Bus started: "rabbitmq://localhost/"
2026-07-13 09:51:02.598 +05:30 [INF] Application started. Press Ctrl+C to shut down.
2026-07-13 09:51:02.604 +05:30 [INF] Hosting environment: Development
2026-07-13 09:51:02.607 +05:30 [INF] Content root path: C:\Users\310508\source\repos\UST-Live-01\HealthCare\HealthCare.Api
2026-07-13 09:56:02.601 +05:30 [INF] Usage Telemetry: {"id":"a89f0000-e56a-1944-e964-08dee096254e","created":"2026-07-13T09:51:00.8840859\u002B05:30","host":{"framework_version":"10.0.8","mass_transit_version":"8.5.10.0","operating_system_version":"Microsoft Windows NT 10.0.26200.0","time_zone_info":"(UTC\u002B05:30) Chennai, Kolkata, Mumbai, New Delhi","commit_hash":"62ab339afa3bac2e9b3fe1769d0d35d7e44778e9"},"bus":[{"created":"2026-07-13T09:51:00.8895474\u002B05:30","configured":"2026-07-13T09:51:01.4841428\u002B05:30","started":"2026-07-13T09:51:02.4545937\u002B05:30","name":"IBus","endpoints":[{"name":"appointment.events.queue","type":"RabbitMQ","prefetch_count":16,"consumer_count":1,"message_count":1},{"name":"_bus_","type":"RabbitMQ","prefetch_count":16}]}]}
2026-07-13 17:29:58.028 +05:30 [INF] User profile is available. Using 'C:\Users\310508\AppData\Local\ASP.NET\DataProtection-Keys' as key repository and Windows DPAPI to encrypt keys at rest.
2026-07-13 17:30:00.967 +05:30 [INF] Executed DbCommand (190ms) [Parameters=[@normalizedName='?' (Size = 256)], CommandType='"Text"', CommandTimeout='30']
SELECT TOP(1) [a].[Id], [a].[ConcurrencyStamp], [a].[Name], [a].[NormalizedName]
FROM [AspNetRoles] AS [a]
WHERE [a].[NormalizedName] = @normalizedName
2026-07-13 17:30:01.252 +05:30 [INF] Executed DbCommand (14ms) [Parameters=[@normalizedName='?' (Size = 256)], CommandType='"Text"', CommandTimeout='30']
SELECT TOP(1) [a].[Id], [a].[ConcurrencyStamp], [a].[Name], [a].[NormalizedName]
FROM [AspNetRoles] AS [a]
WHERE [a].[NormalizedName] = @normalizedName
2026-07-13 17:30:01.265 +05:30 [INF] Executed DbCommand (2ms) [Parameters=[@normalizedName='?' (Size = 256)], CommandType='"Text"', CommandTimeout='30']
SELECT TOP(1) [a].[Id], [a].[ConcurrencyStamp], [a].[Name], [a].[NormalizedName]
FROM [AspNetRoles] AS [a]
WHERE [a].[NormalizedName] = @normalizedName
2026-07-13 17:30:01.282 +05:30 [INF] Executed DbCommand (2ms) [Parameters=[@normalizedName='?' (Size = 256)], CommandType='"Text"', CommandTimeout='30']
SELECT TOP(1) [a].[Id], [a].[ConcurrencyStamp], [a].[Name], [a].[NormalizedName]
FROM [AspNetRoles] AS [a]
WHERE [a].[NormalizedName] = @normalizedName
2026-07-13 17:30:01.303 +05:30 [INF] Executed DbCommand (2ms) [Parameters=[@normalizedName='?' (Size = 256)], CommandType='"Text"', CommandTimeout='30']
SELECT TOP(1) [a].[Id], [a].[ConcurrencyStamp], [a].[Name], [a].[NormalizedName]
FROM [AspNetRoles] AS [a]
WHERE [a].[NormalizedName] = @normalizedName
2026-07-13 17:30:01.313 +05:30 [INF] Executed DbCommand (2ms) [Parameters=[@normalizedName='?' (Size = 256)], CommandType='"Text"', CommandTimeout='30']
SELECT TOP(1) [a].[Id], [a].[ConcurrencyStamp], [a].[Name], [a].[NormalizedName]
FROM [AspNetRoles] AS [a]
WHERE [a].[NormalizedName] = @normalizedName
2026-07-13 17:30:01.423 +05:30 [INF] Executed DbCommand (39ms) [Parameters=[@normalizedEmail='?' (Size = 256)], CommandType='"Text"', CommandTimeout='30']
SELECT TOP(2) [a].[Id], [a].[AccessFailedCount], [a].[ConcurrencyStamp], [a].[Discriminator], [a].[Email], [a].[EmailConfirmed], [a].[LockoutEnabled], [a].[LockoutEnd], [a].[NormalizedEmail], [a].[NormalizedUserName], [a].[PasswordHash], [a].[PhoneNumber], [a].[PhoneNumberConfirmed], [a].[SecurityStamp], [a].[TwoFactorEnabled], [a].[UserName]
FROM [AspNetUsers] AS [a]
WHERE [a].[Discriminator] = N'User' AND [a].[NormalizedEmail] = @normalizedEmail
2026-07-13 17:30:02.895 +05:30 [INF] Configured endpoint appointment.events.queue, Consumer: HealthCare.Api.Messaging.AppointmentBookedConsumer
2026-07-13 17:30:03.881 +05:30 [INF] Now listening on: https://localhost:7234
2026-07-13 17:30:03.888 +05:30 [INF] Now listening on: http://localhost:5225
2026-07-13 17:30:03.960 +05:30 [INF] Bus started: "rabbitmq://localhost/"
2026-07-13 17:30:04.054 +05:30 [INF] Application started. Press Ctrl+C to shut down.
2026-07-13 17:30:04.057 +05:30 [INF] Hosting environment: Development
2026-07-13 17:30:04.064 +05:30 [INF] Content root path: C:\Users\310508\source\repos\UST-Live-01\HealthCare\HealthCare.Api
2026-07-13 17:35:04.074 +05:30 [INF] Usage Telemetry: {"id":"7c950000-e56a-1944-4949-08dee0d6458b","created":"2026-07-13T17:30:02.7572129\u002B05:30","host":{"framework_version":"10.0.8","mass_transit_version":"8.5.10.0","operating_system_version":"Microsoft Windows NT 10.0.26200.0","time_zone_info":"(UTC\u002B05:30) Chennai, Kolkata, Mumbai, New Delhi","commit_hash":"62ab339afa3bac2e9b3fe1769d0d35d7e44778e9"},"bus":[{"created":"2026-07-13T17:30:02.7638462\u002B05:30","configured":"2026-07-13T17:30:03.2008033\u002B05:30","started":"2026-07-13T17:30:03.9539967\u002B05:30","name":"IBus","endpoints":[{"name":"appointment.events.queue","type":"RabbitMQ","prefetch_count":16,"consumer_count":1,"message_count":1},{"name":"_bus_","type":"RabbitMQ","prefetch_count":16}]}]}
2026-07-13 17:54:56.695 +05:30 [INF] User profile is available. Using 'C:\Users\310508\AppData\Local\ASP.NET\DataProtection-Keys' as key repository and Windows DPAPI to encrypt keys at rest.
2026-07-13 17:54:59.711 +05:30 [INF] Executed DbCommand (153ms) [Parameters=[@normalizedName='?' (Size = 256)], CommandType='"Text"', CommandTimeout='30']
SELECT TOP(1) [a].[Id], [a].[ConcurrencyStamp], [a].[Name], [a].[NormalizedName]
FROM [AspNetRoles] AS [a]
WHERE [a].[NormalizedName] = @normalizedName
2026-07-13 17:55:00.032 +05:30 [INF] Executed DbCommand (6ms) [Parameters=[@normalizedName='?' (Size = 256)], CommandType='"Text"', CommandTimeout='30']
SELECT TOP(1) [a].[Id], [a].[ConcurrencyStamp], [a].[Name], [a].[NormalizedName]
FROM [AspNetRoles] AS [a]
WHERE [a].[NormalizedName] = @normalizedName
2026-07-13 17:55:00.058 +05:30 [INF] Executed DbCommand (2ms) [Parameters=[@normalizedName='?' (Size = 256)], CommandType='"Text"', CommandTimeout='30']
SELECT TOP(1) [a].[Id], [a].[ConcurrencyStamp], [a].[Name], [a].[NormalizedName]
FROM [AspNetRoles] AS [a]
WHERE [a].[NormalizedName] = @normalizedName
2026-07-13 17:55:00.073 +05:30 [INF] Executed DbCommand (1ms) [Parameters=[@normalizedName='?' (Size = 256)], CommandType='"Text"', CommandTimeout='30']
SELECT TOP(1) [a].[Id], [a].[ConcurrencyStamp], [a].[Name], [a].[NormalizedName]
FROM [AspNetRoles] AS [a]
WHERE [a].[NormalizedName] = @normalizedName
2026-07-13 17:55:00.092 +05:30 [INF] Executed DbCommand (1ms) [Parameters=[@normalizedName='?' (Size = 256)], CommandType='"Text"', CommandTimeout='30']
SELECT TOP(1) [a].[Id], [a].[ConcurrencyStamp], [a].[Name], [a].[NormalizedName]
FROM [AspNetRoles] AS [a]
WHERE [a].[NormalizedName] = @normalizedName
2026-07-13 17:55:00.101 +05:30 [INF] Executed DbCommand (1ms) [Parameters=[@normalizedName='?' (Size = 256)], CommandType='"Text"', CommandTimeout='30']
SELECT TOP(1) [a].[Id], [a].[ConcurrencyStamp], [a].[Name], [a].[NormalizedName]
FROM [AspNetRoles] AS [a]
WHERE [a].[NormalizedName] = @normalizedName
2026-07-13 17:55:00.181 +05:30 [INF] Executed DbCommand (12ms) [Parameters=[@normalizedEmail='?' (Size = 256)], CommandType='"Text"', CommandTimeout='30']
SELECT TOP(2) [a].[Id], [a].[AccessFailedCount], [a].[ConcurrencyStamp], [a].[Discriminator], [a].[Email], [a].[EmailConfirmed], [a].[LockoutEnabled], [a].[LockoutEnd], [a].[NormalizedEmail], [a].[NormalizedUserName], [a].[PasswordHash], [a].[PhoneNumber], [a].[PhoneNumberConfirmed], [a].[SecurityStamp], [a].[TwoFactorEnabled], [a].[UserName]
FROM [AspNetUsers] AS [a]
WHERE [a].[Discriminator] = N'User' AND [a].[NormalizedEmail] = @normalizedEmail
2026-07-13 17:55:01.742 +05:30 [INF] Configured endpoint appointment.events.queue, Consumer: HealthCare.Api.Messaging.AppointmentBookedConsumer
2026-07-13 17:55:02.881 +05:30 [INF] Bus started: "rabbitmq://localhost/"
2026-07-13 17:55:02.893 +05:30 [INF] Now listening on: https://localhost:7234
2026-07-13 17:55:02.908 +05:30 [INF] Now listening on: http://localhost:5225
2026-07-13 17:55:03.080 +05:30 [INF] Application started. Press Ctrl+C to shut down.
2026-07-13 17:55:03.083 +05:30 [INF] Hosting environment: Development
2026-07-13 17:55:03.087 +05:30 [INF] Content root path: C:\Users\310508\source\repos\UST-Live-01\HealthCare\HealthCare.Api
2026-07-13 17:55:49.027 +05:30 [INF] Request starting HTTP/2 OPTIONS https://localhost:7234/api/auth/login - null null
2026-07-13 17:55:49.140 +05:30 [INF] CORS policy execution successful.
2026-07-13 17:55:49.151 +05:30 [INF] API Request: OPTIONS /api/auth/login responded 204
2026-07-13 17:55:49.169 +05:30 [INF] Request finished HTTP/2 OPTIONS https://localhost:7234/api/auth/login - 204 null null 148.2984ms
2026-07-13 17:55:49.177 +05:30 [INF] Request starting HTTP/2 POST https://localhost:7234/api/auth/login - application/json 51
2026-07-13 17:55:49.199 +05:30 [INF] CORS policy execution successful.
2026-07-13 17:55:49.224 +05:30 [INF] Executing endpoint 'HealthCare.Api.Controllers.AuthController.Login (HealthCare.Api)'
2026-07-13 17:55:49.281 +05:30 [INF] Route matched with {action = "Login", controller = "Auth"}. Executing controller action with signature System.Threading.Tasks.Task`1[Microsoft.AspNetCore.Mvc.IActionResult] Login(HealthCare.Api.DTOs.Auth.LoginDto) on controller HealthCare.Api.Controllers.AuthController (HealthCare.Api).
2026-07-13 17:55:49.553 +05:30 [WRN] You do not have a valid license key for the Lucky Penny software AutoMapper. This is allowed for development and testing scenarios. If you are running in production you are required to have a licensed version. Please visit https://luckypennysoftware.com to obtain a valid license.
2026-07-13 17:55:49.862 +05:30 [INF] Executed DbCommand (14ms) [Parameters=[@normalizedEmail='?' (Size = 256)], CommandType='"Text"', CommandTimeout='30']
SELECT TOP(2) [a].[Id], [a].[AccessFailedCount], [a].[ConcurrencyStamp], [a].[Discriminator], [a].[Email], [a].[EmailConfirmed], [a].[LockoutEnabled], [a].[LockoutEnd], [a].[NormalizedEmail], [a].[NormalizedUserName], [a].[PasswordHash], [a].[PhoneNumber], [a].[PhoneNumberConfirmed], [a].[SecurityStamp], [a].[TwoFactorEnabled], [a].[UserName]
FROM [AspNetUsers] AS [a]
WHERE [a].[Discriminator] = N'User' AND [a].[NormalizedEmail] = @normalizedEmail
2026-07-13 17:55:50.308 +05:30 [INF] Executed DbCommand (18ms) [Parameters=[@userId='?' (Size = 450)], CommandType='"Text"', CommandTimeout='30']
SELECT [a0].[Name]
FROM [AspNetUserRoles] AS [a]
INNER JOIN [AspNetRoles] AS [a0] ON [a].[RoleId] = [a0].[Id]
WHERE [a].[UserId] = @userId
2026-07-13 17:55:50.355 +05:30 [INF] Executed DbCommand (18ms) [Parameters=[@userId='?' (Size = 450)], CommandType='"Text"', CommandTimeout='30']
SELECT TOP(1) [p].[PatientId], [p].[CreatedDate], [p].[DateOfBirth], [p].[FullName], [p].[Gender], [p].[InsuranceId], [p].[IsActive], [p].[PhoneNumber], [p].[UserId]
FROM [Patients] AS [p]
WHERE [p].[UserId] = @userId
2026-07-13 17:55:50.527 +05:30 [INF] Executed DbCommand (1ms) [Parameters=[@userId='?' (Size = 450)], CommandType='"Text"', CommandTimeout='30']
SELECT [a0].[Name]
FROM [AspNetUserRoles] AS [a]
INNER JOIN [AspNetRoles] AS [a0] ON [a].[RoleId] = [a0].[Id]
WHERE [a].[UserId] = @userId
2026-07-13 17:55:50.640 +05:30 [INF] Executing OkObjectResult, writing value of type 'HealthCare.Api.DTOs.Auth.AuthResponseDto'.
2026-07-13 17:55:50.678 +05:30 [INF] Executed action HealthCare.Api.Controllers.AuthController.Login (HealthCare.Api) in 1382.0353ms
2026-07-13 17:55:50.685 +05:30 [INF] Executed endpoint 'HealthCare.Api.Controllers.AuthController.Login (HealthCare.Api)'
2026-07-13 17:55:50.692 +05:30 [INF] API Request: POST /api/auth/login responded 200
2026-07-13 17:55:50.716 +05:30 [INF] Request finished HTTP/2 POST https://localhost:7234/api/auth/login - 200 null application/json; charset=utf-8 1538.0574ms
2026-07-13 17:55:51.088 +05:30 [INF] Request starting HTTP/2 OPTIONS https://localhost:7234/api/records/my-records - null null
2026-07-13 17:55:51.088 +05:30 [INF] Request starting HTTP/2 OPTIONS https://localhost:7234/api/appointments/patient/upcoming - null null
2026-07-13 17:55:51.098 +05:30 [INF] CORS policy execution successful.
2026-07-13 17:55:51.102 +05:30 [INF] CORS policy execution successful.
2026-07-13 17:55:51.104 +05:30 [INF] API Request: OPTIONS /api/records/my-records responded 204
2026-07-13 17:55:51.107 +05:30 [INF] API Request: OPTIONS /api/appointments/patient/upcoming responded 204
2026-07-13 17:55:51.111 +05:30 [INF] Request finished HTTP/2 OPTIONS https://localhost:7234/api/records/my-records - 204 null null 22.3259ms
2026-07-13 17:55:51.115 +05:30 [INF] Request starting HTTP/2 GET https://localhost:7234/api/records/my-records - null null
2026-07-13 17:55:51.120 +05:30 [INF] Request finished HTTP/2 OPTIONS https://localhost:7234/api/appointments/patient/upcoming - 204 null null 31.8075ms
2026-07-13 17:55:51.124 +05:30 [INF] Request starting HTTP/2 GET https://localhost:7234/api/appointments/patient/upcoming - null null
2026-07-13 17:55:51.139 +05:30 [INF] CORS policy execution successful.
2026-07-13 17:55:51.155 +05:30 [INF] CORS policy execution successful.
2026-07-13 17:55:51.337 +05:30 [INF] Executing endpoint 'HealthCare.Api.Controllers.HealthRecordController.GetHealthRecordByPatient (HealthCare.Api)'
2026-07-13 17:55:51.337 +05:30 [INF] Executing endpoint 'HealthCare.Api.Controllers.AppointmentController.GetAppointmentByPatient (HealthCare.Api)'
2026-07-13 17:55:51.380 +05:30 [INF] Route matched with {action = "GetHealthRecordByPatient", controller = "HealthRecord"}. Executing controller action with signature System.Threading.Tasks.Task`1[Microsoft.AspNetCore.Mvc.IActionResult] GetHealthRecordByPatient() on controller HealthCare.Api.Controllers.HealthRecordController (HealthCare.Api).
2026-07-13 17:55:51.382 +05:30 [INF] Route matched with {action = "GetAppointmentByPatient", controller = "Appointment"}. Executing controller action with signature System.Threading.Tasks.Task`1[Microsoft.AspNetCore.Mvc.IActionResult] GetAppointmentByPatient() on controller HealthCare.Api.Controllers.AppointmentController (HealthCare.Api).
2026-07-13 17:55:51.581 +05:30 [INF] Executed DbCommand (33ms) [Parameters=[@id='?' (DbType = Int32)], CommandType='"Text"', CommandTimeout='30']
SELECT [h].[RecordId], [p].[FullName] AS [PatientName], [d].[FullName] AS [DoctorName], [h].[VisitDate], [h].[Diagnosis], [h].[Prescription], [h].[Notes]
FROM [HealthRecords] AS [h]
INNER JOIN [Patients] AS [p] ON [h].[PatientId] = [p].[PatientId]
INNER JOIN [Doctors] AS [d] ON [h].[DoctorId] = [d].[DoctorId]
WHERE [h].[PatientId] = @id
2026-07-13 17:55:51.590 +05:30 [INF] Executing OkObjectResult, writing value of type 'System.Collections.Generic.List`1[[HealthCare.Api.DTOs.HealthRecord.HealthRecordListDto, HealthCare.Shared, Version=1.0.0.0, Culture=neutral, PublicKeyToken=null]]'.
2026-07-13 17:55:51.607 +05:30 [INF] Executed action HealthCare.Api.Controllers.HealthRecordController.GetHealthRecordByPatient (HealthCare.Api) in 221.3736ms
2026-07-13 17:55:51.611 +05:30 [INF] Executed endpoint 'HealthCare.Api.Controllers.HealthRecordController.GetHealthRecordByPatient (HealthCare.Api)'
2026-07-13 17:55:51.614 +05:30 [INF] API Request: GET /api/records/my-records responded 200
2026-07-13 17:55:51.618 +05:30 [INF] Request finished HTTP/2 GET https://localhost:7234/api/records/my-records - 200 null application/json; charset=utf-8 503.3166ms
2026-07-13 17:55:52.101 +05:30 [INF] Executed DbCommand (32ms) [Parameters=[@id='?' (DbType = Int32)], CommandType='"Text"', CommandTimeout='30']
SELECT [a].[AppointmentId], [a].[PatientId], [p].[FullName] AS [PatientName], [d].[FullName] AS [DoctorName], [a].[ScheduledDate], [a].[TimeSlot], [a].[Status]
FROM [Appointments] AS [a]
INNER JOIN [Patients] AS [p] ON [a].[PatientId] = [p].[PatientId]
INNER JOIN [Doctors] AS [d] ON [a].[DoctorId] = [d].[DoctorId]
WHERE [a].[PatientId] = @id AND [a].[ScheduledDate] >= CAST(CONVERT(date, GETDATE()) AS date)
2026-07-13 17:55:52.110 +05:30 [INF] Executing OkObjectResult, writing value of type 'System.Collections.Generic.List`1[[HealthCare.Api.DTOs.Appointment.AppointmentListDto, HealthCare.Shared, Version=1.0.0.0, Culture=neutral, PublicKeyToken=null]]'.
2026-07-13 17:55:52.130 +05:30 [INF] Executed action HealthCare.Api.Controllers.AppointmentController.GetAppointmentByPatient (HealthCare.Api) in 739.5762ms
2026-07-13 17:55:52.134 +05:30 [INF] Executed endpoint 'HealthCare.Api.Controllers.AppointmentController.GetAppointmentByPatient (HealthCare.Api)'
2026-07-13 17:55:52.136 +05:30 [INF] API Request: GET /api/appointments/patient/upcoming responded 200
2026-07-13 17:55:52.140 +05:30 [INF] Request finished HTTP/2 GET https://localhost:7234/api/appointments/patient/upcoming - 200 null application/json; charset=utf-8 1016.5892ms
2026-07-13 17:55:54.963 +05:30 [INF] Request starting HTTP/2 GET https://localhost:7234/api/appointments/patient/upcoming - null null
2026-07-13 17:55:54.970 +05:30 [INF] CORS policy execution successful.
2026-07-13 17:55:54.983 +05:30 [INF] Executing endpoint 'HealthCare.Api.Controllers.AppointmentController.GetAppointmentByPatient (HealthCare.Api)'
2026-07-13 17:55:54.987 +05:30 [INF] Route matched with {action = "GetAppointmentByPatient", controller = "Appointment"}. Executing controller action with signature System.Threading.Tasks.Task`1[Microsoft.AspNetCore.Mvc.IActionResult] GetAppointmentByPatient() on controller HealthCare.Api.Controllers.AppointmentController (HealthCare.Api).
2026-07-13 17:55:55.004 +05:30 [INF] Executed DbCommand (1ms) [Parameters=[@id='?' (DbType = Int32)], CommandType='"Text"', CommandTimeout='30']
SELECT [a].[AppointmentId], [a].[PatientId], [p].[FullName] AS [PatientName], [d].[FullName] AS [DoctorName], [a].[ScheduledDate], [a].[TimeSlot], [a].[Status]
FROM [Appointments] AS [a]
INNER JOIN [Patients] AS [p] ON [a].[PatientId] = [p].[PatientId]
INNER JOIN [Doctors] AS [d] ON [a].[DoctorId] = [d].[DoctorId]
WHERE [a].[PatientId] = @id AND [a].[ScheduledDate] >= CAST(CONVERT(date, GETDATE()) AS date)
2026-07-13 17:55:55.013 +05:30 [INF] Executing OkObjectResult, writing value of type 'System.Collections.Generic.List`1[[HealthCare.Api.DTOs.Appointment.AppointmentListDto, HealthCare.Shared, Version=1.0.0.0, Culture=neutral, PublicKeyToken=null]]'.
2026-07-13 17:55:55.017 +05:30 [INF] Executed action HealthCare.Api.Controllers.AppointmentController.GetAppointmentByPatient (HealthCare.Api) in 25.787ms
2026-07-13 17:55:55.020 +05:30 [INF] Executed endpoint 'HealthCare.Api.Controllers.AppointmentController.GetAppointmentByPatient (HealthCare.Api)'
2026-07-13 17:55:55.023 +05:30 [INF] API Request: GET /api/appointments/patient/upcoming responded 200
2026-07-13 17:55:55.030 +05:30 [INF] Request finished HTTP/2 GET https://localhost:7234/api/appointments/patient/upcoming - 200 null application/json; charset=utf-8 66.5576ms
2026-07-13 17:56:16.782 +05:30 [INF] Request starting HTTP/2 OPTIONS https://localhost:7234/api/doctors/available?specialisation=Dermatologist&date=2026-07-14 - null null
2026-07-13 17:56:16.791 +05:30 [INF] CORS policy execution successful.
2026-07-13 17:56:16.794 +05:30 [INF] API Request: OPTIONS /api/doctors/available responded 204
2026-07-13 17:56:16.800 +05:30 [INF] Request finished HTTP/2 OPTIONS https://localhost:7234/api/doctors/available?specialisation=Dermatologist&date=2026-07-14 - 204 null null 17.5132ms
2026-07-13 17:56:16.804 +05:30 [INF] Request starting HTTP/2 GET https://localhost:7234/api/doctors/available?specialisation=Dermatologist&date=2026-07-14 - null null
2026-07-13 17:56:16.821 +05:30 [INF] CORS policy execution successful.
2026-07-13 17:56:16.826 +05:30 [INF] Executing endpoint 'HealthCare.Api.Controllers.DoctorController.GetAvailableDoctors (HealthCare.Api)'
2026-07-13 17:56:16.847 +05:30 [INF] Route matched with {action = "GetAvailableDoctors", controller = "Doctor"}. Executing controller action with signature System.Threading.Tasks.Task`1[Microsoft.AspNetCore.Mvc.IActionResult] GetAvailableDoctors(System.String, System.DateOnly) on controller HealthCare.Api.Controllers.DoctorController (HealthCare.Api).
2026-07-13 17:56:17.447 +05:30 [INF] Cache MISS for key: doctors:available:dermatologist:2026-07-14
2026-07-13 17:56:17.660 +05:30 [INF] Executed DbCommand (122ms) [Parameters=[@specialisation='?' (Size = 50), @date='?' (DbType = Date)], CommandType='"Text"', CommandTimeout='30']
SELECT [d].[DoctorId], [d].[FullName], [d].[Specialisation], [d].[ConsultationFee], [d].[IsActive]
FROM [Doctors] AS [d]
WHERE [d].[Specialisation] = @specialisation AND [d].[IsActive] = CAST(1 AS bit) AND NOT EXISTS (
    SELECT 1
    FROM [DoctorLeaves] AS [d0]
    WHERE [d].[DoctorId] = [d0].[DoctorId] AND [d0].[LeaveDate] = @date) AND EXISTS (
    SELECT 1
    FROM (
        SELECT [d1].[TimeSlot]
        FROM [DoctorAvailableSlots] AS [d1]
        WHERE [d].[DoctorId] = [d1].[DoctorId]
        EXCEPT
        SELECT [a].[TimeSlot]
        FROM [Appointments] AS [a]
        WHERE [d].[DoctorId] = [a].[DoctorId] AND [a].[ScheduledDate] = @date AND [a].[Status] <> N'Cancelled'
    ) AS [e])
2026-07-13 17:56:17.794 +05:30 [INF] Cache SET for key: doctors:available:dermatologist:2026-07-14 with 5 minutes TTL
2026-07-13 17:56:17.800 +05:30 [INF] Executing OkObjectResult, writing value of type 'System.Collections.Generic.List`1[[HealthCare.Api.DTOs.Doctor.DoctorListDto, HealthCare.Shared, Version=1.0.0.0, Culture=neutral, PublicKeyToken=null]]'.
2026-07-13 17:56:17.807 +05:30 [INF] Executed action HealthCare.Api.Controllers.DoctorController.GetAvailableDoctors (HealthCare.Api) in 956.206ms
2026-07-13 17:56:17.811 +05:30 [INF] Executed endpoint 'HealthCare.Api.Controllers.DoctorController.GetAvailableDoctors (HealthCare.Api)'
2026-07-13 17:56:17.815 +05:30 [INF] API Request: GET /api/doctors/available responded 200
2026-07-13 17:56:17.820 +05:30 [INF] Request finished HTTP/2 GET https://localhost:7234/api/doctors/available?specialisation=Dermatologist&date=2026-07-14 - 200 null application/json; charset=utf-8 1015.7978ms
2026-07-13 17:56:19.515 +05:30 [INF] Request starting HTTP/2 OPTIONS https://localhost:7234/api/appointments/available-slots?date=2026-07-14&doctorId=6 - null null
2026-07-13 17:56:19.524 +05:30 [INF] CORS policy execution successful.
2026-07-13 17:56:19.527 +05:30 [INF] API Request: OPTIONS /api/appointments/available-slots responded 204
2026-07-13 17:56:19.531 +05:30 [INF] Request finished HTTP/2 OPTIONS https://localhost:7234/api/appointments/available-slots?date=2026-07-14&doctorId=6 - 204 null null 16.2059ms
2026-07-13 17:56:19.535 +05:30 [INF] Request starting HTTP/2 GET https://localhost:7234/api/appointments/available-slots?date=2026-07-14&doctorId=6 - null null
2026-07-13 17:56:19.549 +05:30 [INF] CORS policy execution successful.
2026-07-13 17:56:19.555 +05:30 [INF] Executing endpoint 'HealthCare.Api.Controllers.AppointmentController.GetAvailableTimeSlots (HealthCare.Api)'
2026-07-13 17:56:19.578 +05:30 [INF] Route matched with {action = "GetAvailableTimeSlots", controller = "Appointment"}. Executing controller action with signature System.Threading.Tasks.Task`1[Microsoft.AspNetCore.Mvc.IActionResult] GetAvailableTimeSlots(System.DateOnly, Int32) on controller HealthCare.Api.Controllers.AppointmentController (HealthCare.Api).
2026-07-13 17:56:19.620 +05:30 [INF] Executed DbCommand (5ms) [Parameters=[@doctorId='?' (DbType = Int32)], CommandType='"Text"', CommandTimeout='30']
SELECT [d].[TimeSlot]
FROM [DoctorAvailableSlots] AS [d]
WHERE [d].[DoctorId] = @doctorId
2026-07-13 17:56:19.645 +05:30 [INF] Executed DbCommand (9ms) [Parameters=[@date='?' (DbType = Date), @doctorId='?' (DbType = Int32)], CommandType='"Text"', CommandTimeout='30']
SELECT [a].[TimeSlot]
FROM [Appointments] AS [a]
WHERE [a].[ScheduledDate] = @date AND [a].[DoctorId] = @doctorId AND [a].[Status] <> N'Cancelled'
2026-07-13 17:56:19.652 +05:30 [INF] Executing OkObjectResult, writing value of type 'System.Collections.Generic.List`1[[System.String, System.Private.CoreLib, Version=10.0.0.0, Culture=neutral, PublicKeyToken=7cec85d7bea7798e]]'.
2026-07-13 17:56:19.657 +05:30 [INF] Executed action HealthCare.Api.Controllers.AppointmentController.GetAvailableTimeSlots (HealthCare.Api) in 74.4807ms
2026-07-13 17:56:19.660 +05:30 [INF] Executed endpoint 'HealthCare.Api.Controllers.AppointmentController.GetAvailableTimeSlots (HealthCare.Api)'
2026-07-13 17:56:19.663 +05:30 [INF] API Request: GET /api/appointments/available-slots responded 200
2026-07-13 17:56:19.667 +05:30 [INF] Request finished HTTP/2 GET https://localhost:7234/api/appointments/available-slots?date=2026-07-14&doctorId=6 - 200 null application/json; charset=utf-8 131.9443ms
2026-07-13 17:58:28.995 +05:30 [INF] Request starting HTTP/2 OPTIONS https://localhost:7234/api/appointments/patient/upcoming - null null
2026-07-13 17:58:29.014 +05:30 [INF] CORS policy execution successful.
2026-07-13 17:58:29.027 +05:30 [INF] API Request: OPTIONS /api/appointments/patient/upcoming responded 204
2026-07-13 17:58:29.033 +05:30 [INF] Request finished HTTP/2 OPTIONS https://localhost:7234/api/appointments/patient/upcoming - 204 null null 37.8406ms
2026-07-13 17:58:29.037 +05:30 [INF] Request starting HTTP/2 GET https://localhost:7234/api/appointments/patient/upcoming - null null
2026-07-13 17:58:29.051 +05:30 [INF] CORS policy execution successful.
2026-07-13 17:58:29.054 +05:30 [INF] Executing endpoint 'HealthCare.Api.Controllers.AppointmentController.GetAppointmentByPatient (HealthCare.Api)'
2026-07-13 17:58:29.058 +05:30 [INF] Route matched with {action = "GetAppointmentByPatient", controller = "Appointment"}. Executing controller action with signature System.Threading.Tasks.Task`1[Microsoft.AspNetCore.Mvc.IActionResult] GetAppointmentByPatient() on controller HealthCare.Api.Controllers.AppointmentController (HealthCare.Api).
2026-07-13 17:58:29.111 +05:30 [INF] Executed DbCommand (45ms) [Parameters=[@id='?' (DbType = Int32)], CommandType='"Text"', CommandTimeout='30']
SELECT [a].[AppointmentId], [a].[PatientId], [p].[FullName] AS [PatientName], [d].[FullName] AS [DoctorName], [a].[ScheduledDate], [a].[TimeSlot], [a].[Status]
FROM [Appointments] AS [a]
INNER JOIN [Patients] AS [p] ON [a].[PatientId] = [p].[PatientId]
INNER JOIN [Doctors] AS [d] ON [a].[DoctorId] = [d].[DoctorId]
WHERE [a].[PatientId] = @id AND [a].[ScheduledDate] >= CAST(CONVERT(date, GETDATE()) AS date)
2026-07-13 17:58:29.122 +05:30 [INF] Executing OkObjectResult, writing value of type 'System.Collections.Generic.List`1[[HealthCare.Api.DTOs.Appointment.AppointmentListDto, HealthCare.Shared, Version=1.0.0.0, Culture=neutral, PublicKeyToken=null]]'.
2026-07-13 17:58:29.128 +05:30 [INF] Executed action HealthCare.Api.Controllers.AppointmentController.GetAppointmentByPatient (HealthCare.Api) in 65.9601ms
2026-07-13 17:58:29.134 +05:30 [INF] Executed endpoint 'HealthCare.Api.Controllers.AppointmentController.GetAppointmentByPatient (HealthCare.Api)'
2026-07-13 17:58:29.138 +05:30 [INF] API Request: GET /api/appointments/patient/upcoming responded 200
2026-07-13 17:58:29.142 +05:30 [INF] Request finished HTTP/2 GET https://localhost:7234/api/appointments/patient/upcoming - 200 null application/json; charset=utf-8 105.5795ms
2026-07-13 17:58:37.186 +05:30 [INF] Request starting HTTP/2 OPTIONS https://localhost:7234/api/doctors/available?specialisation=Dermatologist&date=2026-07-14 - null null
2026-07-13 17:58:37.193 +05:30 [INF] CORS policy execution successful.
2026-07-13 17:58:37.195 +05:30 [INF] API Request: OPTIONS /api/doctors/available responded 204
2026-07-13 17:58:37.200 +05:30 [INF] Request finished HTTP/2 OPTIONS https://localhost:7234/api/doctors/available?specialisation=Dermatologist&date=2026-07-14 - 204 null null 14.3234ms
2026-07-13 17:58:37.205 +05:30 [INF] Request starting HTTP/2 GET https://localhost:7234/api/doctors/available?specialisation=Dermatologist&date=2026-07-14 - null null
2026-07-13 17:58:37.220 +05:30 [INF] CORS policy execution successful.
2026-07-13 17:58:37.224 +05:30 [INF] Executing endpoint 'HealthCare.Api.Controllers.DoctorController.GetAvailableDoctors (HealthCare.Api)'
2026-07-13 17:58:37.228 +05:30 [INF] Route matched with {action = "GetAvailableDoctors", controller = "Doctor"}. Executing controller action with signature System.Threading.Tasks.Task`1[Microsoft.AspNetCore.Mvc.IActionResult] GetAvailableDoctors(System.String, System.DateOnly) on controller HealthCare.Api.Controllers.DoctorController (HealthCare.Api).
2026-07-13 17:58:37.263 +05:30 [INF] Cache HIT for key: doctors:available:dermatologist:2026-07-14
2026-07-13 17:58:37.272 +05:30 [INF] Executing OkObjectResult, writing value of type 'System.Collections.Generic.List`1[[HealthCare.Api.DTOs.Doctor.DoctorListDto, HealthCare.Shared, Version=1.0.0.0, Culture=neutral, PublicKeyToken=null]]'.
2026-07-13 17:58:37.276 +05:30 [INF] Executed action HealthCare.Api.Controllers.DoctorController.GetAvailableDoctors (HealthCare.Api) in 42.9927ms
2026-07-13 17:58:37.281 +05:30 [INF] Executed endpoint 'HealthCare.Api.Controllers.DoctorController.GetAvailableDoctors (HealthCare.Api)'
2026-07-13 17:58:37.284 +05:30 [INF] API Request: GET /api/doctors/available responded 200
2026-07-13 17:58:37.288 +05:30 [INF] Request finished HTTP/2 GET https://localhost:7234/api/doctors/available?specialisation=Dermatologist&date=2026-07-14 - 200 null application/json; charset=utf-8 83.4587ms
2026-07-13 17:58:41.293 +05:30 [INF] Request starting HTTP/2 OPTIONS https://localhost:7234/api/appointments/available-slots?date=2026-07-14&doctorId=6 - null null
2026-07-13 17:58:41.302 +05:30 [INF] CORS policy execution successful.
2026-07-13 17:58:41.304 +05:30 [INF] API Request: OPTIONS /api/appointments/available-slots responded 204
2026-07-13 17:58:41.308 +05:30 [INF] Request finished HTTP/2 OPTIONS https://localhost:7234/api/appointments/available-slots?date=2026-07-14&doctorId=6 - 204 null null 15.1887ms
2026-07-13 17:58:41.312 +05:30 [INF] Request starting HTTP/2 GET https://localhost:7234/api/appointments/available-slots?date=2026-07-14&doctorId=6 - null null
2026-07-13 17:58:41.325 +05:30 [INF] CORS policy execution successful.
2026-07-13 17:58:41.329 +05:30 [INF] Executing endpoint 'HealthCare.Api.Controllers.AppointmentController.GetAvailableTimeSlots (HealthCare.Api)'
2026-07-13 17:58:41.332 +05:30 [INF] Route matched with {action = "GetAvailableTimeSlots", controller = "Appointment"}. Executing controller action with signature System.Threading.Tasks.Task`1[Microsoft.AspNetCore.Mvc.IActionResult] GetAvailableTimeSlots(System.DateOnly, Int32) on controller HealthCare.Api.Controllers.AppointmentController (HealthCare.Api).
2026-07-13 17:58:41.370 +05:30 [INF] Executed DbCommand (29ms) [Parameters=[@doctorId='?' (DbType = Int32)], CommandType='"Text"', CommandTimeout='30']
SELECT [d].[TimeSlot]
FROM [DoctorAvailableSlots] AS [d]
WHERE [d].[DoctorId] = @doctorId
2026-07-13 17:58:41.391 +05:30 [INF] Executed DbCommand (12ms) [Parameters=[@date='?' (DbType = Date), @doctorId='?' (DbType = Int32)], CommandType='"Text"', CommandTimeout='30']
SELECT [a].[TimeSlot]
FROM [Appointments] AS [a]
WHERE [a].[ScheduledDate] = @date AND [a].[DoctorId] = @doctorId AND [a].[Status] <> N'Cancelled'
2026-07-13 17:58:41.400 +05:30 [INF] Executing OkObjectResult, writing value of type 'System.Collections.Generic.List`1[[System.String, System.Private.CoreLib, Version=10.0.0.0, Culture=neutral, PublicKeyToken=7cec85d7bea7798e]]'.
2026-07-13 17:58:41.407 +05:30 [INF] Executed action HealthCare.Api.Controllers.AppointmentController.GetAvailableTimeSlots (HealthCare.Api) in 68.7814ms
2026-07-13 17:58:41.411 +05:30 [INF] Executed endpoint 'HealthCare.Api.Controllers.AppointmentController.GetAvailableTimeSlots (HealthCare.Api)'
2026-07-13 17:58:41.415 +05:30 [INF] API Request: GET /api/appointments/available-slots responded 200
2026-07-13 17:58:41.421 +05:30 [INF] Request finished HTTP/2 GET https://localhost:7234/api/appointments/available-slots?date=2026-07-14&doctorId=6 - 200 null application/json; charset=utf-8 109.2594ms
2026-07-13 17:59:13.063 +05:30 [INF] Request starting HTTP/2 OPTIONS https://localhost:7234/api/appointments/book - null null
2026-07-13 17:59:13.073 +05:30 [INF] CORS policy execution successful.
2026-07-13 17:59:13.075 +05:30 [INF] API Request: OPTIONS /api/appointments/book responded 204
2026-07-13 17:59:13.079 +05:30 [INF] Request finished HTTP/2 OPTIONS https://localhost:7234/api/appointments/book - 204 null null 16.1332ms
2026-07-13 17:59:13.084 +05:30 [INF] Request starting HTTP/2 POST https://localhost:7234/api/appointments/book - application/json 65
2026-07-13 17:59:13.093 +05:30 [INF] CORS policy execution successful.
2026-07-13 17:59:13.095 +05:30 [INF] Executing endpoint 'HealthCare.Api.Controllers.AppointmentController.BookAppointment (HealthCare.Api)'
2026-07-13 17:59:13.116 +05:30 [INF] Route matched with {action = "BookAppointment", controller = "Appointment"}. Executing controller action with signature System.Threading.Tasks.Task`1[Microsoft.AspNetCore.Mvc.IActionResult] BookAppointment(HealthCare.Shared.DTOs.Appointment.CreateAppointmentDto) on controller HealthCare.Api.Controllers.AppointmentController (HealthCare.Api).
2026-07-13 17:59:13.197 +05:30 [INF] Executed DbCommand (15ms) [Parameters=[@date='?' (DbType = Date), @doctorId='?' (DbType = Int32), @timeSlot='?' (Size = 20)], CommandType='"Text"', CommandTimeout='30']
SELECT CASE
    WHEN EXISTS (
        SELECT 1
        FROM [Appointments] AS [a]
        WHERE [a].[ScheduledDate] = @date AND [a].[DoctorId] = @doctorId AND [a].[TimeSlot] = @timeSlot AND [a].[Status] <> N'Cancelled') THEN CAST(1 AS bit)
    ELSE CAST(0 AS bit)
END
2026-07-13 17:59:13.586 +05:30 [INF] Executed DbCommand (36ms) [Parameters=[@p0='?' (Size = 500), @p1='?' (DbType = DateTimeOffset), @p2='?' (DbType = Int32), @p3='?' (DbType = Int32), @p4='?' (DbType = Date), @p5='?' (Size = 20), @p6='?' (Size = 20)], CommandType='"Text"', CommandTimeout='30']
SET IMPLICIT_TRANSACTIONS OFF;
SET NOCOUNT ON;
INSERT INTO [Appointments] ([CancellationReason], [CreatedDate], [DoctorId], [PatientId], [ScheduledDate], [Status], [TimeSlot])
OUTPUT INSERTED.[AppointmentId]
VALUES (@p0, @p1, @p2, @p3, @p4, @p5, @p6);
2026-07-13 17:59:13.658 +05:30 [INF] Appointment booked: AppointmentId 1023
2026-07-13 17:59:13.681 +05:30 [INF] Executed DbCommand (7ms) [Parameters=[@patientId='?' (DbType = Int32)], CommandType='"Text"', CommandTimeout='30']
SELECT TOP(1) [p].[PatientId], [p].[CreatedDate], [p].[DateOfBirth], [p].[FullName], [p].[Gender], [p].[InsuranceId], [p].[IsActive], [p].[PhoneNumber], [p].[UserId]
FROM [Patients] AS [p]
WHERE [p].[PatientId] = @patientId
2026-07-13 17:59:14.123 +05:30 [INF] AppointmentBookedEvent published. AppointmentId: 1023, DoctorId: 6
2026-07-13 17:59:14.127 +05:30 [INF] Executing OkObjectResult, writing value of type '<>f__AnonymousType0`1[[System.String, System.Private.CoreLib, Version=10.0.0.0, Culture=neutral, PublicKeyToken=7cec85d7bea7798e]]'.
2026-07-13 17:59:14.136 +05:30 [INF] Executed action HealthCare.Api.Controllers.AppointmentController.BookAppointment (HealthCare.Api) in 1014.0686ms
2026-07-13 17:59:14.140 +05:30 [INF] Executed endpoint 'HealthCare.Api.Controllers.AppointmentController.BookAppointment (HealthCare.Api)'
2026-07-13 17:59:14.144 +05:30 [INF] API Request: POST /api/appointments/book responded 200
2026-07-13 17:59:14.148 +05:30 [INF] Request finished HTTP/2 POST https://localhost:7234/api/appointments/book - 200 null application/json; charset=utf-8 1064.1509ms
2026-07-13 17:59:14.202 +05:30 [INF] Received AppointmentBookedEvent. AppointmentId=1023
2026-07-13 17:59:14.274 +05:30 [INF] Executed DbCommand (14ms) [Parameters=[@p0='?' (DbType = DateTime2), @p1='?' (DbType = Int32), @p2='?' (DbType = Boolean), @p3='?' (Size = 500)], CommandType='"Text"', CommandTimeout='30']
SET IMPLICIT_TRANSACTIONS OFF;
SET NOCOUNT ON;
INSERT INTO [Notifications] ([CreatedAtUtc], [DoctorId], [IsRead], [Message])
OUTPUT INSERTED.[NotificationId]
VALUES (@p0, @p1, @p2, @p3);
2026-07-13 17:59:14.288 +05:30 [INF] Notification created for DoctorId 6 from AppointmentId 1023
2026-07-13 18:00:02.952 +05:30 [INF] Usage Telemetry: {"id":"54500000-e56a-1944-692d-08dee0d9c2ed","created":"2026-07-13T17:55:01.6111860\u002B05:30","host":{"framework_version":"10.0.8","mass_transit_version":"8.5.10.0","operating_system_version":"Microsoft Windows NT 10.0.26200.0","time_zone_info":"(UTC\u002B05:30) Chennai, Kolkata, Mumbai, New Delhi","commit_hash":"62ab339afa3bac2e9b3fe1769d0d35d7e44778e9"},"bus":[{"created":"2026-07-13T17:55:01.6272835\u002B05:30","configured":"2026-07-13T17:55:02.0751985\u002B05:30","started":"2026-07-13T17:55:02.8749272\u002B05:30","name":"IBus","endpoints":[{"name":"appointment.events.queue","type":"RabbitMQ","prefetch_count":16,"consumer_count":1,"message_count":1},{"name":"_bus_","type":"RabbitMQ","prefetch_count":16}]}]}
