2026-07-11 15:34:28.399 +05:30 [INF] User profile is available. Using 'C:\Users\310508\AppData\Local\ASP.NET\DataProtection-Keys' as key repository and Windows DPAPI to encrypt keys at rest.
2026-07-11 15:34:37.677 +05:30 [INF] Executed DbCommand (204ms) [Parameters=[@normalizedName='?' (Size = 256)], CommandType='"Text"', CommandTimeout='30']
SELECT TOP(1) [a].[Id], [a].[ConcurrencyStamp], [a].[Name], [a].[NormalizedName]
FROM [AspNetRoles] AS [a]
WHERE [a].[NormalizedName] = @normalizedName
2026-07-11 15:34:38.036 +05:30 [INF] Executed DbCommand (9ms) [Parameters=[@normalizedName='?' (Size = 256)], CommandType='"Text"', CommandTimeout='30']
SELECT TOP(1) [a].[Id], [a].[ConcurrencyStamp], [a].[Name], [a].[NormalizedName]
FROM [AspNetRoles] AS [a]
WHERE [a].[NormalizedName] = @normalizedName
2026-07-11 15:34:38.053 +05:30 [INF] Executed DbCommand (1ms) [Parameters=[@normalizedName='?' (Size = 256)], CommandType='"Text"', CommandTimeout='30']
SELECT TOP(1) [a].[Id], [a].[ConcurrencyStamp], [a].[Name], [a].[NormalizedName]
FROM [AspNetRoles] AS [a]
WHERE [a].[NormalizedName] = @normalizedName
2026-07-11 15:34:38.073 +05:30 [INF] Executed DbCommand (1ms) [Parameters=[@normalizedName='?' (Size = 256)], CommandType='"Text"', CommandTimeout='30']
SELECT TOP(1) [a].[Id], [a].[ConcurrencyStamp], [a].[Name], [a].[NormalizedName]
FROM [AspNetRoles] AS [a]
WHERE [a].[NormalizedName] = @normalizedName
2026-07-11 15:34:38.098 +05:30 [INF] Executed DbCommand (1ms) [Parameters=[@normalizedName='?' (Size = 256)], CommandType='"Text"', CommandTimeout='30']
SELECT TOP(1) [a].[Id], [a].[ConcurrencyStamp], [a].[Name], [a].[NormalizedName]
FROM [AspNetRoles] AS [a]
WHERE [a].[NormalizedName] = @normalizedName
2026-07-11 15:34:38.111 +05:30 [INF] Executed DbCommand (1ms) [Parameters=[@normalizedName='?' (Size = 256)], CommandType='"Text"', CommandTimeout='30']
SELECT TOP(1) [a].[Id], [a].[ConcurrencyStamp], [a].[Name], [a].[NormalizedName]
FROM [AspNetRoles] AS [a]
WHERE [a].[NormalizedName] = @normalizedName
2026-07-11 15:34:38.224 +05:30 [INF] Executed DbCommand (16ms) [Parameters=[@normalizedEmail='?' (Size = 256)], CommandType='"Text"', CommandTimeout='30']
SELECT TOP(2) [a].[Id], [a].[AccessFailedCount], [a].[ConcurrencyStamp], [a].[Discriminator], [a].[Email], [a].[EmailConfirmed], [a].[LockoutEnabled], [a].[LockoutEnd], [a].[NormalizedEmail], [a].[NormalizedUserName], [a].[PasswordHash], [a].[PhoneNumber], [a].[PhoneNumberConfirmed], [a].[SecurityStamp], [a].[TwoFactorEnabled], [a].[UserName]
FROM [AspNetUsers] AS [a]
WHERE [a].[Discriminator] = N'User' AND [a].[NormalizedEmail] = @normalizedEmail
2026-07-11 15:34:39.852 +05:30 [INF] Configured endpoint appointment.events.queue, Consumer: HealthCare.Api.Messaging.AppointmentBookedEventConsumer
2026-07-11 15:34:41.127 +05:30 [INF] Now listening on: https://localhost:7234
2026-07-11 15:34:41.133 +05:30 [INF] Now listening on: http://localhost:5225
2026-07-11 15:34:41.209 +05:30 [INF] Bus started: "rabbitmq://localhost/"
2026-07-11 15:34:41.365 +05:30 [INF] Application started. Press Ctrl+C to shut down.
2026-07-11 15:34:41.370 +05:30 [INF] Hosting environment: Development
2026-07-11 15:34:41.374 +05:30 [INF] Content root path: C:\Users\310508\source\repos\UST-Live-01\HealthCare\HealthCare.Api
2026-07-11 15:34:56.147 +05:30 [INF] Request starting HTTP/2 OPTIONS https://localhost:7234/api/auth/login - null null
2026-07-11 15:34:56.303 +05:30 [INF] CORS policy execution successful.
2026-07-11 15:34:56.319 +05:30 [INF] API Request: OPTIONS /api/auth/login responded 204
2026-07-11 15:34:56.342 +05:30 [INF] Request finished HTTP/2 OPTIONS https://localhost:7234/api/auth/login - 204 null null 199.2299ms
2026-07-11 15:34:56.352 +05:30 [INF] Request starting HTTP/2 POST https://localhost:7234/api/auth/login - application/json 55
2026-07-11 15:34:56.380 +05:30 [INF] CORS policy execution successful.
2026-07-11 15:34:56.416 +05:30 [INF] Executing endpoint 'HealthCare.Api.Controllers.AuthController.Login (HealthCare.Api)'
2026-07-11 15:34:56.485 +05:30 [INF] Route matched with {action = "Login", controller = "Auth"}. Executing controller action with signature System.Threading.Tasks.Task`1[Microsoft.AspNetCore.Mvc.IActionResult] Login(HealthCare.Api.DTOs.Auth.LoginDto) on controller HealthCare.Api.Controllers.AuthController (HealthCare.Api).
2026-07-11 15:34:56.837 +05:30 [WRN] You do not have a valid license key for the Lucky Penny software AutoMapper. This is allowed for development and testing scenarios. If you are running in production you are required to have a licensed version. Please visit https://luckypennysoftware.com to obtain a valid license.
2026-07-11 15:34:57.153 +05:30 [INF] Executed DbCommand (1ms) [Parameters=[@normalizedEmail='?' (Size = 256)], CommandType='"Text"', CommandTimeout='30']
SELECT TOP(2) [a].[Id], [a].[AccessFailedCount], [a].[ConcurrencyStamp], [a].[Discriminator], [a].[Email], [a].[EmailConfirmed], [a].[LockoutEnabled], [a].[LockoutEnd], [a].[NormalizedEmail], [a].[NormalizedUserName], [a].[PasswordHash], [a].[PhoneNumber], [a].[PhoneNumberConfirmed], [a].[SecurityStamp], [a].[TwoFactorEnabled], [a].[UserName]
FROM [AspNetUsers] AS [a]
WHERE [a].[Discriminator] = N'User' AND [a].[NormalizedEmail] = @normalizedEmail
2026-07-11 15:34:57.626 +05:30 [INF] Executed DbCommand (12ms) [Parameters=[@userId='?' (Size = 450)], CommandType='"Text"', CommandTimeout='30']
SELECT [a0].[Name]
FROM [AspNetUserRoles] AS [a]
INNER JOIN [AspNetRoles] AS [a0] ON [a].[RoleId] = [a0].[Id]
WHERE [a].[UserId] = @userId
2026-07-11 15:34:57.685 +05:30 [INF] Executed DbCommand (12ms) [Parameters=[@userId='?' (Size = 450)], CommandType='"Text"', CommandTimeout='30']
SELECT TOP(1) [d].[DoctorId], [d].[ConsultationFee], [d].[CreatedDate], [d].[FullName], [d].[IsActive], [d].[Specialisation], [d].[UserId], [d].[YearsOfExperience]
FROM [Doctors] AS [d]
WHERE [d].[UserId] = @userId
2026-07-11 15:34:57.904 +05:30 [INF] Executed DbCommand (1ms) [Parameters=[@userId='?' (Size = 450)], CommandType='"Text"', CommandTimeout='30']
SELECT [a0].[Name]
FROM [AspNetUserRoles] AS [a]
INNER JOIN [AspNetRoles] AS [a0] ON [a].[RoleId] = [a0].[Id]
WHERE [a].[UserId] = @userId
2026-07-11 15:34:58.030 +05:30 [INF] Executing OkObjectResult, writing value of type 'HealthCare.Api.DTOs.Auth.AuthResponseDto'.
2026-07-11 15:34:58.075 +05:30 [INF] Executed action HealthCare.Api.Controllers.AuthController.Login (HealthCare.Api) in 1569.6306ms
2026-07-11 15:34:58.084 +05:30 [INF] Executed endpoint 'HealthCare.Api.Controllers.AuthController.Login (HealthCare.Api)'
2026-07-11 15:34:58.094 +05:30 [INF] API Request: POST /api/auth/login responded 200
2026-07-11 15:34:58.122 +05:30 [INF] Request finished HTTP/2 POST https://localhost:7234/api/auth/login - 200 null application/json; charset=utf-8 1770.5233ms
2026-07-11 15:34:58.487 +05:30 [INF] Request starting HTTP/2 OPTIONS https://localhost:7234/api/doctors/dashboard-summary - null null
2026-07-11 15:34:58.497 +05:30 [INF] CORS policy execution successful.
2026-07-11 15:34:58.502 +05:30 [INF] API Request: OPTIONS /api/doctors/dashboard-summary responded 204
2026-07-11 15:34:58.508 +05:30 [INF] Request finished HTTP/2 OPTIONS https://localhost:7234/api/doctors/dashboard-summary - 204 null null 21.0207ms
2026-07-11 15:34:58.512 +05:30 [INF] Request starting HTTP/2 GET https://localhost:7234/api/doctors/dashboard-summary - null null
2026-07-11 15:34:58.536 +05:30 [INF] CORS policy execution successful.
2026-07-11 15:34:58.760 +05:30 [INF] Executing endpoint 'HealthCare.Api.Controllers.DoctorController.GetDashboardSummary (HealthCare.Api)'
2026-07-11 15:34:58.787 +05:30 [INF] Route matched with {action = "GetDashboardSummary", controller = "Doctor"}. Executing controller action with signature System.Threading.Tasks.Task`1[Microsoft.AspNetCore.Mvc.IActionResult] GetDashboardSummary() on controller HealthCare.Api.Controllers.DoctorController (HealthCare.Api).
2026-07-11 15:34:59.000 +05:30 [INF] Executed DbCommand (18ms) [Parameters=[@doctorId='?' (DbType = Int32), @today='?' (DbType = Date)], CommandType='"Text"', CommandTimeout='30']
SELECT COUNT(*)
FROM [Appointments] AS [a]
WHERE [a].[DoctorId] = @doctorId AND [a].[ScheduledDate] > @today AND [a].[Status] <> N'Cancelled'
2026-07-11 15:34:59.036 +05:30 [INF] Executed DbCommand (9ms) [Parameters=[@doctorId='?' (DbType = Int32), @today='?' (DbType = Date)], CommandType='"Text"', CommandTimeout='30']
SELECT COUNT(*)
FROM [Appointments] AS [a]
WHERE [a].[DoctorId] = @doctorId AND ([a].[Status] = N'Completed' OR ([a].[ScheduledDate] < @today AND [a].[Status] = N'Confirmed'))
2026-07-11 15:34:59.062 +05:30 [INF] Executed DbCommand (8ms) [Parameters=[@doctorId='?' (DbType = Int32), @today='?' (DbType = Date)], CommandType='"Text"', CommandTimeout='30']
SELECT COUNT(*)
FROM [Appointments] AS [a]
WHERE [a].[DoctorId] = @doctorId AND [a].[ScheduledDate] = @today AND [a].[Status] <> N'Cancelled'
2026-07-11 15:34:59.100 +05:30 [INF] Executed DbCommand (6ms) [Parameters=[@doctorId='?' (DbType = Int32)], CommandType='"Text"', CommandTimeout='30']
SELECT [d].[Id], [d].[DoctorId], [d].[LeaveDate], [d].[Reason]
FROM [DoctorLeaves] AS [d]
WHERE [d].[DoctorId] = @doctorId
2026-07-11 15:34:59.139 +05:30 [INF] Executing OkObjectResult, writing value of type 'HealthCare.Shared.DTOs.Doctor.DoctorDashboardSummaryDto'.
2026-07-11 15:34:59.149 +05:30 [INF] Executed action HealthCare.Api.Controllers.DoctorController.GetDashboardSummary (HealthCare.Api) in 352.4899ms
2026-07-11 15:34:59.154 +05:30 [INF] Executed endpoint 'HealthCare.Api.Controllers.DoctorController.GetDashboardSummary (HealthCare.Api)'
2026-07-11 15:34:59.159 +05:30 [INF] API Request: GET /api/doctors/dashboard-summary responded 200
2026-07-11 15:34:59.165 +05:30 [INF] Request finished HTTP/2 GET https://localhost:7234/api/doctors/dashboard-summary - 200 null application/json; charset=utf-8 653.0232ms
2026-07-11 15:37:30.923 +05:30 [INF] Request starting HTTP/2 OPTIONS https://localhost:7234/api/auth/login - null null
2026-07-11 15:37:30.932 +05:30 [INF] CORS policy execution successful.
2026-07-11 15:37:30.934 +05:30 [INF] API Request: OPTIONS /api/auth/login responded 204
2026-07-11 15:37:30.938 +05:30 [INF] Request finished HTTP/2 OPTIONS https://localhost:7234/api/auth/login - 204 null null 15.5744ms
2026-07-11 15:37:30.941 +05:30 [INF] Request starting HTTP/2 POST https://localhost:7234/api/auth/login - application/json 51
2026-07-11 15:37:30.955 +05:30 [INF] CORS policy execution successful.
2026-07-11 15:37:30.967 +05:30 [INF] Executing endpoint 'HealthCare.Api.Controllers.AuthController.Login (HealthCare.Api)'
2026-07-11 15:37:30.971 +05:30 [INF] Route matched with {action = "Login", controller = "Auth"}. Executing controller action with signature System.Threading.Tasks.Task`1[Microsoft.AspNetCore.Mvc.IActionResult] Login(HealthCare.Api.DTOs.Auth.LoginDto) on controller HealthCare.Api.Controllers.AuthController (HealthCare.Api).
2026-07-11 15:37:31.013 +05:30 [INF] Executed DbCommand (18ms) [Parameters=[@normalizedEmail='?' (Size = 256)], CommandType='"Text"', CommandTimeout='30']
SELECT TOP(2) [a].[Id], [a].[AccessFailedCount], [a].[ConcurrencyStamp], [a].[Discriminator], [a].[Email], [a].[EmailConfirmed], [a].[LockoutEnabled], [a].[LockoutEnd], [a].[NormalizedEmail], [a].[NormalizedUserName], [a].[PasswordHash], [a].[PhoneNumber], [a].[PhoneNumberConfirmed], [a].[SecurityStamp], [a].[TwoFactorEnabled], [a].[UserName]
FROM [AspNetUsers] AS [a]
WHERE [a].[Discriminator] = N'User' AND [a].[NormalizedEmail] = @normalizedEmail
2026-07-11 15:37:31.274 +05:30 [INF] Executed DbCommand (34ms) [Parameters=[@userId='?' (Size = 450)], CommandType='"Text"', CommandTimeout='30']
SELECT [a0].[Name]
FROM [AspNetUserRoles] AS [a]
INNER JOIN [AspNetRoles] AS [a0] ON [a].[RoleId] = [a0].[Id]
WHERE [a].[UserId] = @userId
2026-07-11 15:37:31.316 +05:30 [INF] Executed DbCommand (10ms) [Parameters=[@userId='?' (Size = 450)], CommandType='"Text"', CommandTimeout='30']
SELECT TOP(1) [p].[PatientId], [p].[CreatedDate], [p].[DateOfBirth], [p].[FullName], [p].[Gender], [p].[InsuranceId], [p].[IsActive], [p].[PhoneNumber], [p].[UserId]
FROM [Patients] AS [p]
WHERE [p].[UserId] = @userId
2026-07-11 15:37:31.370 +05:30 [INF] Executed DbCommand (1ms) [Parameters=[@userId='?' (Size = 450)], CommandType='"Text"', CommandTimeout='30']
SELECT [a0].[Name]
FROM [AspNetUserRoles] AS [a]
INNER JOIN [AspNetRoles] AS [a0] ON [a].[RoleId] = [a0].[Id]
WHERE [a].[UserId] = @userId
2026-07-11 15:37:31.379 +05:30 [INF] Executing OkObjectResult, writing value of type 'HealthCare.Api.DTOs.Auth.AuthResponseDto'.
2026-07-11 15:37:31.382 +05:30 [INF] Executed action HealthCare.Api.Controllers.AuthController.Login (HealthCare.Api) in 404.8257ms
2026-07-11 15:37:31.385 +05:30 [INF] Executed endpoint 'HealthCare.Api.Controllers.AuthController.Login (HealthCare.Api)'
2026-07-11 15:37:31.388 +05:30 [INF] API Request: POST /api/auth/login responded 200
2026-07-11 15:37:31.392 +05:30 [INF] Request finished HTTP/2 POST https://localhost:7234/api/auth/login - 200 null application/json; charset=utf-8 450.8584ms
2026-07-11 15:37:31.736 +05:30 [INF] Request starting HTTP/2 OPTIONS https://localhost:7234/api/appointments/patient/upcoming - null null
2026-07-11 15:37:31.736 +05:30 [INF] Request starting HTTP/2 OPTIONS https://localhost:7234/api/records/my-records - null null
2026-07-11 15:37:31.746 +05:30 [INF] CORS policy execution successful.
2026-07-11 15:37:31.751 +05:30 [INF] CORS policy execution successful.
2026-07-11 15:37:31.753 +05:30 [INF] API Request: OPTIONS /api/appointments/patient/upcoming responded 204
2026-07-11 15:37:31.756 +05:30 [INF] API Request: OPTIONS /api/records/my-records responded 204
2026-07-11 15:37:31.760 +05:30 [INF] Request finished HTTP/2 OPTIONS https://localhost:7234/api/appointments/patient/upcoming - 204 null null 23.7241ms
2026-07-11 15:37:31.762 +05:30 [INF] Request finished HTTP/2 OPTIONS https://localhost:7234/api/records/my-records - 204 null null 25.7354ms
2026-07-11 15:37:31.766 +05:30 [INF] Request starting HTTP/2 GET https://localhost:7234/api/appointments/patient/upcoming - null null
2026-07-11 15:37:31.767 +05:30 [INF] Request starting HTTP/2 GET https://localhost:7234/api/records/my-records - null null
2026-07-11 15:37:31.790 +05:30 [INF] CORS policy execution successful.
2026-07-11 15:37:31.794 +05:30 [INF] CORS policy execution successful.
2026-07-11 15:37:31.801 +05:30 [INF] Executing endpoint 'HealthCare.Api.Controllers.HealthRecordController.GetHealthRecordByPatient (HealthCare.Api)'
2026-07-11 15:37:31.801 +05:30 [INF] Executing endpoint 'HealthCare.Api.Controllers.AppointmentController.GetAppointmentByPatient (HealthCare.Api)'
2026-07-11 15:37:31.822 +05:30 [INF] Route matched with {action = "GetHealthRecordByPatient", controller = "HealthRecord"}. Executing controller action with signature System.Threading.Tasks.Task`1[Microsoft.AspNetCore.Mvc.IActionResult] GetHealthRecordByPatient() on controller HealthCare.Api.Controllers.HealthRecordController (HealthCare.Api).
2026-07-11 15:37:31.823 +05:30 [INF] Route matched with {action = "GetAppointmentByPatient", controller = "Appointment"}. Executing controller action with signature System.Threading.Tasks.Task`1[Microsoft.AspNetCore.Mvc.IActionResult] GetAppointmentByPatient() on controller HealthCare.Api.Controllers.AppointmentController (HealthCare.Api).
2026-07-11 15:37:31.902 +05:30 [INF] Executed DbCommand (18ms) [Parameters=[@id='?' (DbType = Int32)], CommandType='"Text"', CommandTimeout='30']
SELECT [h].[RecordId], [p].[FullName] AS [PatientName], [d].[FullName] AS [DoctorName], [h].[VisitDate], [h].[Diagnosis], [h].[Prescription], [h].[Notes]
FROM [HealthRecords] AS [h]
INNER JOIN [Patients] AS [p] ON [h].[PatientId] = [p].[PatientId]
INNER JOIN [Doctors] AS [d] ON [h].[DoctorId] = [d].[DoctorId]
WHERE [h].[PatientId] = @id
2026-07-11 15:37:31.913 +05:30 [INF] Executing OkObjectResult, writing value of type 'System.Collections.Generic.List`1[[HealthCare.Api.DTOs.HealthRecord.HealthRecordListDto, HealthCare.Shared, Version=1.0.0.0, Culture=neutral, PublicKeyToken=null]]'.
2026-07-11 15:37:31.934 +05:30 [INF] Executed action HealthCare.Api.Controllers.HealthRecordController.GetHealthRecordByPatient (HealthCare.Api) in 106.1901ms
2026-07-11 15:37:31.938 +05:30 [INF] Executed endpoint 'HealthCare.Api.Controllers.HealthRecordController.GetHealthRecordByPatient (HealthCare.Api)'
2026-07-11 15:37:31.943 +05:30 [INF] API Request: GET /api/records/my-records responded 200
2026-07-11 15:37:31.947 +05:30 [INF] Request finished HTTP/2 GET https://localhost:7234/api/records/my-records - 200 null application/json; charset=utf-8 179.7954ms
2026-07-11 15:37:32.483 +05:30 [INF] Executed DbCommand (51ms) [Parameters=[@id='?' (DbType = Int32)], CommandType='"Text"', CommandTimeout='30']
SELECT [a].[AppointmentId], [a].[PatientId], [p].[FullName] AS [PatientName], [d].[FullName] AS [DoctorName], [a].[ScheduledDate], [a].[TimeSlot], [a].[Status]
FROM [Appointments] AS [a]
INNER JOIN [Patients] AS [p] ON [a].[PatientId] = [p].[PatientId]
INNER JOIN [Doctors] AS [d] ON [a].[DoctorId] = [d].[DoctorId]
WHERE [a].[PatientId] = @id AND [a].[ScheduledDate] >= CAST(CONVERT(date, GETDATE()) AS date)
2026-07-11 15:37:32.495 +05:30 [INF] Executing OkObjectResult, writing value of type 'System.Collections.Generic.List`1[[HealthCare.Api.DTOs.Appointment.AppointmentListDto, HealthCare.Shared, Version=1.0.0.0, Culture=neutral, PublicKeyToken=null]]'.
2026-07-11 15:37:32.519 +05:30 [INF] Executed action HealthCare.Api.Controllers.AppointmentController.GetAppointmentByPatient (HealthCare.Api) in 686.947ms
2026-07-11 15:37:32.522 +05:30 [INF] Executed endpoint 'HealthCare.Api.Controllers.AppointmentController.GetAppointmentByPatient (HealthCare.Api)'
2026-07-11 15:37:32.525 +05:30 [INF] API Request: GET /api/appointments/patient/upcoming responded 200
2026-07-11 15:37:32.530 +05:30 [INF] Request finished HTTP/2 GET https://localhost:7234/api/appointments/patient/upcoming - 200 null application/json; charset=utf-8 764.6869ms
2026-07-11 15:37:47.726 +05:30 [INF] Request starting HTTP/2 OPTIONS https://localhost:7234/api/doctors/available?specialisation=Orthopedic&date=2026-07-18 - null null
2026-07-11 15:37:47.736 +05:30 [INF] CORS policy execution successful.
2026-07-11 15:37:47.738 +05:30 [INF] API Request: OPTIONS /api/doctors/available responded 204
2026-07-11 15:37:47.744 +05:30 [INF] Request finished HTTP/2 OPTIONS https://localhost:7234/api/doctors/available?specialisation=Orthopedic&date=2026-07-18 - 204 null null 17.4587ms
2026-07-11 15:37:47.748 +05:30 [INF] Request starting HTTP/2 GET https://localhost:7234/api/doctors/available?specialisation=Orthopedic&date=2026-07-18 - null null
2026-07-11 15:37:47.761 +05:30 [INF] CORS policy execution successful.
2026-07-11 15:37:47.775 +05:30 [INF] Executing endpoint 'HealthCare.Api.Controllers.DoctorController.GetAvailableDoctors (HealthCare.Api)'
2026-07-11 15:37:47.802 +05:30 [INF] Route matched with {action = "GetAvailableDoctors", controller = "Doctor"}. Executing controller action with signature System.Threading.Tasks.Task`1[Microsoft.AspNetCore.Mvc.IActionResult] GetAvailableDoctors(System.String, System.DateOnly) on controller HealthCare.Api.Controllers.DoctorController (HealthCare.Api).
2026-07-11 15:38:02.230 +05:30 [INF] Executed action HealthCare.Api.Controllers.DoctorController.GetAvailableDoctors (HealthCare.Api) in 14422.9591ms
2026-07-11 15:38:02.235 +05:30 [INF] Executed endpoint 'HealthCare.Api.Controllers.DoctorController.GetAvailableDoctors (HealthCare.Api)'
2026-07-11 15:38:02.248 +05:30 [ERR] Exception occurred while processing GET /api/doctors/available
StackExchange.Redis.RedisConnectionException: The message timed out in the backlog attempting to send because no connection became available (5000ms) - Last Connection Exception: It was not possible to connect to the redis server(s). ConnectTimeout, command=HMGET, timeout: 5000, inst: 0, qu: 0, qs: 0, aw: False, bw: CheckingForTimeout, rs: NotStarted, ws: Idle, in: 0, last-in: 0, cur-in: 0, sync-ops: 0, async-ops: 1, serverEndpoint: localhost:6379, conn-sec: n/a, aoc: 0, mc: 1/1/0, mgr: 10 of 10 available, clientName: 25012S3(SE.Redis-v2.7.27.49176), IOCP: (Busy=0,Free=1000,Min=1,Max=1000), WORKER: (Busy=0,Free=32767,Min=8,Max=32767), POOL: (Threads=5,QueuedItems=0,CompletedItems=1247,Timers=8), v: 2.7.27.49176 (Please take a look at this article for some common client-side issues that can cause timeouts: https://stackexchange.github.io/StackExchange.Redis/Timeouts)
 ---> StackExchange.Redis.RedisConnectionException: It was not possible to connect to the redis server(s). ConnectTimeout
   --- End of inner exception stack trace ---
   at Microsoft.Extensions.Caching.StackExchangeRedis.RedisCache.GetAndRefreshAsync(String key, Boolean getData, CancellationToken token)
   at Microsoft.Extensions.Caching.StackExchangeRedis.RedisCache.GetAsync(String key, CancellationToken token)
   at Microsoft.Extensions.Caching.Distributed.DistributedCacheExtensions.GetStringAsync(IDistributedCache cache, String key, CancellationToken token)
   at HealthCare.Api.Services.Implementations.DoctorService.AvailableDoctors(String specialisation, DateOnly date) in C:\Users\310508\source\repos\UST-Live-01\HealthCare\HealthCare.Api\Services\Implementations\DoctorService.cs:line 273
   at HealthCare.Api.Controllers.DoctorController.GetAvailableDoctors(String specialisation, DateOnly date) in C:\Users\310508\source\repos\UST-Live-01\HealthCare\HealthCare.Api\Controllers\DoctorController.cs:line 55
   at Microsoft.AspNetCore.Mvc.Infrastructure.ActionMethodExecutor.TaskOfIActionResultExecutor.Execute(ActionContext actionContext, IActionResultTypeMapper mapper, ObjectMethodExecutor executor, Object controller, Object[] arguments)
   at Microsoft.AspNetCore.Mvc.Infrastructure.ControllerActionInvoker.<InvokeActionMethodAsync>g__Awaited|12_0(ControllerActionInvoker invoker, ValueTask`1 actionResultValueTask)
   at Microsoft.AspNetCore.Mvc.Infrastructure.ControllerActionInvoker.<InvokeNextActionFilterAsync>g__Awaited|10_0(ControllerActionInvoker invoker, Task lastTask, State next, Scope scope, Object state, Boolean isCompleted)
   at Microsoft.AspNetCore.Mvc.Infrastructure.ControllerActionInvoker.Rethrow(ActionExecutedContextSealed context)
   at Microsoft.AspNetCore.Mvc.Infrastructure.ControllerActionInvoker.Next(State& next, Scope& scope, Object& state, Boolean& isCompleted)
   at Microsoft.AspNetCore.Mvc.Infrastructure.ControllerActionInvoker.<InvokeInnerFilterAsync>g__Awaited|13_0(ControllerActionInvoker invoker, Task lastTask, State next, Scope scope, Object state, Boolean isCompleted)
   at Microsoft.AspNetCore.Mvc.Infrastructure.ResourceInvoker.<InvokeFilterPipelineAsync>g__Awaited|20_0(ResourceInvoker invoker, Task lastTask, State next, Scope scope, Object state, Boolean isCompleted)
   at Microsoft.AspNetCore.Mvc.Infrastructure.ResourceInvoker.<InvokeAsync>g__Logged|17_1(ResourceInvoker invoker)
   at Microsoft.AspNetCore.Mvc.Infrastructure.ResourceInvoker.<InvokeAsync>g__Logged|17_1(ResourceInvoker invoker)
   at Microsoft.AspNetCore.Routing.EndpointMiddleware.<Invoke>g__AwaitRequestTask|7_0(Endpoint endpoint, Task requestTask, ILogger logger)
   at Microsoft.AspNetCore.Authorization.AuthorizationMiddleware.Invoke(HttpContext context)
   at Microsoft.AspNetCore.Authentication.AuthenticationMiddleware.Invoke(HttpContext context)
   at Swashbuckle.AspNetCore.SwaggerUI.SwaggerUIMiddleware.Invoke(HttpContext httpContext)
   at Swashbuckle.AspNetCore.Swagger.SwaggerMiddleware.Invoke(HttpContext httpContext, ISwaggerProvider swaggerProvider)
   at Program.<>c.<<<Main>$>b__0_8>d.MoveNext() in C:\Users\310508\source\repos\UST-Live-01\HealthCare\HealthCare.Api\Program.cs:line 175
--- End of stack trace from previous location ---
   at Microsoft.AspNetCore.Diagnostics.ExceptionHandlerMiddlewareImpl.<Invoke>g__Awaited|10_0(ExceptionHandlerMiddlewareImpl middleware, HttpContext context, Task task)
2026-07-11 15:38:02.316 +05:30 [INF] Request finished HTTP/2 GET https://localhost:7234/api/doctors/available?specialisation=Orthopedic&date=2026-07-18 - 500 null application/json; charset=utf-8 14568.4592ms
2026-07-11 15:39:28.029 +05:30 [INF] Request starting HTTP/2 OPTIONS https://localhost:7234/api/doctors/available?specialisation=Psychiatrist&date=2026-07-18 - null null
2026-07-11 15:39:28.037 +05:30 [INF] CORS policy execution successful.
2026-07-11 15:39:28.039 +05:30 [INF] API Request: OPTIONS /api/doctors/available responded 204
2026-07-11 15:39:28.044 +05:30 [INF] Request finished HTTP/2 OPTIONS https://localhost:7234/api/doctors/available?specialisation=Psychiatrist&date=2026-07-18 - 204 null null 15.3157ms
2026-07-11 15:39:28.047 +05:30 [INF] Request starting HTTP/2 GET https://localhost:7234/api/doctors/available?specialisation=Psychiatrist&date=2026-07-18 - null null
2026-07-11 15:39:28.062 +05:30 [INF] CORS policy execution successful.
2026-07-11 15:39:28.065 +05:30 [INF] Executing endpoint 'HealthCare.Api.Controllers.DoctorController.GetAvailableDoctors (HealthCare.Api)'
2026-07-11 15:39:28.069 +05:30 [INF] Route matched with {action = "GetAvailableDoctors", controller = "Doctor"}. Executing controller action with signature System.Threading.Tasks.Task`1[Microsoft.AspNetCore.Mvc.IActionResult] GetAvailableDoctors(System.String, System.DateOnly) on controller HealthCare.Api.Controllers.DoctorController (HealthCare.Api).
2026-07-11 15:39:28.105 +05:30 [INF] Cache MISS for key: doctors:available:psychiatrist:2026-07-18
2026-07-11 15:39:28.234 +05:30 [INF] Executed DbCommand (43ms) [Parameters=[@specialisation='?' (Size = 50), @date='?' (DbType = Date)], CommandType='"Text"', CommandTimeout='30']
SELECT [d].[DoctorId], [d].[FullName], [d].[Specialisation], [d].[ConsultationFee], [d].[IsActive]
FROM [Doctors] AS [d]
WHERE [d].[Specialisation] = @specialisation AND [d].[IsActive] = CAST(1 AS bit) AND NOT EXISTS (
    SELECT 1
    FROM [DoctorLeaves] AS [d0]
    WHERE [d].[DoctorId] = [d0].[DoctorId] AND [d0].[LeaveDate] = @date) AND EXISTS (
    SELECT 1
    FROM (
        SELECT [d1].[TimeSlot]
        FROM [DoctorAvailableSlots] AS [d1]
        WHERE [d].[DoctorId] = [d1].[DoctorId]
        EXCEPT
        SELECT [a].[TimeSlot]
        FROM [Appointments] AS [a]
        WHERE [d].[DoctorId] = [a].[DoctorId] AND [a].[ScheduledDate] = @date AND [a].[Status] <> N'Cancelled'
    ) AS [e])
2026-07-11 15:39:28.375 +05:30 [INF] Cache SET for key: doctors:available:psychiatrist:2026-07-18 with 5 minutes TTL
2026-07-11 15:39:28.379 +05:30 [INF] Executing OkObjectResult, writing value of type 'System.Collections.Generic.List`1[[HealthCare.Api.DTOs.Doctor.DoctorListDto, HealthCare.Shared, Version=1.0.0.0, Culture=neutral, PublicKeyToken=null]]'.
2026-07-11 15:39:28.386 +05:30 [INF] Executed action HealthCare.Api.Controllers.DoctorController.GetAvailableDoctors (HealthCare.Api) in 310.0358ms
2026-07-11 15:39:28.390 +05:30 [INF] Executed endpoint 'HealthCare.Api.Controllers.DoctorController.GetAvailableDoctors (HealthCare.Api)'
2026-07-11 15:39:28.394 +05:30 [INF] API Request: GET /api/doctors/available responded 200
2026-07-11 15:39:28.397 +05:30 [INF] Request finished HTTP/2 GET https://localhost:7234/api/doctors/available?specialisation=Psychiatrist&date=2026-07-18 - 200 null application/json; charset=utf-8 350.3916ms
2026-07-11 15:39:41.280 +05:30 [INF] Usage Telemetry: {"id":"0c320000-e56a-1944-c81f-08dedf33d240","created":"2026-07-11T15:34:39.6980689\u002B05:30","host":{"framework_version":"10.0.8","mass_transit_version":"8.5.10.0","operating_system_version":"Microsoft Windows NT 10.0.26200.0","time_zone_info":"(UTC\u002B05:30) Chennai, Kolkata, Mumbai, New Delhi","commit_hash":"62ab339afa3bac2e9b3fe1769d0d35d7e44778e9"},"bus":[{"created":"2026-07-11T15:34:39.7056665\u002B05:30","configured":"2026-07-11T15:34:40.2217963\u002B05:30","started":"2026-07-11T15:34:41.2048793\u002B05:30","name":"IBus","endpoints":[{"name":"appointment.events.queue","type":"RabbitMQ","prefetch_count":16,"consumer_count":1,"message_count":1},{"name":"_bus_","type":"RabbitMQ","prefetch_count":16}]}]}
2026-07-11 15:41:16.938 +05:30 [INF] Request starting HTTP/2 OPTIONS https://localhost:7234/api/appointments/available-slots?date=2026-07-18&doctorId=4 - null null
2026-07-11 15:41:16.947 +05:30 [INF] CORS policy execution successful.
2026-07-11 15:41:16.949 +05:30 [INF] API Request: OPTIONS /api/appointments/available-slots responded 204
2026-07-11 15:41:16.953 +05:30 [INF] Request finished HTTP/2 OPTIONS https://localhost:7234/api/appointments/available-slots?date=2026-07-18&doctorId=4 - 204 null null 15.0157ms
2026-07-11 15:41:16.959 +05:30 [INF] Request starting HTTP/2 GET https://localhost:7234/api/appointments/available-slots?date=2026-07-18&doctorId=4 - null null
2026-07-11 15:41:16.977 +05:30 [INF] CORS policy execution successful.
2026-07-11 15:41:16.981 +05:30 [INF] Executing endpoint 'HealthCare.Api.Controllers.AppointmentController.GetAvailableTimeSlots (HealthCare.Api)'
2026-07-11 15:41:17.000 +05:30 [INF] Route matched with {action = "GetAvailableTimeSlots", controller = "Appointment"}. Executing controller action with signature System.Threading.Tasks.Task`1[Microsoft.AspNetCore.Mvc.IActionResult] GetAvailableTimeSlots(System.DateOnly, Int32) on controller HealthCare.Api.Controllers.AppointmentController (HealthCare.Api).
2026-07-11 15:41:17.037 +05:30 [INF] Executed DbCommand (5ms) [Parameters=[@doctorId='?' (DbType = Int32)], CommandType='"Text"', CommandTimeout='30']
SELECT [d].[TimeSlot]
FROM [DoctorAvailableSlots] AS [d]
WHERE [d].[DoctorId] = @doctorId
2026-07-11 15:41:17.067 +05:30 [INF] Executed DbCommand (8ms) [Parameters=[@date='?' (DbType = Date), @doctorId='?' (DbType = Int32)], CommandType='"Text"', CommandTimeout='30']
SELECT [a].[TimeSlot]
FROM [Appointments] AS [a]
WHERE [a].[ScheduledDate] = @date AND [a].[DoctorId] = @doctorId AND [a].[Status] <> N'Cancelled'
2026-07-11 15:41:17.076 +05:30 [INF] Executing OkObjectResult, writing value of type 'System.Collections.Generic.List`1[[System.String, System.Private.CoreLib, Version=10.0.0.0, Culture=neutral, PublicKeyToken=7cec85d7bea7798e]]'.
2026-07-11 15:41:17.082 +05:30 [INF] Executed action HealthCare.Api.Controllers.AppointmentController.GetAvailableTimeSlots (HealthCare.Api) in 75.1113ms
2026-07-11 15:41:17.087 +05:30 [INF] Executed endpoint 'HealthCare.Api.Controllers.AppointmentController.GetAvailableTimeSlots (HealthCare.Api)'
2026-07-11 15:41:17.090 +05:30 [INF] API Request: GET /api/appointments/available-slots responded 200
2026-07-11 15:41:17.095 +05:30 [INF] Request finished HTTP/2 GET https://localhost:7234/api/appointments/available-slots?date=2026-07-18&doctorId=4 - 200 null application/json; charset=utf-8 136.7166ms
2026-07-11 15:43:40.985 +05:30 [INF] Request starting HTTP/2 OPTIONS https://localhost:7234/api/appointments/patient/upcoming - null null
2026-07-11 15:43:41.008 +05:30 [INF] CORS policy execution successful.
2026-07-11 15:43:41.013 +05:30 [INF] API Request: OPTIONS /api/appointments/patient/upcoming responded 204
2026-07-11 15:43:41.019 +05:30 [INF] Request finished HTTP/2 OPTIONS https://localhost:7234/api/appointments/patient/upcoming - 204 null null 33.2151ms
2026-07-11 15:43:41.023 +05:30 [INF] Request starting HTTP/2 GET https://localhost:7234/api/appointments/patient/upcoming - null null
2026-07-11 15:43:41.041 +05:30 [INF] CORS policy execution successful.
2026-07-11 15:43:41.045 +05:30 [INF] Executing endpoint 'HealthCare.Api.Controllers.AppointmentController.GetAppointmentByPatient (HealthCare.Api)'
2026-07-11 15:43:41.048 +05:30 [INF] Route matched with {action = "GetAppointmentByPatient", controller = "Appointment"}. Executing controller action with signature System.Threading.Tasks.Task`1[Microsoft.AspNetCore.Mvc.IActionResult] GetAppointmentByPatient() on controller HealthCare.Api.Controllers.AppointmentController (HealthCare.Api).
2026-07-11 15:43:41.081 +05:30 [INF] Executed DbCommand (2ms) [Parameters=[@id='?' (DbType = Int32)], CommandType='"Text"', CommandTimeout='30']
SELECT [a].[AppointmentId], [a].[PatientId], [p].[FullName] AS [PatientName], [d].[FullName] AS [DoctorName], [a].[ScheduledDate], [a].[TimeSlot], [a].[Status]
FROM [Appointments] AS [a]
INNER JOIN [Patients] AS [p] ON [a].[PatientId] = [p].[PatientId]
INNER JOIN [Doctors] AS [d] ON [a].[DoctorId] = [d].[DoctorId]
WHERE [a].[PatientId] = @id AND [a].[ScheduledDate] >= CAST(CONVERT(date, GETDATE()) AS date)
2026-07-11 15:43:41.090 +05:30 [INF] Executing OkObjectResult, writing value of type 'System.Collections.Generic.List`1[[HealthCare.Api.DTOs.Appointment.AppointmentListDto, HealthCare.Shared, Version=1.0.0.0, Culture=neutral, PublicKeyToken=null]]'.
2026-07-11 15:43:41.095 +05:30 [INF] Executed action HealthCare.Api.Controllers.AppointmentController.GetAppointmentByPatient (HealthCare.Api) in 41.9252ms
2026-07-11 15:43:41.099 +05:30 [INF] Executed endpoint 'HealthCare.Api.Controllers.AppointmentController.GetAppointmentByPatient (HealthCare.Api)'
2026-07-11 15:43:41.103 +05:30 [INF] API Request: GET /api/appointments/patient/upcoming responded 200
2026-07-11 15:43:41.107 +05:30 [INF] Request finished HTTP/2 GET https://localhost:7234/api/appointments/patient/upcoming - 200 null application/json; charset=utf-8 84.1434ms
2026-07-11 15:44:01.084 +05:30 [INF] Request starting HTTP/2 OPTIONS https://localhost:7234/api/doctors/available?specialisation=Cardiologist&date=2026-07-12 - null null
2026-07-11 15:44:01.091 +05:30 [INF] CORS policy execution successful.
2026-07-11 15:44:01.094 +05:30 [INF] API Request: OPTIONS /api/doctors/available responded 204
2026-07-11 15:44:01.098 +05:30 [INF] Request finished HTTP/2 OPTIONS https://localhost:7234/api/doctors/available?specialisation=Cardiologist&date=2026-07-12 - 204 null null 14.6833ms
2026-07-11 15:44:01.102 +05:30 [INF] Request starting HTTP/2 GET https://localhost:7234/api/doctors/available?specialisation=Cardiologist&date=2026-07-12 - null null
2026-07-11 15:44:01.118 +05:30 [INF] CORS policy execution successful.
2026-07-11 15:44:01.121 +05:30 [INF] Executing endpoint 'HealthCare.Api.Controllers.DoctorController.GetAvailableDoctors (HealthCare.Api)'
2026-07-11 15:44:01.126 +05:30 [INF] Route matched with {action = "GetAvailableDoctors", controller = "Doctor"}. Executing controller action with signature System.Threading.Tasks.Task`1[Microsoft.AspNetCore.Mvc.IActionResult] GetAvailableDoctors(System.String, System.DateOnly) on controller HealthCare.Api.Controllers.DoctorController (HealthCare.Api).
2026-07-11 15:44:01.142 +05:30 [INF] Cache MISS for key: doctors:available:cardiologist:2026-07-12
2026-07-11 15:44:01.147 +05:30 [INF] Executed DbCommand (1ms) [Parameters=[@specialisation='?' (Size = 50), @date='?' (DbType = Date)], CommandType='"Text"', CommandTimeout='30']
SELECT [d].[DoctorId], [d].[FullName], [d].[Specialisation], [d].[ConsultationFee], [d].[IsActive]
FROM [Doctors] AS [d]
WHERE [d].[Specialisation] = @specialisation AND [d].[IsActive] = CAST(1 AS bit) AND NOT EXISTS (
    SELECT 1
    FROM [DoctorLeaves] AS [d0]
    WHERE [d].[DoctorId] = [d0].[DoctorId] AND [d0].[LeaveDate] = @date) AND EXISTS (
    SELECT 1
    FROM (
        SELECT [d1].[TimeSlot]
        FROM [DoctorAvailableSlots] AS [d1]
        WHERE [d].[DoctorId] = [d1].[DoctorId]
        EXCEPT
        SELECT [a].[TimeSlot]
        FROM [Appointments] AS [a]
        WHERE [d].[DoctorId] = [a].[DoctorId] AND [a].[ScheduledDate] = @date AND [a].[Status] <> N'Cancelled'
    ) AS [e])
2026-07-11 15:44:01.155 +05:30 [INF] Cache SET for key: doctors:available:cardiologist:2026-07-12 with 5 minutes TTL
2026-07-11 15:44:01.159 +05:30 [INF] Executing OkObjectResult, writing value of type 'System.Collections.Generic.List`1[[HealthCare.Api.DTOs.Doctor.DoctorListDto, HealthCare.Shared, Version=1.0.0.0, Culture=neutral, PublicKeyToken=null]]'.
2026-07-11 15:44:01.163 +05:30 [INF] Executed action HealthCare.Api.Controllers.DoctorController.GetAvailableDoctors (HealthCare.Api) in 31.0742ms
2026-07-11 15:44:01.167 +05:30 [INF] Executed endpoint 'HealthCare.Api.Controllers.DoctorController.GetAvailableDoctors (HealthCare.Api)'
2026-07-11 15:44:01.170 +05:30 [INF] API Request: GET /api/doctors/available responded 200
2026-07-11 15:44:01.175 +05:30 [INF] Request finished HTTP/2 GET https://localhost:7234/api/doctors/available?specialisation=Cardiologist&date=2026-07-12 - 200 null application/json; charset=utf-8 72.1859ms
2026-07-11 15:44:03.407 +05:30 [INF] Request starting HTTP/2 OPTIONS https://localhost:7234/api/appointments/available-slots?date=2026-07-12&doctorId=3 - null null
2026-07-11 15:44:03.414 +05:30 [INF] CORS policy execution successful.
2026-07-11 15:44:03.417 +05:30 [INF] API Request: OPTIONS /api/appointments/available-slots responded 204
2026-07-11 15:44:03.423 +05:30 [INF] Request finished HTTP/2 OPTIONS https://localhost:7234/api/appointments/available-slots?date=2026-07-12&doctorId=3 - 204 null null 15.8684ms
2026-07-11 15:44:03.427 +05:30 [INF] Request starting HTTP/2 GET https://localhost:7234/api/appointments/available-slots?date=2026-07-12&doctorId=3 - null null
2026-07-11 15:44:03.442 +05:30 [INF] CORS policy execution successful.
2026-07-11 15:44:03.445 +05:30 [INF] Executing endpoint 'HealthCare.Api.Controllers.AppointmentController.GetAvailableTimeSlots (HealthCare.Api)'
2026-07-11 15:44:03.448 +05:30 [INF] Route matched with {action = "GetAvailableTimeSlots", controller = "Appointment"}. Executing controller action with signature System.Threading.Tasks.Task`1[Microsoft.AspNetCore.Mvc.IActionResult] GetAvailableTimeSlots(System.DateOnly, Int32) on controller HealthCare.Api.Controllers.AppointmentController (HealthCare.Api).
2026-07-11 15:44:03.456 +05:30 [INF] Executed DbCommand (1ms) [Parameters=[@doctorId='?' (DbType = Int32)], CommandType='"Text"', CommandTimeout='30']
SELECT [d].[TimeSlot]
FROM [DoctorAvailableSlots] AS [d]
WHERE [d].[DoctorId] = @doctorId
2026-07-11 15:44:03.466 +05:30 [INF] Executed DbCommand (1ms) [Parameters=[@date='?' (DbType = Date), @doctorId='?' (DbType = Int32)], CommandType='"Text"', CommandTimeout='30']
SELECT [a].[TimeSlot]
FROM [Appointments] AS [a]
WHERE [a].[ScheduledDate] = @date AND [a].[DoctorId] = @doctorId AND [a].[Status] <> N'Cancelled'
2026-07-11 15:44:03.471 +05:30 [INF] Executing OkObjectResult, writing value of type 'System.Collections.Generic.List`1[[System.String, System.Private.CoreLib, Version=10.0.0.0, Culture=neutral, PublicKeyToken=7cec85d7bea7798e]]'.
2026-07-11 15:44:03.477 +05:30 [INF] Executed action HealthCare.Api.Controllers.AppointmentController.GetAvailableTimeSlots (HealthCare.Api) in 25.0149ms
2026-07-11 15:44:03.481 +05:30 [INF] Executed endpoint 'HealthCare.Api.Controllers.AppointmentController.GetAvailableTimeSlots (HealthCare.Api)'
2026-07-11 15:44:03.484 +05:30 [INF] API Request: GET /api/appointments/available-slots responded 200
2026-07-11 15:44:03.488 +05:30 [INF] Request finished HTTP/2 GET https://localhost:7234/api/appointments/available-slots?date=2026-07-12&doctorId=3 - 200 null application/json; charset=utf-8 60.8385ms
2026-07-11 15:44:08.582 +05:30 [INF] Request starting HTTP/2 OPTIONS https://localhost:7234/api/appointments/book - null null
2026-07-11 15:44:08.589 +05:30 [INF] CORS policy execution successful.
2026-07-11 15:44:08.592 +05:30 [INF] API Request: OPTIONS /api/appointments/book responded 204
2026-07-11 15:44:08.595 +05:30 [INF] Request finished HTTP/2 OPTIONS https://localhost:7234/api/appointments/book - 204 null null 13.3551ms
2026-07-11 15:44:08.598 +05:30 [INF] Request starting HTTP/2 POST https://localhost:7234/api/appointments/book - application/json 64
2026-07-11 15:44:08.611 +05:30 [INF] CORS policy execution successful.
2026-07-11 15:44:08.614 +05:30 [INF] Executing endpoint 'HealthCare.Api.Controllers.AppointmentController.BookAppointment (HealthCare.Api)'
2026-07-11 15:44:08.638 +05:30 [INF] Route matched with {action = "BookAppointment", controller = "Appointment"}. Executing controller action with signature System.Threading.Tasks.Task`1[Microsoft.AspNetCore.Mvc.IActionResult] BookAppointment(HealthCare.Shared.DTOs.Appointment.CreateAppointmentDto) on controller HealthCare.Api.Controllers.AppointmentController (HealthCare.Api).
2026-07-11 15:44:08.724 +05:30 [INF] Executed DbCommand (9ms) [Parameters=[@date='?' (DbType = Date), @doctorId='?' (DbType = Int32), @timeSlot='?' (Size = 20)], CommandType='"Text"', CommandTimeout='30']
SELECT CASE
    WHEN EXISTS (
        SELECT 1
        FROM [Appointments] AS [a]
        WHERE [a].[ScheduledDate] = @date AND [a].[DoctorId] = @doctorId AND [a].[TimeSlot] = @timeSlot AND [a].[Status] <> N'Cancelled') THEN CAST(1 AS bit)
    ELSE CAST(0 AS bit)
END
2026-07-11 15:44:09.236 +05:30 [INF] Executed DbCommand (51ms) [Parameters=[@p0='?' (Size = 500), @p1='?' (DbType = DateTimeOffset), @p2='?' (DbType = Int32), @p3='?' (DbType = Int32), @p4='?' (DbType = Date), @p5='?' (Size = 20), @p6='?' (Size = 20)], CommandType='"Text"', CommandTimeout='30']
SET IMPLICIT_TRANSACTIONS OFF;
SET NOCOUNT ON;
INSERT INTO [Appointments] ([CancellationReason], [CreatedDate], [DoctorId], [PatientId], [ScheduledDate], [Status], [TimeSlot])
OUTPUT INSERTED.[AppointmentId]
VALUES (@p0, @p1, @p2, @p3, @p4, @p5, @p6);
2026-07-11 15:44:09.315 +05:30 [INF] Appointment booked: AppointmentId 1022
2026-07-11 15:44:09.336 +05:30 [INF] Executed DbCommand (5ms) [Parameters=[@patientId='?' (DbType = Int32)], CommandType='"Text"', CommandTimeout='30']
SELECT TOP(1) [p].[PatientId], [p].[CreatedDate], [p].[DateOfBirth], [p].[FullName], [p].[Gender], [p].[InsuranceId], [p].[IsActive], [p].[PhoneNumber], [p].[UserId]
FROM [Patients] AS [p]
WHERE [p].[PatientId] = @patientId
2026-07-11 15:44:09.784 +05:30 [INF] AppointmentBookedEvent published. AppointmentId: 1022, DoctorId: 3
2026-07-11 15:44:09.789 +05:30 [INF] Executing OkObjectResult, writing value of type '<>f__AnonymousType0`1[[System.String, System.Private.CoreLib, Version=10.0.0.0, Culture=neutral, PublicKeyToken=7cec85d7bea7798e]]'.
2026-07-11 15:44:09.797 +05:30 [INF] Executed action HealthCare.Api.Controllers.AppointmentController.BookAppointment (HealthCare.Api) in 1152.9569ms
2026-07-11 15:44:09.801 +05:30 [INF] Executed endpoint 'HealthCare.Api.Controllers.AppointmentController.BookAppointment (HealthCare.Api)'
2026-07-11 15:44:09.804 +05:30 [INF] API Request: POST /api/appointments/book responded 200
2026-07-11 15:44:09.808 +05:30 [INF] Request finished HTTP/2 POST https://localhost:7234/api/appointments/book - 200 null application/json; charset=utf-8 1210.3511ms
2026-07-11 15:44:09.878 +05:30 [INF] Received AppointmentBookedEvent. AppointmentId=1022
2026-07-11 15:44:09.962 +05:30 [INF] Executed DbCommand (10ms) [Parameters=[@p0='?' (DbType = DateTime2), @p1='?' (DbType = Int32), @p2='?' (DbType = Boolean), @p3='?' (Size = 500)], CommandType='"Text"', CommandTimeout='30']
SET IMPLICIT_TRANSACTIONS OFF;
SET NOCOUNT ON;
INSERT INTO [Notifications] ([CreatedAtUtc], [DoctorId], [IsRead], [Message])
OUTPUT INSERTED.[NotificationId]
VALUES (@p0, @p1, @p2, @p3);
2026-07-11 15:44:09.975 +05:30 [INF] Notification created for DoctorId 3 from AppointmentId 1022
